<6>[    0.000000] Initializing cgroup subsys cpuset
<6>[    0.000000] Initializing cgroup subsys cpu
<6>[    0.000000] Initializing cgroup subsys cpuacct
<5>[    0.000000] Linux version 3.14.37-x86_64-L1-R517 (dell@build) (gcc version 4.8 (GCC) ) #1 SMP PREEMPT Wed May 3 11:27:40 CST 2017
<6>[    0.000000] Command line: console=tty0 shutdown_reason=no_applicable androidboot.bootreason=power_button_pressed androidboot.serialno=Default0string g_ffs.iSerialNumber=Default0string loglevel=5 androidboot.hardware=cht_cr_mrd firmware_class.path=/system/etc/firmware i915.fastboot=1 memmap=4M$0x5c400000 vga=current i915.modeset=1 drm.vblankoffdelay=1 console=ttyS0,115200n8 bootboost=1 pm_suspend_debug=1 pstore.backend=ramoops
<6>[    0.000000] e820: BIOS-provided physical RAM map:
<6>[    0.000000] BIOS-e820: [mem 0x0000000000000000-0x000000000008efff] usable
<6>[    0.000000] BIOS-e820: [mem 0x000000000008f000-0x000000000008ffff] ACPI NVS
<6>[    0.000000] BIOS-e820: [mem 0x0000000000090000-0x000000000009dfff] usable
<6>[    0.000000] BIOS-e820: [mem 0x000000000009e000-0x000000000009ffff] reserved
<6>[    0.000000] BIOS-e820: [mem 0x0000000000100000-0x000000001effffff] usable
<6>[    0.000000] BIOS-e820: [mem 0x000000001f000000-0x00000000201fffff] reserved
<6>[    0.000000] BIOS-e820: [mem 0x0000000020200000-0x000000007b011fff] usable
<6>[    0.000000] BIOS-e820: [mem 0x000000007b012000-0x000000007b041fff] reserved
<6>[    0.000000] BIOS-e820: [mem 0x000000007b042000-0x000000007b06ffff] ACPI data
<6>[    0.000000] BIOS-e820: [mem 0x000000007b070000-0x000000007b70ffff] ACPI NVS
<6>[    0.000000] BIOS-e820: [mem 0x000000007b710000-0x000000007ba38fff] reserved
<6>[    0.000000] BIOS-e820: [mem 0x000000007ba39000-0x000000007bffffff] usable
<6>[    0.000000] BIOS-e820: [mem 0x00000000e0000000-0x00000000e3ffffff] reserved
<6>[    0.000000] BIOS-e820: [mem 0x00000000fea00000-0x00000000feafffff] reserved
<6>[    0.000000] BIOS-e820: [mem 0x00000000fec00000-0x00000000fec00fff] reserved
<6>[    0.000000] BIOS-e820: [mem 0x00000000fed01000-0x00000000fed01fff] reserved
<6>[    0.000000] BIOS-e820: [mem 0x00000000fed03000-0x00000000fed03fff] reserved
<6>[    0.000000] BIOS-e820: [mem 0x00000000fed06000-0x00000000fed06fff] reserved
<6>[    0.000000] BIOS-e820: [mem 0x00000000fed08000-0x00000000fed09fff] reserved
<6>[    0.000000] BIOS-e820: [mem 0x00000000fed1c000-0x00000000fed1cfff] reserved
<6>[    0.000000] BIOS-e820: [mem 0x00000000fed80000-0x00000000fedbffff] reserved
<6>[    0.000000] BIOS-e820: [mem 0x00000000fee00000-0x00000000fee00fff] reserved
<6>[    0.000000] BIOS-e820: [mem 0x00000000ffb80000-0x00000000ffffffff] reserved
<6>[    0.000000] NX (Execute Disable) protection: active
<6>[    0.000000] e820: user-defined physical RAM map:
<6>[    0.000000] user: [mem 0x0000000000000000-0x000000000008efff] usable
<6>[    0.000000] user: [mem 0x000000000008f000-0x000000000008ffff] ACPI NVS
<6>[    0.000000] user: [mem 0x0000000000090000-0x000000000009dfff] usable
<6>[    0.000000] user: [mem 0x000000000009e000-0x000000000009ffff] reserved
<6>[    0.000000] user: [mem 0x0000000000100000-0x000000001effffff] usable
<6>[    0.000000] user: [mem 0x000000001f000000-0x00000000201fffff] reserved
<6>[    0.000000] user: [mem 0x0000000020200000-0x000000005c3fffff] usable
<6>[    0.000000] user: [mem 0x000000005c400000-0x000000005c7fffff] reserved
<6>[    0.000000] user: [mem 0x000000005c800000-0x000000007b011fff] usable
<6>[    0.000000] user: [mem 0x000000007b012000-0x000000007b041fff] reserved
<6>[    0.000000] user: [mem 0x000000007b042000-0x000000007b06ffff] ACPI data
<6>[    0.000000] user: [mem 0x000000007b070000-0x000000007b70ffff] ACPI NVS
<6>[    0.000000] user: [mem 0x000000007b710000-0x000000007ba38fff] reserved
<6>[    0.000000] user: [mem 0x000000007ba39000-0x000000007bffffff] usable
<6>[    0.000000] user: [mem 0x00000000e0000000-0x00000000e3ffffff] reserved
<6>[    0.000000] user: [mem 0x00000000fea00000-0x00000000feafffff] reserved
<6>[    0.000000] user: [mem 0x00000000fec00000-0x00000000fec00fff] reserved
<6>[    0.000000] user: [mem 0x00000000fed01000-0x00000000fed01fff] reserved
<6>[    0.000000] user: [mem 0x00000000fed03000-0x00000000fed03fff] reserved
<6>[    0.000000] user: [mem 0x00000000fed06000-0x00000000fed06fff] reserved
<6>[    0.000000] user: [mem 0x00000000fed08000-0x00000000fed09fff] reserved
<6>[    0.000000] user: [mem 0x00000000fed1c000-0x00000000fed1cfff] reserved
<6>[    0.000000] user: [mem 0x00000000fed80000-0x00000000fedbffff] reserved
<6>[    0.000000] user: [mem 0x00000000fee00000-0x00000000fee00fff] reserved
<6>[    0.000000] user: [mem 0x00000000ffb80000-0x00000000ffffffff] reserved
<6>[    0.000000] efi: EFI v2.40 by American Megatrends
<6>[    0.000000] efi:  ACPI=0x7b04b000  ACPI 2.0=0x7b04b000  SMBIOS=0x7b8d4000 
<6>[    0.000000] efi: mem00: type=7, attr=0xf, range=[0x0000000000000000-0x0000000000001000) (0MB)
<6>[    0.000000] efi: mem01: type=2, attr=0xf, range=[0x0000000000001000-0x0000000000002000) (0MB)
<6>[    0.000000] efi: mem02: type=7, attr=0xf, range=[0x0000000000002000-0x000000000008f000) (0MB)
<6>[    0.000000] efi: mem03: type=10, attr=0xf, range=[0x000000000008f000-0x0000000000090000) (0MB)
<6>[    0.000000] efi: mem04: type=7, attr=0xf, range=[0x0000000000090000-0x000000000009d000) (0MB)
<6>[    0.000000] efi: mem05: type=2, attr=0xf, range=[0x000000000009d000-0x000000000009e000) (0MB)
<6>[    0.000000] efi: mem06: type=0, attr=0xf, range=[0x000000000009e000-0x00000000000a0000) (0MB)
<6>[    0.000000] efi: mem07: type=2, attr=0xf, range=[0x0000000000100000-0x00000000001e8000) (0MB)
<6>[    0.000000] efi: mem08: type=7, attr=0xf, range=[0x00000000001e8000-0x0000000001000000) (14MB)
<6>[    0.000000] efi: mem09: type=2, attr=0xf, range=[0x0000000001000000-0x0000000002986000) (25MB)
<6>[    0.000000] efi: mem10: type=7, attr=0xf, range=[0x0000000002986000-0x000000001f000000) (454MB)
<6>[    0.000000] efi: mem11: type=0, attr=0xf, range=[0x000000001f000000-0x0000000020200000) (18MB)
<6>[    0.000000] efi: mem12: type=7, attr=0xf, range=[0x0000000020200000-0x000000003fffc000) (509MB)
<6>[    0.000000] efi: mem13: type=2, attr=0xf, range=[0x000000003fffc000-0x0000000040000000) (0MB)
<6>[    0.000000] efi: mem14: type=7, attr=0xf, range=[0x0000000040000000-0x0000000072000000) (800MB)
<6>[    0.000000] efi: mem15: type=4, attr=0xf, range=[0x0000000072000000-0x0000000072020000) (0MB)
<6>[    0.000000] efi: mem16: type=7, attr=0xf, range=[0x0000000072020000-0x0000000074e48000) (46MB)
<6>[    0.000000] efi: mem17: type=1, attr=0xf, range=[0x0000000074e48000-0x0000000075a8d000) (12MB)
<6>[    0.000000] efi: mem18: type=7, attr=0xf, range=[0x0000000075a8d000-0x0000000075dd1000) (3MB)
<6>[    0.000000] efi: mem19: type=2, attr=0xf, range=[0x0000000075dd1000-0x0000000076681000) (8MB)
<6>[    0.000000] efi: mem20: type=7, attr=0xf, range=[0x0000000076681000-0x00000000766e9000) (0MB)
<6>[    0.000000] efi: mem21: type=2, attr=0xf, range=[0x00000000766e9000-0x00000000766eb000) (0MB)
<6>[    0.000000] efi: mem22: type=4, attr=0xf, range=[0x00000000766eb000-0x0000000077c16000) (21MB)
<6>[    0.000000] efi: mem23: type=1, attr=0xf, range=[0x0000000077c16000-0x0000000077c26000) (0MB)
<6>[    0.000000] efi: mem24: type=4, attr=0xf, range=[0x0000000077c26000-0x000000007aa12000) (45MB)
<6>[    0.000000] efi: mem25: type=7, attr=0xf, range=[0x000000007aa12000-0x000000007ad70000) (3MB)
<6>[    0.000000] efi: mem26: type=3, attr=0xf, range=[0x000000007ad70000-0x000000007b012000) (2MB)
<6>[    0.000000] efi: mem27: type=0, attr=0xf, range=[0x000000007b012000-0x000000007b042000) (0MB)
<6>[    0.000000] efi: mem28: type=9, attr=0xf, range=[0x000000007b042000-0x000000007b070000) (0MB)
<6>[    0.000000] efi: mem29: type=10, attr=0xf, range=[0x000000007b070000-0x000000007b710000) (6MB)
<6>[    0.000000] efi: mem30: type=6, attr=0x800000000000000f, range=[0x000000007b710000-0x000000007b9d4000) (2MB)
<6>[    0.000000] efi: mem31: type=5, attr=0x800000000000000f, range=[0x000000007b9d4000-0x000000007ba39000) (0MB)
<6>[    0.000000] efi: mem32: type=4, attr=0xf, range=[0x000000007ba39000-0x000000007c000000) (5MB)
<6>[    0.000000] efi: mem33: type=12, attr=0x8000000000000001, range=[0x00000000e0000000-0x00000000e4000000) (64MB)
<6>[    0.000000] efi: mem34: type=11, attr=0x8000000000000001, range=[0x00000000fea00000-0x00000000feb00000) (1MB)
<6>[    0.000000] efi: mem35: type=11, attr=0x8000000000000001, range=[0x00000000fec00000-0x00000000fec01000) (0MB)
<6>[    0.000000] efi: mem36: type=11, attr=0x8000000000000001, range=[0x00000000fed01000-0x00000000fed02000) (0MB)
<6>[    0.000000] efi: mem37: type=11, attr=0x8000000000000001, range=[0x00000000fed03000-0x00000000fed04000) (0MB)
<6>[    0.000000] efi: mem38: type=11, attr=0x8000000000000001, range=[0x00000000fed06000-0x00000000fed07000) (0MB)
<6>[    0.000000] efi: mem39: type=11, attr=0x8000000000000001, range=[0x00000000fed08000-0x00000000fed0a000) (0MB)
<6>[    0.000000] efi: mem40: type=11, attr=0x8000000000000001, range=[0x00000000fed1c000-0x00000000fed1d000) (0MB)
<6>[    0.000000] efi: mem41: type=11, attr=0x8000000000000001, range=[0x00000000fed80000-0x00000000fedc0000) (0MB)
<6>[    0.000000] efi: mem42: type=11, attr=0x8000000000000001, range=[0x00000000fee00000-0x00000000fee01000) (0MB)
<6>[    0.000000] efi: mem43: type=11, attr=0x8000000000000001, range=[0x00000000ffb80000-0x0000000100000000) (4MB)
<6>[    0.000000] SMBIOS 3.0 present.
<7>[    0.000000] DMI: cube i1-TFD/Cherry Trail CR, BIOS 5.11 06/26/2017
<7>[    0.000000] e820: update [mem 0x00000000-0x00000fff] usable ==> reserved
<7>[    0.000000] e820: remove [mem 0x000a0000-0x000fffff] usable
<6>[    0.000000] e820: last_pfn = 0x7c000 max_arch_pfn = 0x400000000
<7>[    0.000000] MTRR default type: uncachable
<7>[    0.000000] MTRR fixed ranges enabled:
<7>[    0.000000]   00000-9FFFF write-back
<7>[    0.000000]   A0000-FFFFF write-protect
<7>[    0.000000] MTRR variable ranges enabled:
<7>[    0.000000]   0 base 000000000 mask F80000000 write-back
<7>[    0.000000]   1 base 07E000000 mask FFE000000 uncachable
<7>[    0.000000]   2 base 07D000000 mask FFF000000 uncachable
<7>[    0.000000]   3 base 07C800000 mask FFF800000 uncachable
<7>[    0.000000]   4 base 07C400000 mask FFFC00000 uncachable
<7>[    0.000000]   5 disabled
<7>[    0.000000]   6 disabled
<7>[    0.000000]   7 disabled
<6>[    0.000000] x86 PAT enabled: cpu 0, old 0x7040600070406, new 0x7010600070106
<7>[    0.000000] original variable MTRRs
<7>[    0.000000] reg 0, base: 0GB, range: 2GB, type WB
<7>[    0.000000] reg 1, base: 2016MB, range: 32MB, type UC
<7>[    0.000000] reg 2, base: 2000MB, range: 16MB, type UC
<7>[    0.000000] reg 3, base: 1992MB, range: 8MB, type UC
<7>[    0.000000] reg 4, base: 1988MB, range: 4MB, type UC
<6>[    0.000000] total RAM covered: 1988M
<6>[    0.000000] Found optimal setting for mtrr clean up
<6>[    0.000000]  gran_size: 64K 	chunk_size: 64M 	num_reg: 5  	lose cover RAM: 0G
<7>[    0.000000] New variable MTRRs
<7>[    0.000000] reg 0, base: 0GB, range: 2GB, type WB
<7>[    0.000000] reg 1, base: 1988MB, range: 4MB, type UC
<7>[    0.000000] reg 2, base: 1992MB, range: 8MB, type UC
<7>[    0.000000] reg 3, base: 2000MB, range: 16MB, type UC
<7>[    0.000000] reg 4, base: 2016MB, range: 32MB, type UC
<6>[    0.000000] Scanning 1 areas for low memory corruption
<7>[    0.000000] Base memory trampoline at [ffff880000097000] 97000 size 28672
<6>[    0.000000] init_memory_mapping: [mem 0x00000000-0x000fffff]
<7>[    0.000000]  [mem 0x00000000-0x000fffff] page 4k
<7>[    0.000000] BRK [0x02692000, 0x02692fff] PGTABLE
<7>[    0.000000] BRK [0x02693000, 0x02693fff] PGTABLE
<7>[    0.000000] BRK [0x02694000, 0x02694fff] PGTABLE
<6>[    0.000000] init_memory_mapping: [mem 0x76400000-0x765fffff]
<7>[    0.000000]  [mem 0x76400000-0x765fffff] page 2M
<7>[    0.000000] BRK [0x02695000, 0x02695fff] PGTABLE
<6>[    0.000000] init_memory_mapping: [mem 0x74000000-0x763fffff]
<7>[    0.000000]  [mem 0x74000000-0x763fffff] page 2M
<6>[    0.000000] init_memory_mapping: [mem 0x00100000-0x1effffff]
<7>[    0.000000]  [mem 0x00100000-0x001fffff] page 4k
<7>[    0.000000]  [mem 0x00200000-0x1effffff] page 2M
<6>[    0.000000] init_memory_mapping: [mem 0x20200000-0x5c3fffff]
<7>[    0.000000]  [mem 0x20200000-0x5c3fffff] page 2M
<6>[    0.000000] init_memory_mapping: [mem 0x5c800000-0x73ffffff]
<7>[    0.000000]  [mem 0x5c800000-0x73ffffff] page 2M
<6>[    0.000000] init_memory_mapping: [mem 0x76600000-0x7b011fff]
<7>[    0.000000]  [mem 0x76600000-0x7affffff] page 2M
<7>[    0.000000]  [mem 0x7b000000-0x7b011fff] page 4k
<7>[    0.000000] BRK [0x02696000, 0x02696fff] PGTABLE
<6>[    0.000000] init_memory_mapping: [mem 0x7ba39000-0x7bffffff]
<7>[    0.000000]  [mem 0x7ba39000-0x7bbfffff] page 4k
<7>[    0.000000]  [mem 0x7bc00000-0x7bffffff] page 2M
<7>[    0.000000] BRK [0x02697000, 0x02697fff] PGTABLE
<6>[    0.000000] RAMDISK: [mem 0x00100000-0x001e7fff]
<7>[    0.000000] ACPI: RSDP 000000007b04b000 000024 (v02 ALASKA)
<7>[    0.000000] ACPI: XSDT 000000007b04b108 000194 (v01 ALASKA   A M I  01072009 AMI  00010013)
<7>[    0.000000] ACPI: FACP 000000007b0684b8 00010C (v05 ALASKA   A M I  01072009 AMI  00010013)
<7>[    0.000000] ACPI: DSDT 000000007b04b330 01D184 (v02 ALASKA   A M I  01072009 INTL 20120913)
<7>[    0.000000] ACPI: FACS 000000007b70ff80 000040
<7>[    0.000000] ACPI: APIC 000000007b0685c8 000084 (v03 ALASKA   A M I  01072009 AMI  00010013)
<7>[    0.000000] ACPI: FPDT 000000007b068650 000044 (v01 ALASKA   A M I  01072009 AMI  00010013)
<7>[    0.000000] ACPI: FIDT 000000007b068698 00009C (v01 ALASKA   A M I  01072009 AMI  00010013)
<7>[    0.000000] ACPI: MSDM 000000007b068738 000055 (v03 ALASKA   A M I  01072009 AMI  00010013)
<7>[    0.000000] ACPI: MCFG 000000007b068790 00003C (v01 ALASKA   A M I  01072009 MSFT 00000097)
<7>[    0.000000] ACPI: SSDT 000000007b0687d0 0041C6 (v01 DptfTb  DptfTab 00001000 INTL 20120913)
<7>[    0.000000] ACPI: SSDT 000000007b06c998 00062B (v01 CpuDpf  CpuDptf 00001000 INTL 20120913)
<7>[    0.000000] ACPI: SSDT 000000007b06cfc8 000058 (v01  LowPM  LowPwrM 00001000 INTL 20120913)
<7>[    0.000000] ACPI: UEFI 000000007b06d020 000042 (v01 ALASKA   A M I  00000000      00000000)
<7>[    0.000000] ACPI: SSDT 000000007b06d068 000269 (v01 UsbCTb  UsbCTab 00001000 INTL 20120913)
<7>[    0.000000] ACPI: HPET 000000007b06d2d8 000038 (v01 ALASKA   A M I  01072009 AMI. 00000005)
<7>[    0.000000] ACPI: SSDT 000000007b06d310 000763 (v01  PmRef    CpuPm 00003000 INTL 20120913)
<7>[    0.000000] ACPI: SSDT 000000007b06da78 000290 (v01  PmRef  Cpu0Tst 00003000 INTL 20120913)
<7>[    0.000000] ACPI: SSDT 000000007b06dd08 00017A (v01  PmRef    ApTst 00003000 INTL 20120913)
<7>[    0.000000] ACPI: SSDT 000000007b06de88 00043A (v01 Intel_ Tpm2Tabl 00001000 INTL 20120913)
<7>[    0.000000] ACPI: TPM2 000000007b06e2c8 000034 (v03                 00000000      00000000)
<7>[    0.000000] ACPI: LPIT 000000007b06e300 000104 (v01 ALASKA   A M I  00000005 MSFT 0100000D)
<7>[    0.000000] ACPI: BCFG 000000007b06e408 000139 (v01 INTEL  BATTCONF 00000001 ACPI 00000000)
<7>[    0.000000] ACPI: PRAM 000000007b06e548 000030 (v01                 00000001      00000000)
<7>[    0.000000] ACPI: CSRT 000000007b06e578 00014C (v00 INTEL  LANFORDC 00000005 MSFT 0100000D)
<7>[    0.000000] ACPI: BGRT 000000007b06e6c8 000038 (v01 ALASKA   A M I  01072009 AMI  00010013)
<7>[    0.000000] ACPI: BCFG 000000007b06e700 000139 (v01 INTEL  BATTCONF 00000001 ACPI 00000000)
<7>[    0.000000] ACPI: OEM0 000000007b06e840 000084 (v05 INTEL  BATTERY  00000005 ACPI 00000000)
<7>[    0.000000] ACPI: OEM1 000000007b06e8c8 000040 (v01 INTEL  ENRGYMGT 00000005 ACPI 0100000D)
<7>[    0.000000] ACPI: PIDV 000000007b06e908 0000DC (v02                 00000002      00000000)
<7>[    0.000000] ACPI: RSCI 000000007b06e9e8 00002C (v01 INTEL  BOOTSRC  00000000      00000000)
<7>[    0.000000] ACPI: WDAT 000000007b06ea18 000104 (v01                 00000000      00000000)
<7>[    0.000000] ACPI: BCFG 000000007b06eb20 000139 (v01 INTEL  BATTCONF 00000001 ACPI 00000000)
<7>[    0.000000] ACPI: OEM0 000000007b06ec60 000084 (v05 INTEL  BATTERY  00000005 ACPI 00000000)
<7>[    0.000000] ACPI: OEM1 000000007b06ece8 000040 (v01 INTEL  ENRGYMGT 00000005 ACPI 0100000D)
<7>[    0.000000] ACPI: PIDV 000000007b06ed28 0000DC (v02                 00000002      00000000)
<7>[    0.000000] ACPI: RSCI 000000007b06ee08 00002C (v01 INTEL  BOOTSRC  00000000      00000000)
<7>[    0.000000] ACPI: WDAT 000000007b06ee38 000104 (v01                 00000000      00000000)
<7>[    0.000000] ACPI: BCFG 000000007b06ef40 000139 (v01 INTEL  BATTCONF 00000001 ACPI 00000000)
<7>[    0.000000] ACPI: OEM0 000000007b06f080 000084 (v05 INTEL  BATTERY  00000005 ACPI 00000000)
<7>[    0.000000] ACPI: OEM1 000000007b06f108 000040 (v01 INTEL  ENRGYMGT 00000005 ACPI 0100000D)
<7>[    0.000000] ACPI: PIDV 000000007b06f148 0000DC (v02                 00000002      00000000)
<7>[    0.000000] ACPI: RSCI 000000007b06f228 00002C (v01 INTEL  BOOTSRC  00000000      00000000)
<7>[    0.000000] ACPI: WDAT 000000007b06f258 000104 (v01                 00000000      00000000)
<7>[    0.000000] ACPI: BCFG 000000007b06f360 000139 (v01 INTEL  BATTCONF 00000001 ACPI 00000000)
<7>[    0.000000] ACPI: OEM0 000000007b06f4a0 000084 (v05 INTEL  BATTERY  00000005 ACPI 00000000)
<7>[    0.000000] ACPI: OEM1 000000007b06f528 000040 (v01 INTEL  ENRGYMGT 00000005 ACPI 0100000D)
<7>[    0.000000] ACPI: PIDV 000000007b06f568 0000DC (v02                 00000002      00000000)
<7>[    0.000000] ACPI: RSCI 000000007b06f648 00002C (v01 INTEL  BOOTSRC  00000000      00000000)
<7>[    0.000000] ACPI: WDAT 000000007b06f678 000104 (v01                 00000000      00000000)
<7>[    0.000000] ACPI: Local APIC address 0xfee00000
<7>[    0.000000]  [ffffea0000000000-ffffea0001ffffff] PMD -> [ffff880073e00000-ffff880075dfffff] on node 0
<7>[    0.000000] Zone ranges:
<7>[    0.000000]   DMA      [mem 0x00001000-0x00ffffff]
<7>[    0.000000]   DMA32    [mem 0x01000000-0xffffffff]
<7>[    0.000000]   Normal   empty
<7>[    0.000000] Movable zone start for each node
<7>[    0.000000] Early memory node ranges
<7>[    0.000000]   node   0: [mem 0x00001000-0x0008efff]
<7>[    0.000000]   node   0: [mem 0x00090000-0x0009dfff]
<7>[    0.000000]   node   0: [mem 0x00100000-0x1effffff]
<7>[    0.000000]   node   0: [mem 0x20200000-0x5c3fffff]
<7>[    0.000000]   node   0: [mem 0x5c800000-0x7b011fff]
<7>[    0.000000]   node   0: [mem 0x7ba39000-0x7bffffff]
<7>[    0.000000] On node 0 totalpages: 499573
<7>[    0.000000]   DMA zone: 64 pages used for memmap
<7>[    0.000000]   DMA zone: 254 pages reserved
<7>[    0.000000]   DMA zone: 3996 pages, LIFO batch:0
<7>[    0.000000]   DMA32 zone: 7872 pages used for memmap
<7>[    0.000000]   DMA32 zone: 495577 pages, LIFO batch:31
<6>[    0.000000] x86/hpet: Will disable the HPET for this platform because it's not reliable
<6>[    0.000000] Reserving Intel graphics stolen memory at 0x7ce00000-0x7edfffff
<6>[    0.000000] ACPI: PM-Timer IO Port: 0x408
<7>[    0.000000] ACPI: Local APIC address 0xfee00000
<6>[    0.000000] ACPI: LAPIC (acpi_id[0x01] lapic_id[0x00] enabled)
<6>[    0.000000] ACPI: LAPIC (acpi_id[0x02] lapic_id[0x02] enabled)
<6>[    0.000000] ACPI: LAPIC (acpi_id[0x03] lapic_id[0x04] enabled)
<6>[    0.000000] ACPI: LAPIC (acpi_id[0x04] lapic_id[0x06] enabled)
<6>[    0.000000] ACPI: LAPIC_NMI (acpi_id[0x01] high edge lint[0x1])
<6>[    0.000000] ACPI: LAPIC_NMI (acpi_id[0x02] high edge lint[0x1])
<6>[    0.000000] ACPI: LAPIC_NMI (acpi_id[0x03] high edge lint[0x1])
<6>[    0.000000] ACPI: LAPIC_NMI (acpi_id[0x04] high edge lint[0x1])
<6>[    0.000000] ACPI: IOAPIC (id[0x01] address[0xfec00000] gsi_base[0])
<6>[    0.000000] IOAPIC[0]: apic_id 1, version 32, address 0xfec00000, GSI 0-114
<6>[    0.000000] ACPI: INT_SRC_OVR (bus 0 bus_irq 0 global_irq 2 dfl dfl)
<6>[    0.000000] ACPI: INT_SRC_OVR (bus 0 bus_irq 9 global_irq 9 high level)
<7>[    0.000000] ACPI: IRQ0 used by override.
<7>[    0.000000] ACPI: IRQ2 used by override.
<7>[    0.000000] ACPI: IRQ9 used by override.
<6>[    0.000000] Using ACPI (MADT) for SMP configuration information
<6>[    0.000000] ACPI: HPET id: 0x8086a201 base: 0xfed00000
<6>[    0.000000] smpboot: Allowing 4 CPUs, 0 hotplug CPUs
<7>[    0.000000] nr_irqs_gsi: 131
<6>[    0.000000] e820: [mem 0x7ee00000-0xdfffffff] available for PCI devices
<6>[    0.000000] setup_percpu: NR_CPUS:4 nr_cpumask_bits:4 nr_cpu_ids:4 nr_node_ids:1
<6>[    0.000000] PERCPU: Embedded 26 pages/cpu @ffff880076400000 s76032 r8192 d22272 u524288
<7>[    0.000000] pcpu-alloc: s76032 r8192 d22272 u524288 alloc=1*2097152
<7>[    0.000000] pcpu-alloc: [0] 0 1 2 3 
<7>[    0.000000] Built 1 zonelists in Zone order, mobility grouping on.  Total pages: 491383
<5>[    0.000000] Kernel command line: console=tty0 shutdown_reason=no_applicable androidboot.bootreason=power_button_pressed androidboot.serialno=Default0string g_ffs.iSerialNumber=Default0string loglevel=5 androidboot.hardware=cht_cr_mrd firmware_class.path=/system/etc/firmware i915.fastboot=1 memmap=4M$0x5c400000 vga=current i915.modeset=1 drm.vblankoffdelay=1 console=ttyS0,115200n8 bootboost=1 pm_suspend_debug=1 pstore.backend=ramoops
<6>[    0.000000] PID hash table entries: 4096 (order: 3, 32768 bytes)
<6>[    0.000000] Dentry cache hash table entries: 262144 (order: 9, 2097152 bytes)
<6>[    0.000000] Inode-cache hash table entries: 131072 (order: 8, 1048576 bytes)
<7>[    0.000000] Memory: 1860332K/1998292K available (10266K kernel code, 2146K rwdata, 5988K rodata, 1248K init, 1248K bss, 137960K reserved)
<6>[    0.000000] SLUB: HWalign=64, Order=0-3, MinObjects=0, CPUs=4, Nodes=1
<6>[    0.000000] Preemptible hierarchical RCU implementation.
<6>[    0.000000] 	RCU dyntick-idle grace-period acceleration is enabled.
<6>[    0.000000] NR_IRQS:4352 nr_irqs:1024 16
<6>[    0.000000] console [ttyS0] enabled
<6>[    0.000000] allocated 8388608 bytes of page_cgroup
<6>[    0.000000] please try 'cgroup_disable=memory' option if you don't want memory cgroups
<6>[    0.000000] tsc: Fast TSC calibration failed
<6>[    0.000000] tsc: PIT calibration matches PMTIMER. 1 loops
<6>[    0.000000] tsc: Detected 1439.961 MHz processor
<6>[    0.000053] Calibrating delay loop (skipped), value calculated using timer frequency.. 2879.92 BogoMIPS (lpj=1439961)
<6>[    0.000062] pid_max: default: 32768 minimum: 301
<6>[    0.000098] ACPI: Core revision 20131218
<7>[    0.051039] ACPI: All ACPI Tables successfully acquired
<6>[    0.052359] Security Framework initialized
<6>[    0.052377] SELinux:  Initializing.
<7>[    0.052390] SELinux:  Starting in permissive mode
<6>[    0.052422] Mount-cache hash table entries: 4096 (order: 3, 32768 bytes)
<6>[    0.052427] Mountpoint-cache hash table entries: 4096 (order: 3, 32768 bytes)
<6>[    0.052894] Initializing cgroup subsys memory
<6>[    0.052909] Initializing cgroup subsys freezer
<6>[    0.052954] CPU: Physical Processor ID: 0
<6>[    0.052958] CPU: Processor Core ID: 0
<4>[    0.052966] ENERGY_PERF_BIAS: Set to 'normal', was 'performance'
<4>[    0.052966] ENERGY_PERF_BIAS: View and update with x86_energy_perf_policy(8)
<6>[    0.073113] mce: CPU supports 6 MCE banks
<6>[    0.073128] CPU0: Thermal monitoring enabled (TM1)
<6>[    0.073141] Last level iTLB entries: 4KB 48, 2MB 0, 4MB 0
<6>[    0.073141] Last level dTLB entries: 4KB 256, 2MB 16, 4MB 16, 1GB 0
<6>[    0.073141] tlb_flushall_shift: 6
<6>[    0.073356] Freeing SMP alternatives memory: 28K (ffffffff82552000 - ffffffff82559000)
<6>[    0.079518] ftrace: allocating 36502 entries in 143 pages
<6>[    0.111991] ..TIMER: vector=0x30 apic1=0 pin1=2 apic2=0 pin2=0
<6>[    0.122002] smpboot: CPU0: Intel(R) Atom(TM) x5-Z8350  CPU @ 1.44GHz (fam: 06, model: 4c, stepping: 04)
<7>[    0.122042] TSC deadline timer enabled
<6>[    0.122067] Performance Events: PEBS fmt2+, 8-deep LBR, Silvermont events, full-width counters, Intel PMU driver.
<6>[    0.122090] ... version:                3
<6>[    0.122093] ... bit width:              40
<6>[    0.122096] ... generic registers:      2
<6>[    0.122099] ... value mask:             000000ffffffffff
<6>[    0.122102] ... max period:             000000ffffffffff
<6>[    0.122105] ... fixed-purpose events:   3
<6>[    0.122108] ... event mask:             0000000700000003
<6>[    0.126111] ftrace: Allocated trace_printk buffers
<6>[    0.130822] EM:OEM0  table found, size=132
<6>[    0.132543] x86: Booting SMP configuration:
<6>[    0.132550] .... node  #0, CPUs:      #1 #2 #3
<6>[    0.187219] Skipped synchronization checks as TSC is reliable.
<6>[    0.187289] x86: Booted up 1 node, 4 CPUs
<6>[    0.187296] smpboot: Total of 4 processors activated (11519.68 BogoMIPS)
<6>[    0.188534] devtmpfs: initialized
<6>[    0.189510] PM: Registering ACPI NVS region [mem 0x0008f000-0x0008ffff] (4096 bytes)
<6>[    0.189518] PM: Registering ACPI NVS region [mem 0x7b070000-0x7b70ffff] (6946816 bytes)
<6>[    0.192830] pinctrl core: initialized pinctrl subsystem
<6>[    0.193370] regulator-dummy: no parameters
<6>[    0.193528] RTC time:  9:56:28, date: 12/05/17
<6>[    0.193647] NET: Registered protocol family 16
<6>[    0.195100] cpuidle: using governor ladder
<6>[    0.195107] cpuidle: using governor menu
<6>[    0.195407] ACPI: bus type PCI registered
<6>[    0.195412] acpiphp: ACPI Hot Plug PCI Controller Driver version: 0.5
<6>[    0.195933] PCI: MMCONFIG for domain 0000 [bus 00-ff] at [mem 0xe0000000-0xefffffff] (base 0xe0000000)
<6>[    0.195943] PCI: MMCONFIG at [mem 0xe0000000-0xefffffff] reserved in E820
<6>[    0.195950] PCI: MMCONFIG for 0000 [bus00-3f] at [mem 0xe0000000-0xe3ffffff] (base 0xe0000000) (size reduced!)
<6>[    0.196137] PCI: Using configuration type 1 for base access
<6>[    0.239706] bio: create slab <bio-0> at 0
<6>[    0.240601] ACPI: Added _OSI(Module Device)
<6>[    0.240608] ACPI: Added _OSI(Processor Device)
<6>[    0.240612] ACPI: Added _OSI(3.0 _SCP Extensions)
<6>[    0.240615] ACPI: Added _OSI(Processor Aggregator Device)
<7>[    0.288226] ACPI: SSDT 000000007b03c618 00059C (v01  PmRef  Cpu0Ist 00003000 INTL 20120913)
<7>[    0.290829] ACPI: Dynamic OEM Table Load:
<7>[    0.290836] ACPI: SSDT           (null) 00059C (v01  PmRef  Cpu0Ist 00003000 INTL 20120913)
<7>[    0.291107] ACPI: SSDT 000000007b03cc18 0003A5 (v01  PmRef  Cpu0Cst 00003001 INTL 20120913)
<7>[    0.293678] ACPI: Dynamic OEM Table Load:
<7>[    0.293686] ACPI: SSDT           (null) 0003A5 (v01  PmRef  Cpu0Cst 00003001 INTL 20120913)
<7>[    0.294354] ACPI: SSDT 000000007b03ee18 00015F (v01  PmRef    ApIst 00003000 INTL 20120913)
<7>[    0.296995] ACPI: Dynamic OEM Table Load:
<7>[    0.297002] ACPI: SSDT           (null) 00015F (v01  PmRef    ApIst 00003000 INTL 20120913)
<7>[    0.297221] ACPI: SSDT 000000007b03df18 00008D (v01  PmRef    ApCst 00003000 INTL 20120913)
<7>[    0.299799] ACPI: Dynamic OEM Table Load:
<7>[    0.299806] ACPI: SSDT           (null) 00008D (v01  PmRef    ApCst 00003000 INTL 20120913)
<6>[    0.302663] ACPI: Interpreter enabled
<7>[    0.302682] ACPI Exception: AE_NOT_FOUND, While evaluating Sleep State [\_S1_] (20131218/hwxface-580)
<7>[    0.302696] ACPI Exception: AE_NOT_FOUND, While evaluating Sleep State [\_S2_] (20131218/hwxface-580)
<7>[    0.302707] ACPI Exception: AE_NOT_FOUND, While evaluating Sleep State [\_S3_] (20131218/hwxface-580)
<6>[    0.302728] ACPI: (supports S0 S5 S0idle)
<6>[    0.302733] ACPI: Using IOAPIC for interrupt routing
<6>[    0.303012] PCI: Using host bridge windows from ACPI; if necessary, use "pci=nocrs" and report a bug
<6>[    0.304036] ACPI: No dock devices found.
<6>[    0.305889] ACPI: Power Resource [P06X] (off)
<6>[    0.309712] ACPI: Power Resource [ID3C] (on)
<6>[    0.315518] ACPI: Power Resource [USBC] (on)
<6>[    0.318040] ACPI: Power Resource [WWPR] (off)
<6>[    0.320455] ACPI: Power Resource [WWPR] (off)
<6>[    0.321519] ACPI: Power Resource [WWPR] (off)
<6>[    0.322694] ACPI: Power Resource [WWPR] (off)
<6>[    0.323842] ACPI: Power Resource [WWPR] (off)
<6>[    0.344659] ACPI: Power Resource [CLK2] (on)
<6>[    0.344870] ACPI: Power Resource [CLK4] (on)
<6>[    0.345082] ACPI: Power Resource [P28P] (off)
<6>[    0.345306] ACPI: Power Resource [P18P] (off)
<6>[    0.345515] ACPI: Power Resource [P12P] (off)
<6>[    0.345720] ACPI: Power Resource [P16P] (off)
<6>[    0.350695] ACPI: \_SB_.PCI0.I2C1.BATC: is added to dep device list.
<6>[    0.351368] ACPI: Power Resource [CLK3] (on)
<6>[    0.351581] ACPI: Power Resource [CLK4] (on)
<6>[    0.352028] ACPI: Power Resource [P18P] (off)
<6>[    0.352236] ACPI: Power Resource [P28P] (off)
<6>[    0.352504] ACPI: Power Resource [P12P] (off)
<6>[    0.362894] ACPI: Power Resource [CLK2] (on)
<6>[    0.364730] ACPI: Power Resource [CLK1] (on)
<6>[    0.367908] ACPI: Power Resource [CLK0] (on)
<6>[    0.368120] ACPI: Power Resource [CLK1] (on)
<6>[    0.368856] ACPI: Power Resource [CLK5] (off)
<6>[    0.370054] ACPI: Power Resource [P33P] (off)
<6>[    0.376483] ACPI: \_SB_.PCI0.I2C7.BATC: is added to dep device list.
<6>[    0.389098] ACPI: Power Resource [P28X] (off)
<6>[    0.389312] ACPI: Power Resource [P18X] (off)
<6>[    0.389586] ACPI: Power Resource [P12X] (off)
<6>[    0.389821] ACPI: Power Resource [P19X] (off)
<6>[    0.390054] ACPI: Power Resource [P12A] (off)
<6>[    0.390265] ACPI: Power Resource [P28T] (off)
<6>[    0.390479] ACPI: Power Resource [P18D] (off)
<6>[    0.390709] ACPI: Power Resource [P18T] (off)
<6>[    0.390911] ACPI: Power Resource [P3P3] (off)
<6>[    0.391124] ACPI: Power Resource [P12T] (off)
<6>[    0.391330] ACPI: Power Resource [P28W] (off)
<6>[    0.391550] ACPI: Power Resource [P18W] (off)
<6>[    0.391790] ACPI: Power Resource [P12W] (off)
<6>[    0.391995] ACPI: Power Resource [P33W] (off)
<6>[    0.392208] ACPI: Power Resource [P33X] (off)
<6>[    0.392424] ACPI: Power Resource [P4BW] (off)
<6>[    0.406714] ACPI: PCI Root Bridge [PCI0] (domain 0000 [bus 00-ff])
<6>[    0.406734] acpi PNP0A08:00: _OSC: OS supports [ExtendedConfig ASPM ClockPM Segments MSI]
<6>[    0.407323] acpi PNP0A08:00: _OSC: OS now controls [PCIeHotplug PME AER PCIeCapability]
<6>[    0.408182] acpi PNP0A08:00: [Firmware Info]: MMCONFIG for domain 0000 [bus 00-3f] only partially covers this bridge
<6>[    0.409028] PCI host bridge to bus 0000:00
<6>[    0.409039] pci_bus 0000:00: root bus resource [bus 00-ff]
<6>[    0.409045] pci_bus 0000:00: root bus resource [io  0x0000-0x006f]
<6>[    0.409050] pci_bus 0000:00: root bus resource [io  0x0078-0x0cf7]
<6>[    0.409055] pci_bus 0000:00: root bus resource [io  0x0d00-0xffff]
<6>[    0.409061] pci_bus 0000:00: root bus resource [mem 0x000a0000-0x000bffff]
<6>[    0.409066] pci_bus 0000:00: root bus resource [mem 0x000c0000-0x000dffff]
<6>[    0.409071] pci_bus 0000:00: root bus resource [mem 0x000e0000-0x000fffff]
<6>[    0.409076] pci_bus 0000:00: root bus resource [mem 0x20000000-0x201fffff]
<6>[    0.409081] pci_bus 0000:00: root bus resource [mem 0x7ce00001-0x7ee00000]
<6>[    0.409086] pci_bus 0000:00: root bus resource [mem 0x80000000-0xdfffffff]
<7>[    0.409104] pci 0000:00:00.0: [8086:2280] type 00 class 0x060000
<7>[    0.409633] pci 0000:00:02.0: [8086:22b0] type 00 class 0x030000
<7>[    0.409674] pci 0000:00:02.0: reg 0x10: [mem 0x90000000-0x90ffffff 64bit]
<7>[    0.409698] pci 0000:00:02.0: reg 0x18: [mem 0x80000000-0x8fffffff 64bit pref]
<7>[    0.409714] pci 0000:00:02.0: reg 0x20: [io  0xf000-0xf03f]
<7>[    0.410228] pci 0000:00:03.0: [8086:22b8] type 00 class 0x048000
<7>[    0.410255] pci 0000:00:03.0: reg 0x10: [mem 0x91000000-0x913fffff]
<7>[    0.410729] pci 0000:00:0b.0: [8086:22dc] type 00 class 0x118000
<7>[    0.410768] pci 0000:00:0b.0: reg 0x10: [mem 0x91a3d000-0x91a3dfff 64bit]
<7>[    0.411313] pci 0000:00:14.0: [8086:22b5] type 00 class 0x0c0330
<7>[    0.411358] pci 0000:00:14.0: reg 0x10: [mem 0x91a00000-0x91a0ffff 64bit]
<7>[    0.411480] pci 0000:00:14.0: PME# supported from D3hot D3cold
<6>[    0.411721] pci 0000:00:14.0: System wakeup disabled by ACPI
<7>[    0.411926] pci 0000:00:16.0: [8086:22b7] type 00 class 0x0c03fe
<7>[    0.411957] pci 0000:00:16.0: reg 0x10: [mem 0x91400000-0x915fffff]
<7>[    0.412071] pci 0000:00:16.0: PME# supported from D0 D3hot
<7>[    0.412455] pci 0000:00:1a.0: [8086:2298] type 00 class 0x108000
<7>[    0.412488] pci 0000:00:1a.0: reg 0x10: [mem 0x91900000-0x919fffff]
<7>[    0.412506] pci 0000:00:1a.0: reg 0x14: [mem 0x91800000-0x918fffff]
<7>[    0.412629] pci 0000:00:1a.0: PME# supported from D0 D3hot
<7>[    0.413222] pci 0000:00:1c.0: [8086:22c8] type 01 class 0x060400
<7>[    0.414936] pci 0000:00:1c.0: PME# supported from D0 D3hot D3cold
<7>[    0.415581] pci 0000:00:1f.0: [8086:229c] type 00 class 0x060100
<6>[    0.417133] pci 0000:00:1c.0: PCI bridge to [bus 01]
<7>[    0.417418] pci_bus 0000:00: on NUMA node 0
<6>[    0.432239] ACPI: PCI Interrupt Link [LNKA] (IRQs 3 4 5 6 10 11 12 14 15) *0, disabled.
<6>[    0.432430] ACPI: PCI Interrupt Link [LNKB] (IRQs 3 4 5 6 10 11 12 14 15) *0, disabled.
<6>[    0.432616] ACPI: PCI Interrupt Link [LNKC] (IRQs 3 4 5 6 10 11 12 14 15) *0, disabled.
<6>[    0.432807] ACPI: PCI Interrupt Link [LNKD] (IRQs 3 4 5 6 10 11 12 14 15) *0, disabled.
<6>[    0.432982] ACPI: PCI Interrupt Link [LNKE] (IRQs 3 4 5 6 10 11 12 14 15) *0, disabled.
<6>[    0.433156] ACPI: PCI Interrupt Link [LNKF] (IRQs 3 4 5 6 10 11 12 14 15) *0, disabled.
<6>[    0.433331] ACPI: PCI Interrupt Link [LNKG] (IRQs 3 4 5 6 10 11 12 14 15) *0, disabled.
<6>[    0.433505] ACPI: PCI Interrupt Link [LNKH] (IRQs 3 4 5 6 10 11 12 14 15) *0, disabled.
<7>[    0.437242] ACPI: Enabled 1 GPEs in block 00 to 3F
<6>[    0.437780] dw_dmac 80862286:00: DesignWare DMA Controller, 8 channels
<6>[    0.439200] dw_dmac 808622C0:00: DesignWare DMA Controller, 8 channels
<6>[    0.441203] vgaarb: device added: PCI:0000:00:02.0,decodes=io+mem,owns=io+mem,locks=none
<6>[    0.441214] vgaarb: loaded
<6>[    0.441218] vgaarb: bridge control possible 0000:00:02.0
<6>[    0.441472] pwm-byt-plat 80862288:00: PWM device probed: pwm_num=0, mmio_base=ffffc90000072000 clk_khz=19200
<6>[    0.441723] pwm-byt-plat 80862289:00: PWM device probed: pwm_num=1, mmio_base=ffffc90000074000 clk_khz=19200
<5>[    0.442446] SCSI subsystem initialized
<7>[    0.442807] libata version 3.00 loaded.
<6>[    0.449921] ACPI: bus type USB registered
<6>[    0.450147] usbcore: registered new interface driver usbfs
<6>[    0.450265] usbcore: registered new interface driver hub
<6>[    0.450416] usbcore: registered new device driver usb
<6>[    0.451112] media: Linux media interface: v0.10
<6>[    0.451220] Linux video capture interface: v2.00
<6>[    0.451399] pps_core: LinuxPPS API ver. 1 registered
<6>[    0.451405] pps_core: Software ver. 5.3.6 - Copyright 2005-2007 Rodolfo Giometti <giometti@linux.it>
<6>[    0.451501] PTP clock support registered
<6>[    0.452428] Advanced Linux Sound Architecture Driver Initialized.
<6>[    0.452435] PCI: Using ACPI for IRQ routing
<7>[    0.455175] PCI: pci_cache_line_size set to 64 bytes
<7>[    0.455272] Expanded resource reserved due to conflict with PCI Bus 0000:00
<7>[    0.455280] e820: reserve RAM buffer [mem 0x0008f000-0x0008ffff]
<7>[    0.455285] e820: reserve RAM buffer [mem 0x0009e000-0x0009ffff]
<7>[    0.455289] e820: reserve RAM buffer [mem 0x1f000000-0x1fffffff]
<7>[    0.455293] e820: reserve RAM buffer [mem 0x5c400000-0x5fffffff]
<7>[    0.455297] e820: reserve RAM buffer [mem 0x7b012000-0x7bffffff]
<6>[    0.456554] Switched to clocksource refined-jiffies
<6>[    0.478343] pnp: PnP ACPI init
<6>[    0.478393] ACPI: bus type PNP registered
<7>[    0.478803] pnp 00:00: Plug and Play ACPI device, IDs INT0800 (active)
<6>[    0.479016] system 00:01: [io  0x0680-0x069f] has been reserved
<6>[    0.479024] system 00:01: [io  0x0400-0x047f] has been reserved
<6>[    0.479030] system 00:01: [io  0x0500-0x05fe] has been reserved
<7>[    0.479039] system 00:01: Plug and Play ACPI device, IDs PNP0c02 (active)
<7>[    0.479359] pnp 00:02: Plug and Play ACPI device, IDs PNP0501 (active)
<7>[    0.484048] pnp 00:03: Plug and Play ACPI device, IDs PNP1680 (active)
<7>[    0.484472] pnp 00:04: Plug and Play ACPI device, IDs INT33f4 (active)
<6>[    0.487199] system 00:05: [mem 0x91a3b000-0x91a3bfff] has been reserved
<6>[    0.487208] system 00:05: [mem 0x91a39000-0x91a39fff] has been reserved
<6>[    0.487215] system 00:05: [mem 0x91a37000-0x91a37fff] has been reserved
<6>[    0.487221] system 00:05: [mem 0x91a26000-0x91a26fff] has been reserved
<6>[    0.487227] system 00:05: [mem 0x91a24000-0x91a24fff] has been reserved
<6>[    0.487233] system 00:05: [mem 0x91a22000-0x91a22fff] has been reserved
<6>[    0.487239] system 00:05: [mem 0x91a20000-0x91a20fff] has been reserved
<6>[    0.487245] system 00:05: [mem 0x91a1e000-0x91a1efff] has been reserved
<6>[    0.487251] system 00:05: [mem 0x91a1c000-0x91a1cfff] has been reserved
<6>[    0.487257] system 00:05: [mem 0x91a1a000-0x91a1afff] has been reserved
<6>[    0.487263] system 00:05: [mem 0x91a18000-0x91a18fff] has been reserved
<6>[    0.487269] system 00:05: [mem 0x91a35000-0x91a35fff] has been reserved
<6>[    0.487275] system 00:05: [mem 0x91a33000-0x91a33fff] has been reserved
<6>[    0.487281] system 00:05: [mem 0x91a31000-0x91a31fff] has been reserved
<6>[    0.487291] system 00:05: [mem 0x91a2f000-0x91a2ffff] has been reserved
<6>[    0.487298] system 00:05: [mem 0x91a2d000-0x91a2dfff] has been reserved
<6>[    0.487304] system 00:05: [mem 0x91a2b000-0x91a2bfff] has been reserved
<6>[    0.487310] system 00:05: [mem 0x91a29000-0x91a29fff] has been reserved
<6>[    0.487316] system 00:05: [mem 0x91a27000-0x91a27fff] has been reserved
<7>[    0.487324] system 00:05: Plug and Play ACPI device, IDs PNP0c02 (active)
<6>[    0.487748] system 00:06: [mem 0xe0000000-0xefffffff] could not be reserved
<6>[    0.487756] system 00:06: [mem 0xfea00000-0xfeafffff] has been reserved
<6>[    0.487763] system 00:06: [mem 0xfed01000-0xfed01fff] has been reserved
<6>[    0.487769] system 00:06: [mem 0xfed03000-0xfed03fff] has been reserved
<6>[    0.487775] system 00:06: [mem 0xfed06000-0xfed06fff] has been reserved
<6>[    0.487780] system 00:06: [mem 0xfed08000-0xfed09fff] has been reserved
<6>[    0.487786] system 00:06: [mem 0xfed80000-0xfedbffff] has been reserved
<6>[    0.487792] system 00:06: [mem 0xfed1c000-0xfed1cfff] has been reserved
<6>[    0.487798] system 00:06: [mem 0xfee00000-0xfeefffff] could not be reserved
<7>[    0.487806] system 00:06: Plug and Play ACPI device, IDs PNP0c02 (active)
<7>[    0.488329] pnp 00:07: Plug and Play ACPI device, IDs PNP0b00 (active)
<7>[    0.488593] pnp 00:08: Plug and Play ACPI device, IDs PNP0103 (active)
<6>[    0.489310] chv_gpio 00:09: Cherryview GPIO GPO0 probed
<7>[    0.489321] chv_gpio 00:09: Plug and Play ACPI device, IDs INT33ff (active)
<6>[    0.489973] chv_gpio 00:0a: Cherryview GPIO GPO1 probed
<7>[    0.489985] chv_gpio 00:0a: Plug and Play ACPI device, IDs INT33ff (active)
<6>[    0.490455] chv_gpio 00:0b: Cherryview GPIO GPO2 probed
<7>[    0.490467] chv_gpio 00:0b: Plug and Play ACPI device, IDs INT33ff (active)
<6>[    0.491142] chv_gpio 00:0c: Cherryview GPIO GPO3 probed
<7>[    0.491154] chv_gpio 00:0c: Plug and Play ACPI device, IDs INT33ff (active)
<6>[    0.491812] chv_gpio 00:0d: Cherryview GPIO GPO4 probed
<7>[    0.491823] chv_gpio 00:0d: Plug and Play ACPI device, IDs INT33ff (active)
<7>[    0.492460] pnp 00:0e: Plug and Play ACPI device, IDs INTcfd9 PNP0c40 (active)
<7>[    0.492672] pnp 00:0f: Plug and Play ACPI device, IDs INT33bd (active)
<6>[    0.493892] pnp: PnP ACPI: found 16 devices
<6>[    0.493897] ACPI: bus type PNP unregistered
<6>[    0.495700] register_psy_notifier
<6>[    0.500455] Switched to clocksource acpi_pm
<6>[    0.500704] usb_otg_port INT3496:00: cannot request USB USB MUX, skipping it.
<6>[    0.501115] usb_otg_port INT3496:00: USB PORT ID: PERIPHERAL
<6>[    0.501137] usb_otg_port INT3496:00: driver successfully probed
<7>[    0.501481] pci 0000:00:1c.0: bridge window [io  0x1000-0x0fff] to [bus 01] add_size 1000
<7>[    0.501491] pci 0000:00:1c.0: bridge window [mem 0x00100000-0x000fffff 64bit pref] to [bus 01] add_size 200000
<7>[    0.501498] pci 0000:00:1c.0: bridge window [mem 0x00100000-0x000fffff] to [bus 01] add_size 200000
<7>[    0.501511] pci 0000:00:1c.0: res[8]=[mem 0x00100000-0x000fffff] get_res_add_size add_size 200000
<7>[    0.501517] pci 0000:00:1c.0: res[9]=[mem 0x00100000-0x000fffff 64bit pref] get_res_add_size add_size 200000
<7>[    0.501522] pci 0000:00:1c.0: res[7]=[io  0x1000-0x0fff] get_res_add_size add_size 1000
<6>[    0.501546] pci 0000:00:1c.0: BAR 8: assigned [mem 0x91b00000-0x91cfffff]
<6>[    0.501562] pci 0000:00:1c.0: BAR 9: assigned [mem 0x91d00000-0x91efffff 64bit pref]
<6>[    0.501570] pci 0000:00:1c.0: BAR 7: assigned [io  0x1000-0x1fff]
<6>[    0.501577] pci 0000:00:1c.0: PCI bridge to [bus 01]
<6>[    0.501604] pci 0000:00:1c.0:   bridge window [io  0x1000-0x1fff]
<6>[    0.501673] pci 0000:00:1c.0:   bridge window [mem 0x91b00000-0x91cfffff]
<6>[    0.501721] pci 0000:00:1c.0:   bridge window [mem 0x91d00000-0x91efffff 64bit pref]
<7>[    0.501812] pci_bus 0000:00: resource 4 [io  0x0000-0x006f]
<7>[    0.501817] pci_bus 0000:00: resource 5 [io  0x0078-0x0cf7]
<7>[    0.501822] pci_bus 0000:00: resource 6 [io  0x0d00-0xffff]
<7>[    0.501827] pci_bus 0000:00: resource 7 [mem 0x000a0000-0x000bffff]
<7>[    0.501832] pci_bus 0000:00: resource 8 [mem 0x000c0000-0x000dffff]
<7>[    0.501837] pci_bus 0000:00: resource 9 [mem 0x000e0000-0x000fffff]
<7>[    0.501842] pci_bus 0000:00: resource 10 [mem 0x20000000-0x201fffff]
<7>[    0.501847] pci_bus 0000:00: resource 11 [mem 0x7ce00001-0x7ee00000]
<7>[    0.501852] pci_bus 0000:00: resource 12 [mem 0x80000000-0xdfffffff]
<7>[    0.501858] pci_bus 0000:01: resource 0 [io  0x1000-0x1fff]
<7>[    0.501863] pci_bus 0000:01: resource 1 [mem 0x91b00000-0x91cfffff]
<7>[    0.501868] pci_bus 0000:01: resource 2 [mem 0x91d00000-0x91efffff 64bit pref]
<6>[    0.501960] NET: Registered protocol family 2
<6>[    0.502416] TCP established hash table entries: 16384 (order: 5, 131072 bytes)
<6>[    0.502520] TCP bind hash table entries: 16384 (order: 6, 262144 bytes)
<6>[    0.502634] TCP: Hash tables configured (established 16384 bind 16384)
<6>[    0.502708] TCP: reno registered
<6>[    0.502715] UDP hash table entries: 1024 (order: 3, 32768 bytes)
<6>[    0.502740] UDP-Lite hash table entries: 1024 (order: 3, 32768 bytes)
<6>[    0.502879] NET: Registered protocol family 1
<7>[    0.503878] pci 0000:00:02.0: Boot video device
<7>[    0.504348] PCI: CLS 64 bytes, default 64
<6>[    0.506769] ACPI: \_SB_.PCI0.I2C1.BATC: Device_STA 0x00
<6>[    0.506829] ACPI: \_SB_.PCI0.I2C7.BATC: Device_STA 0x00
<6>[    0.508320] ACPI: \_SB_.PCI0.I2C1.BATC: Device_STA 0x00
<6>[    0.508378] ACPI: \_SB_.PCI0.I2C7.BATC: Device_STA 0x00
<3>[    0.509640] i2c i2c-2: Failed to register i2c client KIOX0009:00 at 0x0e (-16)
<3>[    0.517755] i2c i2c-2: failed to add I2C device KIOX0009:00 from ACPI
<6>[    0.525905] ACPI: \_SB_.PCI0.I2C1.BATC: Device_STA 0x00
<6>[    0.525963] ACPI: \_SB_.PCI0.I2C7.BATC: Device_STA 0x00
<6>[    0.526628] ACPI: \_SB_.PCI0.I2C1.BATC: Device_STA 0x00
<6>[    0.526686] ACPI: \_SB_.PCI0.I2C7.BATC: Device_STA 0x00
<6>[    0.527327] ACPI: \_SB_.PCI0.I2C1.BATC: Device_STA 0x00
<6>[    0.527383] ACPI: \_SB_.PCI0.I2C7.BATC: Device_STA 0x00
<6>[    0.528384] ACPI: \_SB_.PCI0.I2C1.BATC: Device_STA 0x00
<6>[    0.528441] ACPI: \_SB_.PCI0.I2C7.BATC: Device_STA 0x00
<6>[    0.528609] i2c_designware 808622C1:06: _SEM=1
<6>[    0.528615] i2c_designware 808622C1:06: Share controller with PUNIT
<6>[    0.531151] Dollar Cove: IC_TYPE 0x51
<6>[    0.531336] EM:OEM1  table found, size=64
<6>[    0.531344] dc_xpwr_get_acpi_cdata: BCFG table found, size=313
<3>[    0.531348] dc_xpwr_get_acpi_cdata: battid and fg_name mismatch!!!
<6>[    0.538280] dc_xpwr_get_fg_config_data: Loading default fg config.
<6>[    0.579458] intel_soc_pmic_i2c i2c-INT33F4:00: PMIC IRQ Base:456
<6>[    0.582398] ACPI: \_SB_.PCI0.I2C1.BATC: Device_STA 0x00
<6>[    0.582476] ACPI: \_SB_.PCI0.I2C7.BATC: Device_STA 0x00
<6>[    0.582756] Trying to unpack rootfs image as initramfs...
<6>[    0.619320] Freeing initrd memory: 928K (ffff880000100000 - ffff8800001e8000)
<6>[    0.620388] microcode: CPU0 sig=0x406c4, pf=0x1, revision=0x406
<6>[    0.620404] microcode: CPU1 sig=0x406c4, pf=0x1, revision=0x406
<6>[    0.620425] microcode: CPU2 sig=0x406c4, pf=0x1, revision=0x406
<6>[    0.620468] microcode: CPU3 sig=0x406c4, pf=0x1, revision=0x406
<6>[    0.620702] microcode: Microcode Update Driver: v2.00 <tigran@aivazian.fsnet.co.uk>, Peter Oruba
<6>[    0.621713] Scanning for low memory corruption every 60 seconds
<6>[    0.623133] SSE version of gcm_enc/dec engaged.
<6>[    0.624548] sha1_ssse3: Using SSSE3 optimized SHA-1 implementation
<6>[    0.624638] sha256_ssse3: Using SSSE3 optimized SHA-256 implementation
<6>[    0.624803] sha512_ssse3: Using SSSE3 optimized SHA-512 implementation
<6>[    0.625053] AVX instructions are not detected.
<6>[    0.625092] atomisp_unregister_acpi_devices(1430): unregister i2c_device: OVTI2680:00! 					
<6>[    0.625092] client->flags is 0x00,					client->addr is 0x10, 					client->irq is -1.
<6>[    0.625476] vlv2_plat_clk vlv2_plat_clk: vlv2_plat_clk initialized
<6>[    0.625769] iwlwifi platform init
<6>[    0.627222] futex hash table entries: 1024 (order: 4, 65536 bytes)
<5>[    0.627264] Initialise system trusted keyring
<6>[    0.627308] audit: initializing netlink subsys (disabled)
<5>[    0.627355] audit: type=2000 audit(1512467787.599:1): initialized
<5>[    0.639737] VFS: Disk quotas dquot_6.5.2
<7>[    0.639988] Dquot-cache hash table entries: 512 (order 0, 4096 bytes)
<6>[    0.642651] squashfs: version 4.0 (2009/01/31) Phillip Lougher
<6>[    0.643560] fuse init (API version 7.22)
<6>[    0.644163] msgmni has been set to 3786
<5>[    0.644467] Key type big_key registered
<7>[    0.644473] SELinux:  Registering netfilter hooks
<5>[    0.647054] Key type asymmetric registered
<5>[    0.647062] Asymmetric key parser 'x509' registered
<6>[    0.647422] Block layer SCSI generic (bsg) driver version 0.4 loaded (major 248)
<6>[    0.647453] io scheduler noop registered
<6>[    0.647458] io scheduler deadline registered
<6>[    0.647674] io scheduler cfq registered (default)
<3>[    0.648121] intel_soc_pmic_i2c i2c-INT33F4:00: Failed to translate GPIO to IRQ
<6>[    0.660202] pcieport 0000:00:1c.0: enable runtime PM
<7>[    0.660715] pcieport 0000:00:1c.0: irq 134 for MSI/MSI-X
<6>[    0.662395] pcieport 0000:00:1c.0: Signaling PME through PCIe PME interrupt
<7>[    0.662468] pcie_pme 0000:00:1c.0:pcie01: service driver pcie_pme loaded
<6>[    0.662584] pci_hotplug: PCI Hot Plug PCI Core version: 0.5
<6>[    0.663032] pciehp 0000:00:1c.0:pcie04: Slot #0 AttnBtn- AttnInd- PwrInd- PwrCtrl- MRL- Interlock- NoCompl+ LLActRep+
<7>[    0.663316] pciehp 0000:00:1c.0:pcie04: service driver pciehp loaded
<6>[    0.663453] pciehp: PCI Express Hot Plug Controller Driver version: 0.4
<6>[    0.663944] simple-framebuffer simple-framebuffer.0: framebuffer at 0x80000000, 0x8cd000 bytes, mapped to 0xffffc90004100000
<6>[    0.663953] simple-framebuffer simple-framebuffer.0: format=a8r8g8b8, mode=1200x1922x32, linelength=4800
<6>[    0.664218] simple-framebuffer simple-framebuffer.0: fb0: simplefb registered!
<7>[    0.664339] intel_idle: MWAIT substates: 0x33000020
<7>[    0.664345] intel_idle: v0.4 model 0x4C
<7>[    0.664349] intel_idle: lapic_timer_reliable_states 0xffffffff
<6>[    0.665346] input: Power Button as /devices/LNXSYSTM:00/device:00/PNP0C0C:00/input/input0
<6>[    0.665354] ACPI: Power Button [PWRB]
<6>[    0.665747] input: Power Button as /devices/LNXSYSTM:00/LNXPWRBN:00/input/input1
<6>[    0.665753] ACPI: Power Button [PWRF]
<6>[    0.676368] thermal LNXTHERM:00: registered as thermal_zone0
<6>[    0.676377] ACPI: Thermal Zone [TZ00] (0 C)
<6>[    0.680858] LDO_2: 3300 mV normal 
<3>[    0.681385] dcovex_regulator dcovex_regulator.9: No dcovex_regulator_info
<4>[    0.689021] dcovex_regulator: probe of dcovex_regulator.9 failed with error -22
<6>[    0.698466] Serial: 8250/16550 driver, 4 ports, IRQ sharing enabled
<6>[    0.718991] 00:02: ttyS0 at I/O 0x3f8 (irq = 4, base_baud = 115200) is a 16550A
<6>[    0.724184] Found a Designware HSU
<6>[    0.724455] 8086228A:00: ttyHSU0 at MMIO 0x91a21000 (irq = 39, base_baud = 2764800) is a hsu_port0
<6>[    0.725111] Found a Designware HSU
<6>[    0.725361] 8086228A:01: ttyHSU1 at MMIO 0x91a1f000 (irq = 40, base_baud = 2764800) is a hsu_port1
<4>[    0.727270] hpet: number irqs doesn't agree with number of timers
<6>[    0.735200] Non-volatile memory driver v1.3
<6>[    0.735241] Linux agpgart interface v0.103
<6>[    0.735818] [drm] Initialized drm 1.1.0 20060810
<6>[    0.740300] [drm] Memory usable by graphics device = 2048M
<7>[    0.740312] checking generic (80000000 8cd000) vs hw (80000000 10000000)
<6>[    0.740316] fb: switching to inteldrmfb from simple
<7>[    0.745769] i915 0000:00:02.0: irq 135 for MSI/MSI-X
<6>[    0.745798] [drm] Supports vblank timestamp caching Rev 2 (21.10.2013).
<6>[    0.745803] [drm] Driver supports precise vblank timestamp query.
<6>[    0.748184] vgaarb: device changed decodes: PCI:0000:00:02.0,olddecodes=io+mem,decodes=io+mem:owns=io+mem
<6>[    0.750192] [drm] hdmi port 3, ddc_bus 3, hpd_pin 6
<6>[    0.791428] [drm] Falling back to bit banging on pin 3
<3>[    0.823596] i2c i2c-9: normal 7 bit addr failed
<6>[    0.839001] [drm] Falling back to bit banging on pin 3
<3>[    0.871168] i2c i2c-9: normal 7 bit addr failed
<3>[    0.876281] [drm:intel_hdmi_get_edid] *ERROR* Get_hdmi cant read edid
<4>[    0.945685] i915 0000:00:02.0: Direct firmware load failed with error -2
<4>[    0.953208] i915 0000:00:02.0: Falling back to user helper
<6>[    0.959412] i915 0000:00:02.0: fb0: inteldrmfb frame buffer device
<6>[    0.959419] i915 0000:00:02.0: registered panic notifier
<6>[    0.961768] ACPI: Video Device [GFX0] (multi-head: yes  rom: no  post: no)
<6>[    0.964534] acpi device:02: registered as cooling_device4
<6>[    0.966171] acpi device:03: registered as cooling_device5
<6>[    0.968541] acpi device:04: registered as cooling_device6
<6>[    0.970887] acpi device:05: registered as cooling_device7
<6>[    0.973473] acpi device:06: registered as cooling_device8
<6>[    0.976326] acpi device:07: registered as cooling_device9
<6>[    0.979101] acpi device:08: registered as cooling_device10
<6>[    0.981271] acpi device:09: registered as cooling_device11
<6>[    0.982520] input: Video Bus as /devices/LNXSYSTM:00/device:00/PNP0A08:00/LNXVIDEO:00/input/input2
<6>[    0.983142] [drm] Initialized i915 1.6.0 20080730 for 0000:00:02.0 on minor 0
<6>[    0.993692] brd: module loaded
<6>[    0.998019] loop: module loaded
<6>[    0.998553] zram: Created 1 device(s) ...
<7>[    0.999244] mei_txe 0000:00:1a.0: irq 136 for MSI/MSI-X
<6>[    1.007212] tun: Universal TUN/TAP device driver, 1.6
<6>[    1.007221] tun: (C) 1999-2004 Max Krasnyansky <maxk@qualcomm.com>
<6>[    1.007450] PPP generic driver version 2.4.2
<6>[    1.007749] PPP BSD Compression module registered
<6>[    1.007755] PPP Deflate Compression module registered
<6>[    1.007772] PPP MPPE Compression module registered
<6>[    1.007777] NET: Registered protocol family 24
<6>[    1.007925] usbcore: registered new interface driver catc
<6>[    1.008048] usbcore: registered new interface driver kaweth
<6>[    1.008054] pegasus: v0.9.3 (2013/04/25), Pegasus/Pegasus II USB Ethernet driver
<6>[    1.008175] usbcore: registered new interface driver pegasus
<6>[    1.008296] usbcore: registered new interface driver rtl8150
<6>[    1.008420] usbcore: registered new interface driver r8152
<6>[    1.008563] usbcore: registered new interface driver asix
<6>[    1.008698] usbcore: registered new interface driver ax88179_178a
<6>[    1.008833] usbcore: registered new interface driver cdc_ether
<6>[    1.008964] usbcore: registered new interface driver cdc_eem
<6>[    1.009092] usbcore: registered new interface driver dm9601
<6>[    1.009239] usbcore: registered new interface driver smsc75xx
<6>[    1.009385] usbcore: registered new interface driver smsc95xx
<6>[    1.009522] usbcore: registered new interface driver net1080
<6>[    1.009651] usbcore: registered new interface driver cdc_subset
<6>[    1.009787] usbcore: registered new interface driver zaurus
<6>[    1.009929] usbcore: registered new interface driver MOSCHIP usb-ethernet driver
<6>[    1.010082] usbcore: registered new interface driver ipheth
<6>[    1.010217] usbcore: registered new interface driver sierra_net
<6>[    1.010382] usbcore: registered new interface driver cdc_ncm
<6>[    1.011152] EM:OEM1  table found, size=64
<6>[    1.011158] cht_otg_probe : usb none_compliance mode selected
<4>[    1.011353] usb_phy_gen_xceiv.1 supply vcc not found, using dummy regulator
<6>[    1.019204] usb_phy_gen_xceiv usb_phy_gen_xceiv.1: No RESET GPIO is available
<6>[    1.019210] usb_phy_gen_xceiv usb_phy_gen_xceiv.1: No CS GPIO is available
<6>[    1.220912] dwc3 dwc3.0.auto: dwc3_suspend_common
<6>[    1.224623] ehci_hcd: USB 2.0 'Enhanced' Host Controller (EHCI) Driver
<6>[    1.224656] ehci-pci: EHCI PCI platform driver
<6>[    1.228400] ohci_hcd: USB 1.1 'Open' Host Controller (OHCI) Driver
<6>[    1.228430] uhci_hcd: USB Universal Host Controller Interface driver
<6>[    1.229619] xhci_hcd 0000:00:14.0: xHCI Host Controller
<6>[    1.230415] xhci_hcd 0000:00:14.0: new USB bus registered, assigned bus number 1
<7>[    1.490099] xhci_hcd 0000:00:14.0: cache line size of 64 is not supported
<7>[    1.490242] xhci_hcd 0000:00:14.0: irq 137 for MSI/MSI-X
<6>[    1.490521] usb usb1: New USB device found, idVendor=1d6b, idProduct=0002
<6>[    1.490528] usb usb1: New USB device strings: Mfr=3, Product=2, SerialNumber=1
<6>[    1.490535] usb usb1: Product: xHCI Host Controller
<6>[    1.490540] usb usb1: Manufacturer: Linux 3.14.37-x86_64-L1-R517 xhci_hcd
<6>[    1.490545] usb usb1: SerialNumber: 0000:00:14.0
<6>[    1.491729] hub 1-0:1.0: USB hub found
<6>[    1.491771] hub 1-0:1.0: 7 ports detected
<6>[    1.493745] xhci_hcd 0000:00:14.0: xHCI Host Controller
<6>[    1.494152] xhci_hcd 0000:00:14.0: new USB bus registered, assigned bus number 2
<6>[    1.494348] usb usb2: New USB device found, idVendor=1d6b, idProduct=0003
<6>[    1.494355] usb usb2: New USB device strings: Mfr=3, Product=2, SerialNumber=1
<6>[    1.494360] usb usb2: Product: xHCI Host Controller
<6>[    1.494366] usb usb2: Manufacturer: Linux 3.14.37-x86_64-L1-R517 xhci_hcd
<6>[    1.494370] usb usb2: SerialNumber: 0000:00:14.0
<6>[    1.495183] hub 2-0:1.0: USB hub found
<6>[    1.495230] hub 2-0:1.0: 6 ports detected
<6>[    1.498362] usbcore: registered new interface driver cdc_acm
<6>[    1.498368] cdc_acm: USB Abstract Control Model driver for USB modems and ISDN adapters
<6>[    1.498532] usbcore: registered new interface driver usb-storage
<6>[    1.498676] usbcore: registered new interface driver ums-realtek
<6>[    1.499005] usbcore: registered new interface driver usbserial
<6>[    1.499140] usbcore: registered new interface driver usbserial_generic
<6>[    1.499292] usbserial: USB Serial support registered for generic
<6>[    1.499425] usbcore: registered new interface driver ark3116
<6>[    1.499554] usbserial: USB Serial support registered for ark3116
<6>[    1.499691] usbcore: registered new interface driver belkin_sa
<6>[    1.499817] usbserial: USB Serial support registered for Belkin / Peracom / GoHubs USB Serial Adapter
<6>[    1.499961] usbcore: registered new interface driver ch341
<6>[    1.500091] usbserial: USB Serial support registered for ch341-uart
<6>[    1.500227] usbcore: registered new interface driver cp210x
<6>[    1.500391] usbserial: USB Serial support registered for cp210x
<6>[    1.500539] usbcore: registered new interface driver digi_acceleport
<6>[    1.500672] usbserial: USB Serial support registered for Digi 2 port USB adapter
<6>[    1.500802] usbserial: USB Serial support registered for Digi 4 port USB adapter
<6>[    1.500948] usbcore: registered new interface driver f81232
<6>[    1.501083] usbserial: USB Serial support registered for f81232
<6>[    1.501223] usbcore: registered new interface driver ftdi_sio
<6>[    1.501376] usbserial: USB Serial support registered for FTDI USB Serial Device
<6>[    1.501555] usbcore: registered new interface driver mct_u232
<6>[    1.501688] usbserial: USB Serial support registered for MCT U232
<6>[    1.501828] usbcore: registered new interface driver mos7720
<6>[    1.501969] usbserial: USB Serial support registered for Moschip 2 port adapter
<6>[    1.502119] usbcore: registered new interface driver mos7840
<6>[    1.502254] usbserial: USB Serial support registered for Moschip 7840/7820 USB Serial Driver
<6>[    1.502414] usbcore: registered new interface driver option
<6>[    1.502541] usbserial: USB Serial support registered for GSM modem (1-port)
<6>[    1.502717] usbcore: registered new interface driver oti6858
<6>[    1.502844] usbserial: USB Serial support registered for oti6858
<6>[    1.502975] usbcore: registered new interface driver pl2303
<6>[    1.503107] usbserial: USB Serial support registered for pl2303
<6>[    1.503243] usbcore: registered new interface driver spcp8x5
<6>[    1.503398] usbserial: USB Serial support registered for SPCP8x5
<6>[    1.503537] usbcore: registered new interface driver ssu100
<6>[    1.503674] usbserial: USB Serial support registered for Quatech SSU-100 USB to Serial Driver
<6>[    1.503822] usbcore: registered new interface driver ti_usb_3410_5052
<6>[    1.503955] usbserial: USB Serial support registered for TI USB 3410 1 port adapter
<6>[    1.504086] usbserial: USB Serial support registered for TI USB 5052 2 port adapter
<6>[    1.504235] usbcore: registered new interface driver whiteheat
<6>[    1.504370] usbserial: USB Serial support registered for Connect Tech - WhiteHEAT - (prerenumeration)
<6>[    1.504502] usbserial: USB Serial support registered for Connect Tech - WhiteHEAT
<6>[    1.504637] usbcore: registered new interface driver keyspan_pda
<6>[    1.504770] usbserial: USB Serial support registered for Keyspan PDA
<6>[    1.504902] usbserial: USB Serial support registered for Xircom / Entregra PGS - (prerenumeration)
<6>[    1.505055] usbcore: registered new interface driver usb_ehset_test
<6>[    1.505708] mousedev: PS/2 mouse device common for all mice
<6>[    1.506641] ##gsl_platform_init gsl_ts_init:##
<7>[    1.506840] Martin Debug: gsl_ts_probe ++
<7>[    1.508165] [tp-gsl] 0xfc = {0x50910000}
<6>[    1.594136] wgq[hub_suspend-3520] msg[1] 
<6>[    1.594166] wgq[xhci_bus_suspend-1171]
<6>[    1.597113] wgq[hub_suspend-3520] msg[1] 
<6>[    1.597294] wgq[xhci_bus_suspend-1171]
<6>[    1.622828] tsc: Refined TSC clocksource calibration: 1439.953 MHz
<6>[    1.623370] Switched to clocksource tsc
<7>[    2.017773] =============gsl_load_fw start==============
<5>[    5.122103] random: nonblocking pool is initialized
<7>[    5.769391] =============gsl_load_fw end==============
<6>[    6.078846] input: GSL_TP as /devices/pci0000:00/808622C1:05/i2c-5/5-0071/input/input3
<7>[    6.081976] ## kionix_accel_init 1864 ##
<7>[    6.082175] ## kionix_accel_probe 1562 ##
<7>[    6.082180] ## kionix_accel_probe 1567 ##
<6>[    6.082861] kionix_accel 2-0072: this accelerometer is a KXTJ2-1009.
<6>[    6.083175] input: kionix_accel as /devices/pci0000:00/808622C1:02/i2c-2/2-0072/input/input4
<6>[    6.083985] kionix_accel 2-0072: running in software polling mode
<7>[    6.085811] kionix_accel_probe......sysfs_create_group.....6Ly...
<7>[    6.085830] ## kionix_accel_probe 1774 ##
<7>[    6.085834] ## kionix_accel_probe 1782 ##
<7>[    6.086087] ### MyDebug gsl_acpi_probe ... 
<7>[    6.086091] ### MyDebug  ACPI_HANDLE ok 
<7>[    6.086191] gpio reset resource 0, no 332
<1>[    6.139243] I2C_Read I2C Read Fail !!!!
<3>[    6.143545] LTR303ALS i2c-LTER0303:00: _check_part_id: Part failure miscompare act:0x86 exp:0xa0
<6>[    6.153671] input: ltr303_als as /devices/virtual/input/input5
<1>[    6.207521] I2C_Read I2C Read Fail !!!!
<3>[    6.211868] LTR303ALS i2c-LTER0303:00: _ltr303_set_bit | 0x80
<3>[    6.218310] LTR303ALS i2c-LTER0303:00: ltr303_setup: ALS reset fail...
<3>[    6.225627] LTR303ALS i2c-LTER0303:00: ltr303_setup Unable to setup device
<3>[    6.233386] LTR303ALS i2c-LTER0303:00: ltr303_probe: Setup Fail...
<4>[    6.240504] LTR303ALS: probe of i2c-LTER0303:00 failed with error -5
<6>[    6.247816] AKM compass driver: initialize.## BMG_init 1651 ##
<3>[    6.456485] bmg160 2-0074: I2C xfer error
<6>[    6.460976] bmg160 2-0074: read chip id result: 0x0
<3>[    6.636627] bmg160 2-0074: I2C xfer error
<6>[    6.641117] bmg160 2-0074: read chip id result: 0x0
<3>[    6.815373] bmg160 2-0074: I2C xfer error
<6>[    6.819862] bmg160 2-0074: read chip id result: 0x0
<3>[    6.995401] bmg160 2-0074: I2C xfer error
<6>[    6.999892] bmg160 2-0074: read chip id result: 0x0
<3>[    7.173563] bmg160 2-0074: I2C xfer error
<6>[    7.178046] bmg160 2-0074: read chip id result: 0x0
<5>[    7.179054] bmg160 2-0074: Bosch Sensortec Device bmg160 detected
<3>[    7.350489] bmg160 2-0074: I2C xfer error
<3>[    7.354979] bmg160 2-0074: bw_set fail
<4>[    7.359180] bmg160: probe of 2-0074 failed with error -22
<6>[    7.365409] AKM compass driver: initialize.## akm_compass_init 2172 ##
<3>[    7.366750] akm09911 2-0073: akm_i2c_rxdata: transfer failed.
<4>[    7.373198] akm09911: probe of 2-0073 failed with error -121
<6>[    7.380981] rtc_cmos 00:07: rtc core: registered rtc_cmos as rtc0
<6>[    7.381045] rtc_cmos 00:07: alarms up to one month, y3k, 242 bytes nvram
<6>[    7.381489] i2c /dev entries driver
<6>[    7.384914] usbcore: registered new interface driver uvcvideo
<6>[    7.384922] USB Video Class driver (1.1.1)
<6>[    7.385891] dollar_cove_battery dollar_cove_battery: FG data need to be initialized
<6>[    7.385897] dollar_cove_battery dollar_cove_battery: DisableFG during  initialization
<6>[    7.448542] dollar_cove_battery dollar_cove_battery: reg:33, val:f9
<6>[    7.450091] dollar_cove_battery dollar_cove_battery: reg:c0, val:0
<6>[    7.451536] dollar_cove_battery dollar_cove_battery: reg:c1, val:0
<6>[    7.452980] dollar_cove_battery dollar_cove_battery: reg:c2, val:0
<6>[    7.454424] dollar_cove_battery dollar_cove_battery: reg:c3, val:0
<6>[    7.455868] dollar_cove_battery dollar_cove_battery: reg:c4, val:0
<6>[    7.457312] dollar_cove_battery dollar_cove_battery: reg:c5, val:0
<6>[    7.458757] dollar_cove_battery dollar_cove_battery: reg:c6, val:1
<6>[    7.460304] dollar_cove_battery dollar_cove_battery: reg:c7, val:2
<6>[    7.461748] dollar_cove_battery dollar_cove_battery: reg:c8, val:3
<6>[    7.463192] dollar_cove_battery dollar_cove_battery: reg:c9, val:4
<6>[    7.464636] dollar_cove_battery dollar_cove_battery: reg:ca, val:6
<6>[    7.466080] dollar_cove_battery dollar_cove_battery: reg:cb, val:c
<6>[    7.467524] dollar_cove_battery dollar_cove_battery: reg:cc, val:13
<6>[    7.468969] dollar_cove_battery dollar_cove_battery: reg:cd, val:1c
<6>[    7.470516] dollar_cove_battery dollar_cove_battery: reg:ce, val:27
<6>[    7.471959] dollar_cove_battery dollar_cove_battery: reg:cf, val:2b
<6>[    7.473405] dollar_cove_battery dollar_cove_battery: reg:d0, val:2f
<6>[    7.474849] dollar_cove_battery dollar_cove_battery: reg:d1, val:32
<6>[    7.476292] dollar_cove_battery dollar_cove_battery: reg:d2, val:35
<6>[    7.477736] dollar_cove_battery dollar_cove_battery: reg:d3, val:3b
<6>[    7.479180] dollar_cove_battery dollar_cove_battery: reg:d4, val:40
<6>[    7.480624] dollar_cove_battery dollar_cove_battery: reg:d5, val:44
<6>[    7.482171] dollar_cove_battery dollar_cove_battery: reg:d6, val:47
<6>[    7.483614] dollar_cove_battery dollar_cove_battery: reg:d7, val:4a
<6>[    7.485058] dollar_cove_battery dollar_cove_battery: reg:d8, val:4f
<6>[    7.486502] dollar_cove_battery dollar_cove_battery: reg:d9, val:52
<6>[    7.487946] dollar_cove_battery dollar_cove_battery: reg:da, val:54
<6>[    7.489390] dollar_cove_battery dollar_cove_battery: reg:db, val:56
<6>[    7.490834] dollar_cove_battery dollar_cove_battery: reg:dc, val:59
<6>[    7.492380] dollar_cove_battery dollar_cove_battery: reg:dd, val:5d
<6>[    7.493824] dollar_cove_battery dollar_cove_battery: reg:de, val:61
<6>[    7.495268] dollar_cove_battery dollar_cove_battery: reg:df, val:64
<6>[    7.496711] dollar_cove_battery dollar_cove_battery: reg:b8, val:ea
<6>[    7.498154] dollar_cove_battery dollar_cove_battery: reg:e0, val:8a
<6>[    7.499598] dollar_cove_battery dollar_cove_battery: reg:e1, val:b6
<6>[    7.501042] dollar_cove_battery dollar_cove_battery: reg:ba, val:c0
<6>[    7.502589] dollar_cove_battery dollar_cove_battery: reg:bb, val:83
<3>[    7.512783] dollar_cove_battery dollar_cove_battery: capacity measurement not valid
<4>[    7.529514] thermal thermal_zone1: failed to read out thermal zone 1
<6>[    7.541943] dollar_cove_battery dollar_cove_battery: IRQ No:472
<6>[    7.546266] dollar_cove_battery dollar_cove_battery: IRQ No:473
<3>[    7.552183] dollar_cove_battery dollar_cove_battery: capacity measurement not valid
<6>[    7.555030] dollar_cove_battery dollar_cove_battery: IRQ No:474
<6>[    7.557885] dollar_cove_battery dollar_cove_battery: IRQ No:475
<6>[    7.560856] dollar_cove_battery dollar_cove_battery: IRQ No:480
<6>[    7.565184] dollar_cove_battery dollar_cove_battery: IRQ No:481
<6>[    7.585601] dollar_cove_charger dollar_cove_charger: IRQ No:460
<6>[    7.588592] dollar_cove_charger dollar_cove_charger: IRQ No:466
<6>[    7.591483] dollar_cove_charger dollar_cove_charger: IRQ No:467
<6>[    7.594384] dollar_cove_charger dollar_cove_charger: IRQ No:468
<6>[    7.597267] dollar_cove_charger dollar_cove_charger: IRQ No:469
<6>[    7.600238] dollar_cove_charger dollar_cove_charger: IRQ No:476
<6>[    7.603106] dollar_cove_charger dollar_cove_charger: IRQ No:477
<6>[    7.606087] dollar_cove_charger dollar_cove_charger: IRQ No:478
<6>[    7.608951] dollar_cove_charger dollar_cove_charger: IRQ No:479
<6>[    7.833417] register_usb_notifier
<6>[    7.861289] dollar_cove_charger dollar_cove_charger: pmic_chrg_probe: otg_gpio=407
<6>[    7.861384] dollar_cove_charger dollar_cove_charger: pmic_chrg_probe:Successfuly enabled otg_gpio=407
<6>[    7.861621] dollar_cove_charger dollar_cove_charger: pmic_chrg_enable_charger: enable=1
<6>[    7.864108] dollar_cove_charger dollar_cove_charger: dc_xpwr_otg_event_worker: id_short=0
<3>[    7.867063] intel_powerclamp: Intel powerclamp does not run on family 6 model 76
<4>[    7.876827] int3400 thermal: probe of INT3400:00 failed with error -17
<7>[    7.885540] ACPI Exception: AE_ERROR, Returned by Handler for [UserDefinedRegion] (20131218/evregion-297)
<7>[    7.885556] ACPI Error: Method parse/execution failed [\_SB_.STR0._TMP] (Node ffff880073083a00), AE_ERROR (20131218/psparse-536)
<4>[    7.885582] thermal thermal_zone4: failed to read out thermal zone 4
<6>[    7.892717] dollar_cove_charger dollar_cove_charger: pmic_chrg_set_cc: cc=0
<7>[    7.894424] ACPI Exception: AE_ERROR, Returned by Handler for [UserDefinedRegion] (20131218/evregion-297)
<7>[    7.894439] ACPI Error: Method parse/execution failed [\_SB_.STR3._TMP] (Node ffff880073085500), AE_ERROR (20131218/psparse-536)
<4>[    7.894462] thermal thermal_zone5: failed to read out thermal zone 5
<6>[    7.902196] iTCO_wdt: Intel TCO WatchDog Timer Driver v1.11
<6>[    7.902284] iTCO_wdt: Found a Cherry Trail SoC TCO device (Version=3, TCOBASE=0x0460)
<6>[    7.902790] iTCO_wdt: initialized. heartbeat=30 sec (nowayout=0)
<6>[    7.903283] device-mapper: uevent: version 1.0.3
<6>[    7.903656] device-mapper: ioctl: 4.27.0-ioctl (2013-10-30) initialised: dm-devel@redhat.com
<6>[    7.903903] sdhci: Secure Digital Host Controller Interface driver
<6>[    7.903908] sdhci: Copyright(c) Pierre Ossman
<6>[    7.904424] mmc0: no vqmmc regulator found
<6>[    7.904431] mmc0: no vmmc regulator found
<6>[    7.904687] mmc0: SDHCI controller on ACPI [80860F14:00] using ADMA
<6>[    7.905114] mmc1: no vqmmc regulator found
<6>[    7.905122] mmc1: no vmmc regulator found
<6>[    7.905546] mmc1: SDHCI controller on ACPI [INT33BB:00] using ADMA
<6>[    7.905866] mmc2: no vqmmc regulator found
<6>[    7.909640] mmc2: SDHCI controller on ACPI [80860F14:01] using ADMA
<6>[    7.909765] dollar_cove_charger dollar_cove_charger: pmic_chrg_set_cv: cv=0
<6>[    7.914053] dcdbas dcdbas: Dell Systems Management Base Driver (version 5.6.0-3.2)
<6>[    7.914086] EFI Variables Facility v0.08 2004-May-17
<6>[    7.927196] hidraw: raw HID events driver (C) Jiri Kosina
<6>[    7.930318] usbcore: registered new interface driver usbhid
<6>[    7.930325] usbhid: USB HID core driver
<6>[    7.930924] ashmem: initialized
<6>[    7.931175] logger: created 256K log 'log_main'
<6>[    7.931389] logger: created 256K log 'log_events'
<6>[    7.931593] logger: created 256K log 'log_radio'
<6>[    7.931800] logger: created 256K log 'log_system'
<6>[    7.932542] mdm_ctrl: probing mdm_ctrl
<6>[    7.932552] mdm_ctrl: Getting device infos
<3>[    7.932556] get_modem_acpi_data: Retrieving modem info from ACPI for device MCD0001:05
<6>[    7.941602] retrieve_acpi_modem_data: Getting ACPI data...
<3>[    7.941624] get_acpi_param: acpi_evaluate_object, status:0
<3>[    7.947828] get_acpi_param: acpi_evaluate_object, status:5
<3>[    7.953979] get_acpi_param: ERROR 5 evaluating ID:CONF
<6>[    7.959735] CONF field is empty. Might be a Baytrail FFRD8 board
<3>[    7.959743] get_acpi_param: acpi_evaluate_object, status:5
<3>[    7.965949] get_acpi_param: ERROR 5 evaluating ID:PMIC
<3>[    7.971707] retrieve_acpi_modem_data: ERROR evaluating PMIC info
<3>[    7.978445] retrieve_acpi_modem_data: ERROR retrieving data from ACPI!!!
<3>[    7.985993] mdm_ctrl modem_ctrl_get_dev_data: No registered info found. Disabling driver.
<3>[    7.995013] mdm_ctrl: failed to retrieve platform data
<3>[    8.001020] mdm_ctrl: ERROR initializing MCD (err:-19)
<6>[    8.007441] intel_warn_int: initialized. Interrupt=SCI GPE 0x0e
<6>[    8.015096] trigger_algo:Algo_status:2
<6>[    8.026000] dollar_cove_pwrsrc dollar_cove_pwrsrc: dc_xpwr_pwrsrc_probe: gpio_mux_cntl=297
<6>[    8.026032] dollar_cove_pwrsrc dollar_cove_pwrsrc: dc_xpwr_pwrsrc_probe:Successfuly enabled gpio_mux_cntl=297
<6>[    8.026052] dollar_cove_pwrsrc dollar_cove_pwrsrc: dc_xpwr_pwrsrc_probe: id_short=0
<6>[    8.050980] dollar_cove_adc dollar_cove_adc: dc_xpwr adc probed
<6>[    8.053735] mmc0: BKOPS_EN bit is not set
<4>[    8.053747] intel_rapl: RAPL domain uncore detection failed
<4>[    8.060005] intel_rapl: RAPL domain dram detection failed
<6>[    8.066753] rmnet_async_init++
<6>[    8.066759]  rmnet_init++
<6>[    8.066779] rmnet_setup++
<4>[    8.067193] [mmc_select_timing]: debug for change mmc mode from HS200 to DDR50.
<6>[    8.067409] rmnet_setup++
<6>[    8.068266] rmnet_setup++
<6>[    8.069184] 3RMNET: registering line disc successful.
<6>[    8.069788] usbcore: registered new interface driver snd-usb-audio
<6>[    8.070404] nau8824_i2c_probe enter
<3>[    8.071472] snd_intel_sst: sst_platform_get_resources_edk
<3>[    8.071507] snd_intel_sst: LPE base: 0x91600000 size:0x200000
<3>[    8.071519] snd_intel_sst: IRAM base: 0x916c0000
<3>[    8.071526] snd_intel_sst: DRAM base: 0x91700000
<3>[    8.071544] snd_intel_sst: SHIM base: 0x91740000
<3>[    8.071551] snd_intel_sst: Mailbox base: 0x91744000
<3>[    8.071900] snd_intel_sst: DDR base: 0x20000000
<6>[    8.071900] snd_intel_sst: Enter: sst_audio_platform_init
<6>[    8.071903] snd_intel_sst: audio:set_cht_platform_config
<6>[    8.072110] snd_soc_sst_platform: sst_platform_probe is deferred
<6>[    8.072122] platform sst-platform: Driver sst-platform requests probe deferral
<3>[    8.072128] snd_intel_sst: board_name:Cherry Trail CR
<6>[    8.072130] snd_intel_sst: Registering machine device cht_nau88l24
<3>[    8.072286] snd_intel_sst: Requesting FW fw_sst_22a8.bin now...
<4>[    8.072348] intel_sst_acpi 808622A8:00: Direct firmware load failed with error -2
<4>[    8.072351] intel_sst_acpi 808622A8:00: Falling back to user helper
<6>[    8.073356] Netfilter messages via NETLINK v0.30.
<6>[    8.073390] nf_conntrack version 0.5.0 (16384 buckets, 65536 max)
<6>[    8.073748] ctnetlink v0.93: registering with nfnetlink.
<6>[    8.103384] ip_tables: (C) 2000-2006 Netfilter Core Team
<6>[    8.103479] TCP: cubic registered
<6>[    8.103481] Initializing XFRM netlink socket
<6>[    8.104691] NET: Registered protocol family 10
<6>[    8.106000] ip6_tables: (C) 2000-2006 Netfilter Core Team
<6>[    8.142001] sit: IPv6 over IPv4 tunneling driver
<6>[    8.142837] NET: Registered protocol family 17
<6>[    8.142868] NET: Registered protocol family 15
<6>[    8.142889] l2tp_core: L2TP core driver, V2.0
<6>[    8.142899] l2tp_ppp: PPPoL2TP kernel driver, V2.0
<5>[    8.142922] Key type dns_resolver registered
<5>[    8.145062] Loading compiled-in X.509 certificates
<5>[    8.147659] Loaded X.509 cert 'Magrathea: Glacier signing key: 7c4181dccca95878810a6b86656840e10ea02724'
<6>[    8.147677] registered taskstats version 1
<6>[    8.150005] LDO_2: disabling
<6>[    8.152879] regulator-dummy: disabling
<6>[    8.153325] snd_soc_sst_platform: sst_platform_probe is deferred
<6>[    8.153341] platform sst-platform: Driver sst-platform requests probe deferral
<6>[    8.153360]   Magic number: 13:256:929
<6>[    8.153449] axp288_gpio dollar_cove_gpio: hash matches
<6>[    8.153925] console [netcon0] enabled
<6>[    8.153930] netconsole: network logging started
<6>[    8.158618] dwc3 dwc3.0.auto: dwc3_resume_common
<6>[    8.159295] dwc3 dwc3.0.auto: dwc3_suspend_common
<6>[    8.159548] mmc0: new DDR MMC card at address 0001
<6>[    8.159554] file system registered
<6>[    8.160149] mmcblk0: mmc0:0001 BWBD3R 29.1 GiB 
<6>[    8.160315] mmcblk0boot0: mmc0:0001 BWBD3R partition 1 4.00 MiB
<6>[    8.160467] mmcblk0boot1: mmc0:0001 BWBD3R partition 2 4.00 MiB
<6>[    8.160675] mmcblk0rpmb: mmc0:0001 BWBD3R partition 3 4.00 MiB
<6>[    8.162591] Number of LUNs=8
<6>[    8.162605] Mass Storage Function, version: 2009/09/11
<6>[    8.162611] LUN: removable file: (no medium)
<6>[    8.163217] android_usb gadget: android_usb ready
<6>[    8.167363] dwc3 dwc3.0.auto: dwc3_resume_common
<6>[    8.167879]  mmcblk0: p1 p2 p3 p4 p5 p6 p7 p8 p9 p10 p11 p12 p13 p14 p15
<6>[    8.168339] dwc3 dwc3.0.auto: dwc3_suspend_common
<6>[    8.169309] input: gpio-keys as /devices/platform/gpio-keys.1.auto/input/input6
<6>[    8.169979] snd_soc_sst_platform: sst_platform_probe is deferred
<6>[    8.169996] platform sst-platform: Driver sst-platform requests probe deferral
<6>[    8.170118] input: gpio-keys as /devices/platform/gpio-keys.2.auto/input/input7
<6>[    8.170415] snd_soc_sst_platform: sst_platform_probe is deferred
<6>[    8.170428] platform sst-platform: Driver sst-platform requests probe deferral
<6>[    8.171523] rtc_cmos 00:07: setting system clock to 2017-12-05 09:56:36 UTC (1512467796)
<6>[    8.172969] Boot boost enabled
<6>[    8.173039] BIOS EDD facility v0.16 2004-Jun-25, 0 devices found
<6>[    8.173043] EDD information not available.
<3>[    8.173968] had: Vidya: Enter alsa_card_intelhad_init
<6>[    8.179707] had: ******** HAD DRIVER loading.. Ver: 0.01.003
<6>[    8.180367]  mmcblk0boot1: unknown partition table
<6>[    8.181567] [drm] mid_hdmi_audio_register: Scheduling HDMI audio work queue
<6>[    8.181706] snd_soc_sst_platform: sst_platform_probe is deferred
<6>[    8.181724] platform sst-platform: Driver sst-platform requests probe deferral
<6>[    8.181811]  mmcblk0boot0: unknown partition table
<3>[    8.181903] cht_nau88l24 cht_nau88l24: ASoC: CPU DAI Headset-cpu-dai not registered
<6>[    8.182129] snd_soc_sst_platform: sst_platform_probe is deferred
<6>[    8.182137] platform sst-platform: Driver sst-platform requests probe deferral
<3>[    8.190527] cht_cr_nau88l24: snd_soc_register_card failed -517
<6>[    8.197219] platform cht_nau88l24: Driver cht_nau88l24 requests probe deferral
<6>[    8.197365] snd_soc_sst_platform: sst_platform_probe is deferred
<6>[    8.197375] platform sst-platform: Driver sst-platform requests probe deferral
<3>[    8.197428] cht_nau88l24 cht_nau88l24: ASoC: CPU DAI Headset-cpu-dai not registered
<6>[    8.197530] cht_cr_nau88l24: Cherrytrail Machine Driver cht_nau8824 registerd
<6>[    8.197554] ALSA device list:
<6>[    8.197558]   #0: 
<3>[    8.206069] cht_cr_nau88l24: snd_soc_register_card failed -517
<6>[    8.206075] platform cht_nau88l24: Driver cht_nau88l24 requests probe deferral
<6>[    8.215637] Freeing unused kernel memory: 1248K (ffffffff8241a000 - ffffffff82552000)
<6>[    8.215647] Write protecting the kernel read-only data: 18432k
<6>[    8.229943] Freeing unused kernel memory: 2008K (ffff880001a0a000 - ffff880001c00000)
<6>[    8.231076] Freeing unused kernel memory: 156K (ffff8800021d9000 - ffff880002200000)
<11>[    8.232314] init: bootmode=unknown!!
<6>[    8.239635] mmc1: new high speed SDIO card at address 0001
<7>[    8.239802] SELinux: 2048 avtab hash slots, 5867 rules.
<7>[    8.241381] SELinux: 2048 avtab hash slots, 5867 rules.
<7>[    8.241402] SELinux:  1 users, 2 roles, 475 types, 0 bools, 1 sens, 1024 cats
<7>[    8.241409] SELinux:  86 classes, 5867 rules
<7>[    8.242109] SELinux:  Completing initialization.
<7>[    8.242113] SELinux:  Setting up existing superblocks.
<7>[    8.242125] SELinux: initialized (dev tmpfs, type tmpfs), uses transition SIDs
<7>[    8.242147] SELinux: initialized (dev rootfs, type rootfs), uses genfs_contexts
<7>[    8.242182] SELinux: initialized (dev bdev, type bdev), not configured for labeling
<7>[    8.242190] SELinux: initialized (dev proc, type proc), uses genfs_contexts
<7>[    8.242207] SELinux: initialized (dev devtmpfs, type devtmpfs), uses transition SIDs
<7>[    8.242393] SELinux: initialized (dev debugfs, type debugfs), uses genfs_contexts
<7>[    8.246187] SELinux: initialized (dev sockfs, type sockfs), uses task SIDs
<7>[    8.246202] SELinux: initialized (dev pipefs, type pipefs), uses task SIDs
<7>[    8.246210] SELinux: initialized (dev anon_inodefs, type anon_inodefs), not configured for labeling
<7>[    8.246216] SELinux: initialized (dev aio, type aio), not configured for labeling
<7>[    8.246223] SELinux: initialized (dev devpts, type devpts), uses transition SIDs
<7>[    8.246239] SELinux: initialized (dev mqueue, type mqueue), uses transition SIDs
<7>[    8.246249] SELinux: initialized (dev selinuxfs, type selinuxfs), uses genfs_contexts
<7>[    8.246283] SELinux: initialized (dev drm, type drm), not configured for labeling
<7>[    8.246290] SELinux: initialized (dev configfs, type configfs), not configured for labeling
<7>[    8.246296] SELinux: initialized (dev tmpfs, type tmpfs), uses transition SIDs
<7>[    8.246315] SELinux: initialized (dev sysfs, type sysfs), uses genfs_contexts
<6>[    8.252050] dollar_cove_charger dollar_cove_charger: pmic_chrg_set_cc: cc=500
<5>[    8.264383] audit: type=1403 audit(1512467796.592:2): policy loaded auid=4294967295 ses=4294967295
<5>[    8.268188] audit: type=1404 audit(1512467796.596:3): enforcing=1 old_enforcing=0 auid=4294967295 ses=4294967295
<6>[    8.270416] dollar_cove_charger dollar_cove_charger: pmic_chrg_set_cv: cv=4350
<6>[    8.354077] dollar_cove_charger dollar_cove_charger: pmic_chrg_enable_charging: enable=0
<11>[    8.504392] init: /init.aosp.rc: 559: ignored duplicate definition of service 'media'
<11>[    8.513517] init: /init.aosp.rc: 590: ignored duplicate definition of service 'flash_recovery'
<11>[    8.523726] init: /init.cht_cr_mrd.rc: 199: invalid option 'start'
<11>[    8.531187] init: could not import file '/init.crashlogd.rc' from '/init.cht_cr_mrd.rc'
<6>[    8.539297] intel-cht-otg intel-cht-otg.0: USB_EVENT_VBUS vbus valid
<6>[    8.539303] dwc3 dwc3.0.auto: DWC3 OTG Notify USB_EVENT_VBUS
<6>[    8.539309] dollar_cove_pwrsrc dollar_cove_pwrsrc: [OTG notification]evt:1 val:-1
<6>[    8.539312] process_cable_props: event:0, type:1, ma:500
<11>[    8.540325] init: could not import file '/init.coredump.rc' from '/init.cht_cr_mrd.rc'
<6>[    8.543652] intel-cht-otg intel-cht-otg.0: USB_EVENT_VBUS vbus valid
<6>[    8.543655] dollar_cove_pwrsrc dollar_cove_pwrsrc: [OTG notification]evt:1 val:-1
<6>[    8.543657] process_cable_props: event:0, type:1, ma:500
<11>[    8.549203] init: could not import file '/init.debug-charging.rc' from '/init.cht_cr_mrd.rc'
<6>[    8.552538] intel-cht-otg intel-cht-otg.0: watchdog started
<6>[    8.556248] dwc3 dwc3.0.auto: dwc3_resume_common
<11>[    8.558666] init: could not import file '/init.diag.rc' from '/init.cht_cr_mrd.rc'
<11>[    8.567309] init: /init.modem.allinone.rc: 146: ignored duplicate definition of service 'ril-daemon'
<7>[    8.578333] SELinux: initialized (dev binfmt_misc, type binfmt_misc), uses genfs_contexts
<6>[    8.783914] dollar_cove_charger dollar_cove_charger: pmic_chrg_enable_charging: enable=1
<6>[    9.007870] trigger_algo:Algo_status:2
<6>[    9.038010] dollar_cove_charger dollar_cove_charger: pmic_chrg_set_cc: cc=1000
<6>[    9.055871] dollar_cove_charger dollar_cove_charger: pmic_chrg_set_cv: cv=4350
<6>[    9.167439] dollar_cove_charger dollar_cove_charger: pmic_chrg_enable_charging: enable=1
<6>[    9.186638] dollar_cove_charger dollar_cove_charger: pmic_chrg_enable_charging: enable=1
<6>[    9.638126] trigger_algo:Algo_status:2
<6>[    9.662751] dollar_cove_charger dollar_cove_charger: pmic_chrg_set_cc: cc=1000
<6>[    9.679996] dollar_cove_charger dollar_cove_charger: pmic_chrg_set_cv: cv=4350
<11>[    9.782837] init: /dev/hw_random not found
<6>[    9.787480] keychord: using input dev Power Button for fevent
<6>[    9.787487] keychord: using input dev Power Button for fevent
<6>[    9.787515] keychord: using input dev gpio-keys for fevent
<6>[    9.787525] keychord: using input dev gpio-keys for fevent
<7>[    9.788008] SELinux: initialized (dev cgroup, type cgroup), uses genfs_contexts
<7>[    9.788186] SELinux: initialized (dev tmpfs, type tmpfs), uses transition SIDs
<7>[    9.788399] SELinux: initialized (dev cgroup, type cgroup), uses genfs_contexts
<7>[    9.789575] SELinux: initialized (dev tmpfs, type tmpfs), uses transition SIDs
<7>[    9.789698] SELinux: initialized (dev tmpfs, type tmpfs), uses transition SIDs
<7>[    9.790751] SELinux: initialized (dev cgroup, type cgroup), uses genfs_contexts
<7>[    9.791361] SELinux: initialized (dev pstore, type pstore), uses genfs_contexts
<11>[    9.792563] init: /dev/hw_random not found
<6>[    9.816097] bio: create slab <bio-1> at 1
<6>[    9.832406] EXT4-fs (dm-0): mounted filesystem with ordered data mode. Opts: (null)
<7>[    9.832427] SELinux: initialized (dev dm-0, type ext4), uses xattr
<14>[    9.832504] fs_mgr: __mount(source=/dev/block/dm-0,target=/system,type=ext4)=0
<4>[    9.833010] EXT4-fs (mmcblk0p8): Ignoring removed nomblk_io_submit option
<6>[    9.850189] EXT4-fs (mmcblk0p8): mounted filesystem with ordered data mode. Opts: nomblk_io_submit,errors=remount-ro
<7>[    9.850212] SELinux: initialized (dev mmcblk0p8, type ext4), uses xattr
<14>[    9.850275] fs_mgr: check_fs(): mount(/dev/block/by-name/android_cache,/cache,ext4)=0
<14>[    9.876062] fs_mgr: Running /system/bin/e2fsck on /dev/block/by-name/android_cache
<14>[   10.003058] e2fsck: e2fsck 1.42.9 (28-Dec-2013)
<14>[   10.003106] e2fsck: /dev/block/by-name/android_cache: clean, 24/96000 files, 12648/384000 blocks
<6>[   10.007826] EXT4-fs (mmcblk0p8): mounted filesystem with ordered data mode. Opts: errors=panic
<7>[   10.007846] SELinux: initialized (dev mmcblk0p8, type ext4), uses xattr
<14>[   10.007898] fs_mgr: __mount(source=/dev/block/by-name/android_cache,target=/cache,type=ext4)=0
<3>[   10.008305] EXT4-fs (mmcblk0p9): VFS: Can't find ext4 filesystem
<14>[   10.015190] fs_mgr: check_fs(): mount(/dev/block/by-name/android_data,/data,ext4)=-1
<14>[   10.015209] fs_mgr: Running /system/bin/e2fsck on /dev/block/by-name/android_data
<14>[   10.024502] e2fsck: e2fsck 1.42.9 (28-Dec-2013)
<14>[   10.024534] e2fsck: ext2fs_open2: Bad magic number in super-block
<14>[   10.024543] e2fsck: /system/bin/e2fsck: Superblock invalid, trying backup blocks...
<14>[   10.024550] e2fsck: /system/bin/e2fsck: Bad magic number in super-block while trying to open /dev/block/by-name/android_data
<14>[   10.024557] e2fsck: 
<14>[   10.024563] e2fsck: The superblock could not be read or does not describe a correct ext2
<14>[   10.024569] e2fsck: filesystem.  If the device is valid and it really contains an ext2
<14>[   10.024575] e2fsck: filesystem (and not swap or ufs or something else), then the superblock
<14>[   10.024581] e2fsck: is corrupt, and you might try running e2fsck with an alternate superblock:
<14>[   10.024587] e2fsck:     e2fsck -b 8193 <device>
<14>[   10.024593] e2fsck: 
<14>[   10.024603] e2fsck: e2fsck terminated by exit(8)
<3>[   10.025095] EXT4-fs (mmcblk0p9): VFS: Can't find ext4 filesystem
<14>[   10.035391] fs_mgr: __mount(source=/dev/block/by-name/android_data,target=/data,type=ext4)=-1
<11>[   10.036885] fs_mgr: fs_mgr_mount_all(): possibly an encryptable blkdev /dev/block/by-name/android_data for mount /data type ext4 )
<7>[   10.050098] SELinux: initialized (dev tmpfs, type tmpfs), uses transition SIDs
<4>[   10.051418] EXT4-fs (mmcblk0p11): Ignoring removed nomblk_io_submit option
<6>[   10.074778] EXT4-fs (mmcblk0p11): mounted filesystem with ordered data mode. Opts: nomblk_io_submit,errors=remount-ro
<7>[   10.074800] SELinux: initialized (dev mmcblk0p11, type ext4), uses xattr
<14>[   10.074854] fs_mgr: check_fs(): mount(/dev/block/by-name/android_config,/config,ext4)=0
<14>[   10.090312] fs_mgr: Running /system/bin/e2fsck on /dev/block/by-name/android_config
<14>[   10.096570] e2fsck: e2fsck 1.42.9 (28-Dec-2013)
<14>[   10.096603] e2fsck: /dev/block/by-name/android_config: clean, 18/512 files, 1078/2048 blocks
<6>[   10.100892] EXT4-fs (mmcblk0p11): mounted filesystem with ordered data mode. Opts: errors=panic
<7>[   10.100910] SELinux: initialized (dev mmcblk0p11, type ext4), uses xattr
<14>[   10.100955] fs_mgr: __mount(source=/dev/block/by-name/android_config,target=/config,type=ext4)=0
<7>[   10.101801] SELinux: initialized (dev functionfs, type functionfs), uses genfs_contexts
<11>[   10.106025] init: cannot find '/system/bin/bd_prov', disabling 'bd_prov'
<7>[   10.114415] SELinux: initialized (dev cgroup, type cgroup), uses genfs_contexts
<6>[   10.188930] Adding 102396k swap on /dev/block/zram0.  Priority:-1 extents:1 across:102396k SS
<6>[   10.220352] binder: 2426:2426 transaction failed 29189, size 0-0
<11>[   10.221243] init: cannot find '/system/bin/mmgr', disabling 'mmgr'
<5>[   10.224370] iTCO_wdt: iTCO_wdt_ping
<5>[   10.224376] iTCO_wdt: iTCO_wdt_ping
<6>[   10.284757] dollar_cove_charger dollar_cove_charger: Start Charging IRQ
<3>[   10.308574] bt_lpm OBDA8723:00: Error evaluating UART port number
<4>[   10.316041] ------------[ cut here ]------------
<4>[   10.323493] WARNING: CPU: 0 PID: 1 at ../../../../../../../kernel/cht/drivers/misc/bt_lpm/bt_lpm.c:241 set_wake_locked+0xb4/0xc0 [bt_lpm]()
<4>[   10.338718] Modules linked in: bt_lpm(+) ov8858_driver videobuf_vmalloc 6lowpan_iphc videobuf_core ip6table_raw iptable_raw rfkill_gpio
<4>[   10.353320] CPU: 0 PID: 1 Comm: init Not tainted 3.14.37-x86_64-L1-R517 #1
<4>[   10.361026] Hardware name: cube i1-TFD/Cherry Trail CR, BIOS 5.11 06/26/2017
<7>[   10.368921]  0000000000000009 ffff88007319db70 ffffffff819f4853 0000000000000000
<7>[   10.368929]  ffff88007319dba8 ffffffff8108993d 0000000000000000 ffff88007a06fc10
<7>[   10.368934]  ffff88007a06fc00 0000000000000006 0000000000000001 ffff88007319dbb8
<7>[   10.368940] Call Trace:
<4>[   10.368953]  [<ffffffff819f4853>] dump_stack+0x4e/0x7a
<4>[   10.374713]  [<ffffffff8108993d>] warn_slowpath_common+0x7d/0xa0
<4>[   10.381444]  [<ffffffff81089a1a>] warn_slowpath_null+0x1a/0x20
<4>[   10.387979]  [<ffffffffa00424b4>] set_wake_locked+0xb4/0xc0 [bt_lpm]
<4>[   10.395101]  [<ffffffffa0042554>] bt_lpm_rfkill_set_power+0x94/0xe0 [bt_lpm]
<4>[   10.402994]  [<ffffffffa0042864>] bt_lpm_probe+0x1f4/0x578 [bt_lpm]
<4>[   10.410040]  [<ffffffff815699a5>] platform_drv_probe+0x45/0xb0
<4>[   10.416582]  [<ffffffff81567152>] ? driver_sysfs_add+0x82/0xb0
<4>[   10.423304]  [<ffffffff8156789d>] driver_probe_device+0x12d/0x3e0
<4>[   10.430128]  [<ffffffff81567c23>] __driver_attach+0x93/0xa0
<4>[   10.436374]  [<ffffffff81567b90>] ? __device_attach+0x40/0x40
<4>[   10.442816]  [<ffffffff81565823>] bus_for_each_dev+0x63/0xa0
<4>[   10.449160]  [<ffffffff8156724e>] driver_attach+0x1e/0x20
<4>[   10.455213]  [<ffffffff81566e30>] bus_add_driver+0x180/0x250
<4>[   10.461571]  [<ffffffffa0047000>] ? 0xffffffffa0046fff
<4>[   10.467360]  [<ffffffff81568474>] driver_register+0x64/0xf0
<4>[   10.473610]  [<ffffffffa0047000>] ? 0xffffffffa0046fff
<4>[   10.479373]  [<ffffffff815698ca>] __platform_driver_register+0x4a/0x50
<4>[   10.486690]  [<ffffffffa004701e>] bt_lpm_init+0x1e/0x1000 [bt_lpm]
<4>[   10.493621]  [<ffffffff81000332>] do_one_initcall+0xf2/0x1a0
<4>[   10.499964]  [<ffffffff8103f6a3>] ? set_memory_nx+0x43/0x50
<4>[   10.506214]  [<ffffffff810fc04f>] load_module+0x1b2f/0x2490
<4>[   10.512455]  [<ffffffff810f7c80>] ? store_uevent+0x40/0x40
<4>[   10.518604]  [<ffffffff810fca71>] SyS_init_module+0xc1/0x110
<4>[   10.524945]  [<ffffffff81a03f49>] ia32_do_call+0x13/0x13
<4>[   10.530966] ---[ end trace d3b4470f580c75f2 ]---
<4>[   10.537626] ------------[ cut here ]------------
<38>[   10.539670] logd.auditd: start
<4>[   10.542971] WARNING: CPU: 0 PID: 1 at ../../../../../../../kernel/cht/drivers/misc/bt_lpm/bt_lpm.c:241 set_wake_locked+0xb4/0xc0 [bt_lpm]()
<7>[   10.557055] unicam:init_unicam
<4>[   10.557069] Modules linked in: unicam_driver(+) bt_lpm(+) ov8858_driver videobuf_vmalloc 6lowpan_iphc videobuf_core ip6table_raw iptable_raw rfkill_gpio
<4>[   10.572749] CPU: 0 PID: 1 Comm: init Tainted: G        W    3.14.37-x86_64-L1-R517 #1
<4>[   10.581524] Hardware name: cube i1-TFD/Cherry Trail CR, BIOS 5.11 06/26/2017
<7>[   10.589424]  0000000000000009 ffff88007319daf0 ffffffff819f4853 0000000000000000
<7>[   10.589432]  ffff88007319db28 ffffffff8108993d 0000000000000000 0000000000000001
<7>[   10.589439]  0000000000000001 ffff88007797b080 0000000000000001 ffff88007319db38
<7>[   10.589445] Call Trace:
<4>[   10.589459]  [<ffffffff819f4853>] dump_stack+0x4e/0x7a
<4>[   10.595225]  [<ffffffff8108993d>] warn_slowpath_common+0x7d/0xa0
<4>[   10.601962]  [<ffffffff81089a1a>] warn_slowpath_null+0x1a/0x20
<4>[   10.608504]  [<ffffffffa00424b4>] set_wake_locked+0xb4/0xc0 [bt_lpm]
<4>[   10.615626]  [<ffffffffa0042554>] bt_lpm_rfkill_set_power+0x94/0xe0 [bt_lpm]
<4>[   10.623528]  [<ffffffff819e90e0>] rfkill_set_block+0x90/0x140
<4>[   10.629970]  [<ffffffff819e91de>] __rfkill_switch_all+0x4e/0x70
<4>[   10.636605]  [<ffffffff819e97c6>] rfkill_register+0x276/0x2a0
<4>[   10.643046]  [<ffffffffa0042881>] bt_lpm_probe+0x211/0x578 [bt_lpm]
<4>[   10.650074]  [<ffffffff815699a5>] platform_drv_probe+0x45/0xb0
<4>[   10.656617]  [<ffffffff81567152>] ? driver_sysfs_add+0x82/0xb0
<4>[   10.663158]  [<ffffffff8156789d>] driver_probe_device+0x12d/0x3e0
<7>[   10.666873] unicam:uni_probe name: OVTI2680:01, unicam_data = 1215 
<7>[   10.666876] unicam:not find firmware PPR
<7>[   10.666878] unicam:uni_probe : uni_data[0].name ov5648
<6>[   10.666900] ppr_cam i2c-OVTI2680:01: gmin: initializing atomisp module subdev data.PMIC ID 2
<6>[   10.666903] ppr_cam i2c-OVTI2680:01: suddev name = ppr_cam 1-0036
<3>[   10.666910] gmin_get_var_int var: CamClk, ret: 4.
<3>[   10.666914] gmin_get_var_int var: ClkSrc, ret: 0.
<3>[   10.666917] gmin_get_var_int var: CsiPort, ret: 1.
<3>[   10.666921] gmin_get_var_int var: CsiLanes, ret: 1.
<3>[   10.667086] ppr_cam i2c-OVTI2680:01: gmin_subdev_add gpio0 is ok.
<3>[   10.667115] ppr_cam i2c-OVTI2680:01: gmin_subdev_add gpio1 is ok.
<7>[   10.667142] ################5########## entry uni_s_config  line = 2113 
<7>[   10.667144] ################5########## entry gpio_ctrl hw_reset_gpio_polarity 1 hw_reset_gpio_polarity 0 
<3>[   10.667146] gmin_gpio1_ctrl.
<3>[   10.667147] gmin_gpio1_ctrl enter.
<3>[   10.667157] gmin_gpio0_ctrl.
<3>[   10.667158] gmin_gpio0_ctrl enter.
<4>[   10.667326] (NULL device *): Failed to find gmin variable gmin_V2P8GPIO
<3>[   10.667327] gmin_get_config_var() the end return !ret = -2 
<3>[   10.667328] gmin_get_var_int var: V2P8GPIO, ret: ffffffff.
<4>[   10.667433] (NULL device *): Failed to find gmin variable gmin_V1P8GPIO
<3>[   10.667434] gmin_get_config_var() the end return !ret = -2 
<3>[   10.667435] gmin_get_var_int var: V1P8GPIO, ret: ffffffff.
<3>[   10.672931] gmin_v1p8_ctrl PMIC_AXP.
<3>[   10.676698] axp_regulator_set success.
<3>[   10.679757] axp_regulator_set success.
<7>[   10.693058] ################5########## entry gpio_ctrl hw_reset_gpio_polarity 1 hw_reset_gpio_polarity 0 
<3>[   10.693060] gmin_gpio0_ctrl.
<3>[   10.693061] gmin_gpio0_ctrl enter.
<3>[   10.695820] gmin_gpio0_ctrl.
<3>[   10.695822] gmin_gpio0_ctrl enter.
<3>[   10.716925] gmin_gpio0_ctrl.
<3>[   10.716927] gmin_gpio0_ctrl enter.
<3>[   10.719909] gmin_gpio1_ctrl.
<3>[   10.719911] gmin_gpio1_ctrl enter.
<6>[   10.746856] ppr_cam i2c-OVTI2680:01: camera pdata: port: 1 lanes: 1 order: 00000002
<7>[   10.746860] unicam:i2c addr:  0x36 0x36
<7>[   10.746863] unicam:uni_read_reg data_length:0x2 reg:0x300a 
<7>[   10.759065] unicam:det_id 0x2680 need 0x5648
<3>[   10.759073] ppr_cam i2c-OVTI2680:01: unicam_detect err s_config.
<7>[   10.759079] ################5########## entry gpio_ctrl hw_reset_gpio_polarity 1 hw_reset_gpio_polarity 0 
<3>[   10.759080] gmin_gpio1_ctrl.
<3>[   10.759081] gmin_gpio1_ctrl enter.
<3>[   10.759093] gmin_gpio0_ctrl.
<3>[   10.759093] gmin_gpio0_ctrl enter.
<3>[   10.761416] axp_regulator_set success.
<3>[   10.761417] gmin_v1p8_ctrl PMIC_AXP.
<3>[   10.766657] axp_regulator_set success.
<7>[   10.766663] unicam:uni_probe : uni_data[1].name ov5670
<7>[   10.766668] ################5########## entry uni_s_config  line = 2113 
<7>[   10.766669] ################5########## entry gpio_ctrl hw_reset_gpio_polarity 1 hw_reset_gpio_polarity 0 
<3>[   10.766670] gmin_gpio1_ctrl.
<3>[   10.766670] gmin_gpio1_ctrl enter.
<3>[   10.766681] gmin_gpio0_ctrl.
<3>[   10.766682] gmin_gpio0_ctrl enter.
<3>[   10.772629] gmin_v1p8_ctrl PMIC_AXP.
<3>[   10.775990] axp_regulator_set success.
<3>[   10.778993] axp_regulator_set success.
<7>[   10.792706] ################5########## entry gpio_ctrl hw_reset_gpio_polarity 1 hw_reset_gpio_polarity 0 
<3>[   10.792709] gmin_gpio0_ctrl.
<3>[   10.792709] gmin_gpio0_ctrl enter.
<3>[   10.795844] gmin_gpio0_ctrl.
<3>[   10.795846] gmin_gpio0_ctrl enter.
<3>[   10.816811] gmin_gpio0_ctrl.
<3>[   10.816813] gmin_gpio0_ctrl enter.
<3>[   10.820753] gmin_gpio1_ctrl.
<3>[   10.820755] gmin_gpio1_ctrl enter.
<6>[   10.846768] ppr_cam i2c-OVTI2680:01: camera pdata: port: 1 lanes: 1 order: 00000002
<7>[   10.846774] unicam:i2c addr:  0x36 0x36
<7>[   10.846776] unicam:uni_read_reg data_length:0x2 reg:0x300b 
<7>[   10.855379] unicam:det_id 0x8000 need 0x5670
<3>[   10.855387] ppr_cam i2c-OVTI2680:01: unicam_detect err s_config.
<7>[   10.855393] ################5########## entry gpio_ctrl hw_reset_gpio_polarity 1 hw_reset_gpio_polarity 0 
<3>[   10.855395] gmin_gpio1_ctrl.
<3>[   10.855395] gmin_gpio1_ctrl enter.
<3>[   10.855408] gmin_gpio0_ctrl.
<3>[   10.855408] gmin_gpio0_ctrl enter.
<3>[   10.859179] axp_regulator_set success.
<3>[   10.859180] gmin_v1p8_ctrl PMIC_AXP.
<3>[   10.862049] axp_regulator_set success.
<7>[   10.862053] unicam:uni_probe : uni_data[2].name ov2680
<7>[   10.862057] ################5########## entry uni_s_config  line = 2113 
<7>[   10.862059] ################5########## entry gpio_ctrl hw_reset_gpio_polarity 1 hw_reset_gpio_polarity 0 
<3>[   10.862060] gmin_gpio1_ctrl.
<3>[   10.862060] gmin_gpio1_ctrl enter.
<3>[   10.862069] gmin_gpio0_ctrl.
<3>[   10.862070] gmin_gpio0_ctrl enter.
<3>[   10.867761] gmin_v1p8_ctrl PMIC_AXP.
<3>[   10.871726] axp_regulator_set success.
<3>[   10.873729] axp_regulator_set success.
<7>[   10.887370] ################5########## entry gpio_ctrl hw_reset_gpio_polarity 1 hw_reset_gpio_polarity 0 
<3>[   10.887377] gmin_gpio0_ctrl.
<3>[   10.887379] gmin_gpio0_ctrl enter.
<3>[   10.889776] gmin_gpio0_ctrl.
<3>[   10.889778] gmin_gpio0_ctrl enter.
<3>[   10.910867] gmin_gpio0_ctrl.
<3>[   10.910869] gmin_gpio0_ctrl enter.
<3>[   10.913657] gmin_gpio1_ctrl.
<3>[   10.913659] gmin_gpio1_ctrl enter.
<6>[   10.940771] ppr_cam i2c-OVTI2680:01: camera pdata: port: 1 lanes: 1 order: 00000002
<7>[   10.940774] unicam:i2c addr:  0x36 0x36
<7>[   10.940777] unicam:uni_read_reg data_length:0x2 reg:0x300a 
<7>[   10.947639] unicam:det_id 0x2680 need 0x2680
<7>[   10.947643] ################5########## entry gpio_ctrl hw_reset_gpio_polarity 1 hw_reset_gpio_polarity 0 
<3>[   10.947645] gmin_gpio1_ctrl.
<3>[   10.947646] gmin_gpio1_ctrl enter.
<3>[   10.947659] gmin_gpio0_ctrl.
<3>[   10.947659] gmin_gpio0_ctrl enter.
<3>[   10.951029] axp_regulator_set success.
<3>[   10.951031] gmin_v1p8_ctrl PMIC_AXP.
<3>[   10.953310] axp_regulator_set success.
<6>[   10.953318] ppr_cam i2c-OVTI2680:01: register atomisp i2c module type 1
<7>[   10.953321] unicam:use build in table
<7>[   10.953323] unicam:uni_probe,af_type,0
<3>[   10.969270] sst-platform sst-platform: ASoC: no sink widget found for Audio Capture
<3>[   10.969274] sst-platform sst-platform: ASoC: Failed to add route media3_out -> direct -> Audio Capture
<6>[   10.986155] nau8824_codec_probe enter
<7>[   10.998044]  entry gc0310_init_mod 
<4>[   11.021303]  [<ffffffff81567c23>] __driver_attach+0x93/0xa0
<4>[   11.027706]  [<ffffffff81567b90>] ? __device_attach+0x40/0x40
<4>[   11.034156]  [<ffffffff81565823>] bus_for_each_dev+0x63/0xa0
