[    0.000000] Initializing cgroup subsys cpuset
[    0.000000] Initializing cgroup subsys cpu
[    0.000000] Initializing cgroup subsys cpuacct
[    0.000000] Linux version 3.10.73-ga5cec12 (android-build@vpak5.mtv.corp.google.com) (gcc version 4.9.x-google 20140827 (prerelease) (GCC) ) #1 SMP PREEMPT Wed Jun 8 18:39:54 UTC 2016
[    0.000000] CPU: AArch64 Processor [410fd032] revision 2
[    0.000000] Machine: Huawei Technologies, Inc. MSM8994 Angler VN2
[    0.000000] [SYNAP][DEBUG]early_parse_tp_panel_cmdline : touch panel is 2K, cmdlen = 65
[    0.000000] cma: Found secure_region@0, memory base 0x0000000000000000, size 300 MiB, limit 0xffffffffffffffff
[    0.000000] cma: Found adsp_region@0, memory base 0x0000000000000000, size 63 MiB, limit 0xffffffffffffffff
[    0.000000] cma: Found qsecom_region@0, memory base 0x0000000000000000, size 24 MiB, limit 0xffffffffffffffff
[    0.000000] cma: Found audio_region@0, memory base 0x0000000000000000, size 6 MiB, limit 0xffffffffffffffff
[    0.000000] cma: Found removed_regions@0, memory base 0x0000000006300000, size 13 MiB, limit 0xffffffffffffffff
[    0.000000] cma: Found dfps_data_mem@0, memory base 0x0000000003400000, size 0 MiB, limit 0xffffffffffffffff
[    0.000000] cma: Found cont_splash_mem@0, memory base 0x0000000003401000, size 16 MiB, limit 0xffffffffffffffff
[    0.000000] cma: Found peripheral_region@0, memory base 0x000000000ca00000, size 31 MiB, limit 0xffffffffffffffff
[    0.000000] cma: Found modem_region@0, memory base 0x0000000007000000, size 90 MiB, limit 0xffffffffffffffff
[    0.000000] cma: Found ramoops_region@0, memory base 0x000000001fe00000, size 2 MiB, limit 0xffffffffffffffff
[    0.000000] cma: Found tzapp_region@0, memory base 0x0000000004800000, size 25 MiB, limit 0xffffffffffffffff
[    0.000000] cma: CMA: reserved 300 MiB at 0x00000000cd400000 for secure_mem
[    0.000000] cma: CMA: reserved 64 MiB at 0x00000000c9400000 for adsp_mem
[    0.000000] cma: CMA: reserved 24 MiB at 0x00000000c7c00000 for qseecom_mem
[    0.000000] cma: CMA: reserved 8 MiB at 0x00000000c7400000 for audio_mem
[    0.000000] cma: CMA: reserved 13 MiB at 0x0000000006300000 for memory_hole
[    0.000000] cma: CMA: reserved 4 MiB at 0x0000000003400000 for dfps_data_mem
[    0.000000] cma: CMA: reserved 16 MiB at 0x0000000003800000 for cont_splash_mem
[    0.000000] cma: CMA: reserved 31 MiB at 0x000000000ca00000 for peripheral_mem
[    0.000000] cma: CMA: reserved 90 MiB at 0x0000000007000000 for modem_mem
[    0.000000] cma: CMA: reserved 2 MiB at 0x000000001fe00000 for ramoops_mem
[    0.000000] cma: CMA: reserved 25 MiB at 0x0000000004800000 for tzapp_mem
[    0.000000] cma: CMA: reserved 32 MiB at 0x00000000c5400000 for default region
[    0.000000] On node 0 totalpages: 745216
[    0.000000]   DMA zone: 11644 pages used for memmap
[    0.000000]   DMA zone: 0 pages reserved
[    0.000000]   DMA zone: 745216 pages, LIFO batch:31
[    0.000000] PERCPU: Embedded 15 pages/cpu @ffffffc0c1188000 s38656 r0 d22784 u61440
[    0.000000] pcpu-alloc: s38656 r0 d22784 u61440 alloc=15*4096
[    0.000000] pcpu-alloc: [0] 0 [0] 1 [0] 2 [0] 3 [0] 4 [0] 5 [0] 6 [0] 7 
[    0.000000] Built 1 zonelists in Zone order, mobility grouping on.  Total pages: 733572
[    0.000000] Kernel command line: sched_enable_hmp=1 sched_enable_power_aware=1 androidboot.hardware=angler androidboot.console=ttyHSL0 msm_rtb.filter=0x37 ehci-hcd.park=3 lpm_levels.sleep_disabled=1 boot_cpus=0-3 androidboot.bootdevice=f9824900.sdhci androidboot.verifiedbootstate=green androidboot.veritymode=enforcing androidboot.serialno=8XV7N16630000342 androidboot.wifimacaddr=DC:D9:16:55:58:8B androidboot.btmacaddr=DC:D9:16:55:5A:1B androidboot.hardware.revision=ANGLER-VN2 androidboot.bootloader=angler-03.52 androidboot.radio=angler-03.61 coherent_pool=8M restart.download_mode=0 console=NULL androidboot.wifi_cal= androidboot.mode=normal androidboot.authorized_kernel=true androidboot.baseband=msm mdss_mdp.panel=1:dsi:0:qcom,mdss_dsi_dualmipi0_cmd:1:qcom,mdss_dsi_dualmipi1_cmd androidboot.hardware.emmc=64GB,Toshiba androidboot.hardware.ddr=3072MB,SAMSUNG,LPDDR4 androidboot.bootreason=reboot androidboot.hardware.sku=H1511 androidboot.secure_hardware=1
[    0.000000] PID hash table entries: 4096 (order: 3, 32768 bytes)
[    0.000000] Dentry cache hash table entries: 524288 (order: 10, 4194304 bytes)
[    0.000000] Inode-cache hash table entries: 262144 (order: 9, 2097152 bytes)
[    0.000000] software IO TLB [mem 0xc0a88000-0xc0b88000] (1MB) mapped at [ffffffc0c0a88000-ffffffc0c0b87fff]
[    0.000000] Memory: 2418028K/2980864K available (12319K kernel code, 849K rwdata, 4992K rodata, 2129K init, 2968K bss, 562836K reserved)
[    0.000000] Virtual kernel memory layout:
[    0.000000]     vmalloc : 0xffffff8000000000 - 0xffffffbbffff0000   (245759 MB)
[    0.000000]     vmemmap : 0xffffffbc00000000 - 0xffffffbc03800000   (    56 MB)
[    0.000000]     modules : 0xffffffbffc000000 - 0xffffffc000000000   (    64 MB)
[    0.000000]     memory  : 0xffffffc000000000 - 0xffffffc0e0000000   (  3584 MB)
[    0.000000]       .init : 0xffffffc001400000 - 0xffffffc001614700   (  2130 kB)
[    0.000000]       .text : 0xffffffc000080000 - 0xffffffc0012e7d14   ( 18848 kB)
[    0.000000]       .data : 0xffffffc001615000 - 0xffffffc0016e9730   (   850 kB)
[    0.000000] SLUB: HWalign=64, Order=0-3, MinObjects=0, CPUs=8, Nodes=1
[    0.000000] HMP scheduling enabled.
[    0.000000] Preemptible hierarchical RCU implementation.
[    0.000000] 	RCU dyntick-idle grace-period acceleration is enabled.
[    0.000000] NR_IRQS:64 nr_irqs:64 0
[    0.000000] Architected cp15 and mmio timer(s) running at 19.20MHz (virt/virt).
[    0.000000] sched_clock: 56 bits at 19MHz, resolution 52ns, wraps every 3579139424256ns
[    0.001278] Calibrating delay loop (skipped), value calculated using timer frequency.. 38.00 BogoMIPS (lpj=64000)
[    0.001295] pid_max: default: 32768 minimum: 301
[    0.001492] Security Framework initialized
[    0.001526] SELinux:  Initializing.
[    0.001636] SELinux:  Starting in permissive mode
[    0.001702] Mount-cache hash table entries: 256
[    0.002738] Initializing cgroup subsys debug
[    0.002752] Initializing cgroup subsys freezer
[    0.003431] /cpus/cpu@0: Missing clock-frequency property
[    0.003445] /cpus/cpu@1: Missing clock-frequency property
[    0.003459] /cpus/cpu@2: Missing clock-frequency property
[    0.003474] /cpus/cpu@3: Missing clock-frequency property
[    0.003489] /cpus/cpu@4: Missing clock-frequency property
[    0.003504] /cpus/cpu@5: Missing clock-frequency property
[    0.003521] /cpus/cpu@6: Missing clock-frequency property
[    0.003539] /cpus/cpu@7: Missing clock-frequency property
[    0.006699] hw perfevents: enabled with arm/armv8-pmuv3 PMU driver, 7 counters available
[    0.016309] Core Debug Lock unlocked
[    0.016619] MSM Memory Dump base table set up
[    0.016638] MSM Memory Dump apps data table set up
[    0.016658] Configuring XPU violations to be fatal errors
[    0.017924] msm8994-v2: configuring clocks for the A57 cluster
[    0.017970] msm8994-v2: finished configuring A57 cluster clocks.
[    0.027018] Brought up 4 CPUs
[    0.027035] SMP: Total of 4 processors activated.
[    0.054890] pinctrl core: initialized pinctrl subsystem
[    0.055317] regulator-dummy: no parameters
[    0.073709] NET: Registered protocol family 16
[    0.077059] DMA: preallocated 8192 KiB pool for atomic allocations
[    0.122731] cma: Assigned CMA region at 0 to fd998300.qcom,mdss_dsi_pll device
[    0.131533] msm_watchdog f9017000.qcom,wdt: wdog absent resource not present
[    0.131899] msm_watchdog f9017000.qcom,wdt: MSM Watchdog Initialized
[    0.133723] cma: Assigned CMA region at 0 to 0.qcom,dsp_sharedmem device
[    0.134057] cma: Assigned CMA region at 0 to 0.qcom,sensors_sharedmem device
[    0.136836] spmi_pmic_arb fc4cf000.qcom,spmi: missing property: qcom,pmic-arb-max-peripherals
[    0.136853] spmi_pmic_arb fc4cf000.qcom,spmi: PMIC Arb Version-1 0x20000002
[    0.137092] spmi_pmic_arb fc4cf000.qcom,spmi: missing property: qcom,pmic-arb-max-periph-interrupts
[    0.145551] cma: Assigned CMA region at 0 to fdce0000.qcom,venus device
[    0.145897] cma: Assigned CMA region at 0 to fc880000.qcom,mss device
[    0.146165] cma: Assigned CMA region at 0 to fe200000.qcom,lpass device
[    0.153488] cma: Assigned CMA region at 0 to audio_heap.61 device
[    0.153676] cma: Assigned CMA region at 0 to adsp_heap.62 device
[    0.155042] mem_acc0_corner: 0 <--> 0 mV 
[    0.155515] mem_acc1_corner: 0 <--> 0 mV 
[    0.186360] cma: Assigned CMA region at 0 to ramoops.80 device
[    0.188344] console [pstore-1] enabled
[    0.188470] ramoops: attached 0x200000@0x1fe00000, ecc: 0/0
[    0.189272] vdso: 2 pages (1 code, 1 data) at base ffffffc00161d000
[    0.190375] msm_mpm_dev_probe(): Cannot get clk resource for XO
[    0.190407] platform fc4281d0.qcom,mpm: Driver mpm-v2 requests probe deferral
[    0.190762] smd_open() before smd_init()
[    0.190786] platform qcom,rpm-smd.27: Driver rpm-smd requests probe deferral
[    0.194299] smd_channel_probe_now: allocation table not initialized
[    0.195302] smd_channel_probe_now: allocation table not initialized
[    0.202162] pm8994_s8: 700 <--> 1180 mV at 1000 mV 
[    0.202363] spm_regulator_probe: name=pm8994_s8, range=LV, voltage=1000000 uV, mode=AUTO, step rate=2400 uV/us
[    0.202567] pm8994_s11: 700 <--> 1225 mV at 900 mV 
[    0.202720] spm_regulator_probe: name=pm8994_s11, range=LV, voltage=900000 uV, mode=AUTO, step rate=2400 uV/us
[    0.203464] cpr_efuse_init: apc0_corner: efuse_addr = 0x00000000fc4bc000 (len=0x1000)
[    0.203533] cpr_fuse_is_setting_expected: apc0_corner: [row:140] = 0x11119ce700889cec @61:3 == 1 ?: no
[    0.203561] cpr_read_fuse_revision: apc0_corner: fuse revision = 4
[    0.203721] cpr_adjust_init_voltages: apc0_corner: adjusted initial voltage[2]: 880000 -> 855000 uV
[    0.203741] cpr_adjust_init_voltages: apc0_corner: adjusted initial voltage[3]: 880000 -> 855000 uV
[    0.203768] cpr_pvs_init: apc0_corner: pvs voltage: [780000 855000 855000 1115000] uV
[    0.203786] cpr_pvs_init: apc0_corner: ceiling voltage: [900000 900000 1000000 1180000] uV
[    0.203802] cpr_pvs_init: apc0_corner: floor voltage: [700000 700000 780000 835000] uV
[    0.204109] platform f9019000.regulator: Driver qcom,cpr-regulator requests probe deferral
[    0.204345] cpr_efuse_init: apc1_corner: efuse_addr = 0x00000000fc4bc000 (len=0x1000)
[    0.204526] cpr_fuse_is_setting_expected: apc1_corner: [row:140] = 0x11119ce700889cec @61:3 == 1 ?: no
[    0.204554] cpr_read_fuse_revision: apc1_corner: fuse revision = 4
[    0.204577] cpr_parse_speed_bin_fuse: apc1_corner: [row: 22]: 0x1271c71c8a5e28b0, speed_bits = 0
[    0.204738] cpr_adjust_init_voltages: apc1_corner: adjusted initial voltage[3]: 930000 -> 905000 uV
[    0.204759] cpr_adjust_init_voltages: apc1_corner: adjusted initial voltage[4]: 1095000 -> 1060000 uV
[    0.204779] cpr_pvs_init: apc1_corner: pvs voltage: [810000 810000 905000 1060000] uV
[    0.204797] cpr_pvs_init: apc1_corner: ceiling voltage: [900000 900000 1000000 1225000] uV
[    0.204813] cpr_pvs_init: apc1_corner: floor voltage: [700000 700000 750000 835000] uV
[    0.205060] platform f901a000.regulator: Driver qcom,cpr-regulator requests probe deferral
[    0.205714] lab_reg: 4600 <--> 6000 mV at 5500 mV 
[    0.206160] ibb_reg: 4600 <--> 6000 mV at 5500 mV 
[    0.207159] i2c-msm-v2 f9923000.i2c: probing driver i2c-msm-v2
[    0.207289] i2c-msm-v2 f9923000.i2c: error on clk_get(core_clk):-517
[    0.207309] i2c-msm-v2 f9923000.i2c: error probe() failed with err:-517
[    0.207343] platform f9923000.i2c: Driver i2c-msm-v2 requests probe deferral
[    0.207684] i2c-msm-v2 f9924000.i2c: probing driver i2c-msm-v2
[    0.207854] i2c-msm-v2 f9924000.i2c: error on clk_get(core_clk):-517
[    0.207872] i2c-msm-v2 f9924000.i2c: error probe() failed with err:-517
[    0.207900] platform f9924000.i2c: Driver i2c-msm-v2 requests probe deferral
[    0.208223] i2c-msm-v2 f9963000.i2c: probing driver i2c-msm-v2
[    0.208332] i2c-msm-v2 f9963000.i2c: error on clk_get(core_clk):-517
[    0.208351] i2c-msm-v2 f9963000.i2c: error probe() failed with err:-517
[    0.208378] platform f9963000.i2c: Driver i2c-msm-v2 requests probe deferral
[    0.208715] i2c-msm-v2 f9967000.i2c: probing driver i2c-msm-v2
[    0.208824] i2c-msm-v2 f9967000.i2c: error on clk_get(core_clk):-517
[    0.208842] i2c-msm-v2 f9967000.i2c: error probe() failed with err:-517
[    0.208869] platform f9967000.i2c: Driver i2c-msm-v2 requests probe deferral
[    0.209208] i2c-msm-v2 f9928000.i2c: probing driver i2c-msm-v2
[    0.209312] i2c-msm-v2 f9928000.i2c: error on clk_get(core_clk):-517
[    0.209330] i2c-msm-v2 f9928000.i2c: error probe() failed with err:-517
[    0.209356] platform f9928000.i2c: Driver i2c-msm-v2 requests probe deferral
[    0.213470] msm-thermal qcom,msm-thermal.59: msm_thermal:Failed reading node=/soc/qcom,msm-thermal, key=qcom,rpm-phase-resource-type err=-22. KTM continues
[    0.213502] msm-thermal qcom,msm-thermal.59: msm_thermal:Failed reading node=/soc/qcom,msm-thermal, key=qcom,gfx-sensor-id. err=-22. KTM continues
[    0.213592] msm_thermal:msm_thermal_dev_probe Failed reading node=/soc/qcom,msm-thermal, key=qcom,freq-control-mask. err:-517
[    0.213621] platform qcom,msm-thermal.59: Driver msm-thermal requests probe deferral
[    0.214347] sps:sps is ready.
[    0.215854] platform fc401880.qcom,rpmcc: Driver qcom,rpmcc-8994 requests probe deferral
[    0.216557] platform fc400000.qcom,gcc: Driver qcom,gcc-8994 requests probe deferral
[    0.217338] platform fd8c0000.qcom,mmsscc: Driver qcom,mmsscc-8994 requests probe deferral
[    0.218327] platform f9015000.qcom,cpu-clock-8994: Driver cpu-clock-8994 requests probe deferral
[    0.219618] msm_mpm_dev_probe(): Cannot get clk resource for XO
[    0.219654] platform fc4281d0.qcom,mpm: Driver mpm-v2 requests probe deferral
[    0.220824] pm8994_s1_corner: 0 <--> 0 mV at 0 mV normal idle 
[    0.221331] pm8994_s1_floor_corner: 0 <--> 0 mV at 0 mV normal idle 
[    0.222017] pm8994_s1_corner_ao: 0 <--> 0 mV at 0 mV normal idle 
[    0.222685] pm8994_s2_corner: 0 <--> 0 mV at 0 mV normal idle 
[    0.223112] pm8994_s2_corner_ao: 0 <--> 0 mV at 0 mV normal idle 
[    0.223649] pm8994_s3: 1300 mV normal idle 
[    0.224248] pm8994_s4: 1800 mV normal idle 
[    0.224769] pm8994_s5: 2150 mV normal idle 
[    0.225312] pm8994_s7: 1000 mV normal idle 
[    0.225873] pm8994_l1: 1000 mV normal idle 
[    0.226414] pm8994_l2: 1250 mV normal idle 
[    0.227442] pm8994_l3: 1250 mV normal idle 
[    0.227991] pm8994_l4: 1225 mV normal idle 
[    0.228528] pm8994_l6: 1800 mV normal idle 
[    0.229075] pm8994_l8: 1800 mV normal idle 
[    0.229605] pm8994_l9: 1800 mV normal idle 
[    0.230132] pm8994_l10: 1800 mV normal idle 
[    0.230686] pm8994_l11: 1200 mV normal idle 
[    0.231277] pm8994_l12: 1800 mV normal idle 
[    0.232247] pm8994_l13: 1800 <--> 2950 mV at 2950 mV normal idle 
[    0.232811] pm8994_l14: 1800 mV normal idle 
[    0.233705] pm8994_l15: 1800 mV normal idle 
[    0.234303] pm8994_l16: 2700 mV normal idle 
[    0.234836] pm8994_l17: 2700 <--> 2800 mV at 2800 mV normal idle 
[    0.235926] pm8994_l18: 2850 mV normal idle 
[    0.236480] pm8994_l19: 3300 mV normal idle 
[    0.237325] pm8994_l20: 2950 mV normal idle 
[    0.237910] pm8994_l21: 2950 mV normal idle 
[    0.238476] pm8994_l22: 3100 mV normal idle 
[    0.239019] pm8994_l23: 2800 mV normal idle 
[    0.239585] pm8994_l24: 3075 <--> 3150 mV at 3075 mV normal idle 
[    0.240127] pm8994_l25: 1200 mV normal idle 
[    0.240662] pm8994_l26: 987 mV normal idle 
[    0.241245] pm8994_l27: 1050 mV normal idle 
[    0.242078] pm8994_l28: 1000 mV normal idle 
[    0.243038] pm8994_l29: 2700 <--> 2800 mV at 2700 mV normal idle 
[    0.243600] pm8994_l30: 1850 mV normal idle 
[    0.244850] pm8994_l31: 1200 mV normal idle 
[    0.245404] pm8994_l32: 1800 mV normal idle 
[    0.245948] pm8994_lvs1: no parameters
[    0.248382] pm8994_lvs2: no parameters
[    0.248906] pmi8994_s1: 1025 mV normal idle 
[    0.249466] pmi8994_s2_corner: 0 <--> 0 mV at 0 mV normal idle 
[    0.249910] pmi8994_s2_floor_corner: 0 <--> 0 mV at 0 mV normal idle 
[    0.250426] pmi8994_boost_5v: no parameters
[    0.250814] pmi8994_boost_pin_ctrl: no parameters
[    0.251363] pmi8994_boostbypass: 3150 <--> 3600 mV at 3150 mV normal idle 
[    0.251887] cpr_efuse_init: apc0_corner: efuse_addr = 0x00000000fc4bc000 (len=0x1000)
[    0.251958] cpr_fuse_is_setting_expected: apc0_corner: [row:140] = 0x11119ce700889cec @61:3 == 1 ?: no
[    0.251986] cpr_read_fuse_revision: apc0_corner: fuse revision = 4
[    0.252145] cpr_adjust_init_voltages: apc0_corner: adjusted initial voltage[2]: 880000 -> 855000 uV
[    0.252166] cpr_adjust_init_voltages: apc0_corner: adjusted initial voltage[3]: 880000 -> 855000 uV
[    0.252194] cpr_pvs_init: apc0_corner: pvs voltage: [780000 855000 855000 1115000] uV
[    0.252211] cpr_pvs_init: apc0_corner: ceiling voltage: [900000 900000 1000000 1180000] uV
[    0.252228] cpr_pvs_init: apc0_corner: floor voltage: [700000 700000 780000 835000] uV
[    0.252560] cpr_init_cpr_efuse: apc0_corner: [row:137] = 0x2b98919100000000
[    0.252597] cpr_init_cpr_efuse: apc0_corner: Corner[1]: ro_sel = 0, target quot = 340
[    0.252615] cpr_init_cpr_efuse: apc0_corner: Corner[2]: ro_sel = 0, target quot = 350
[    0.252632] cpr_init_cpr_efuse: apc0_corner: Corner[3]: ro_sel = 0, target quot = 490
[    0.252649] cpr_init_cpr_efuse: apc0_corner: Corner[4]: ro_sel = 0, target quot = 870
[    0.252682] cpr_adjust_target_quots: apc0_corner: Corner[2]: adjusted target quot = 300
[    0.252700] cpr_adjust_target_quots: apc0_corner: Corner[3]: adjusted target quot = 400
[    0.252749] cpr_minimum_quot_difference_adjustment: apc0_corner: Corner[2]: revised adjusted quotient = 340
[    0.252841] cpr_get_corner_quot_adjustment: apc0_corner: fuse corner 2 quotient adjustment scaling factor: 0.000
[    0.252856] cpr_get_corner_quot_adjustment: apc0_corner: fuse corner 3 quotient adjustment scaling factor: 0.194
[    0.252871] cpr_get_corner_quot_adjustment: apc0_corner: fuse corner 4 quotient adjustment scaling factor: 0.597
[    0.252893] cpr_get_corner_quot_adjustment: apc0_corner: adjusted quotient[1] = 340
[    0.252905] cpr_get_corner_quot_adjustment: apc0_corner: adjusted quotient[2] = 340
[    0.252918] cpr_get_corner_quot_adjustment: apc0_corner: adjusted quotient[3] = 340
[    0.252931] cpr_get_corner_quot_adjustment: apc0_corner: adjusted quotient[4] = 340
[    0.252943] cpr_get_corner_quot_adjustment: apc0_corner: adjusted quotient[5] = 368
[    0.252955] cpr_get_corner_quot_adjustment: apc0_corner: adjusted quotient[6] = 382
[    0.252968] cpr_get_corner_quot_adjustment: apc0_corner: adjusted quotient[7] = 400
[    0.252980] cpr_get_corner_quot_adjustment: apc0_corner: adjusted quotient[8] = 458
[    0.252992] cpr_get_corner_quot_adjustment: apc0_corner: adjusted quotient[9] = 515
[    0.253004] cpr_get_corner_quot_adjustment: apc0_corner: adjusted quotient[10] = 687
[    0.253016] cpr_get_corner_quot_adjustment: apc0_corner: adjusted quotient[11] = 745
[    0.253028] cpr_get_corner_quot_adjustment: apc0_corner: adjusted quotient[12] = 825
[    0.253040] cpr_get_corner_quot_adjustment: apc0_corner: adjusted quotient[13] = 870
[    0.253144] cpr_fill_override_voltage: apc0_corner: ceiling override voltage: [900000 900000 900000 900000 1000000 1000000 1000000 1115000 1115000 1180000 1180000 1180000 1180000] uV
[    0.253188] cpr_fill_override_voltage: apc0_corner: floor override voltage: [700000 700000 700000 725000 780000 800000 825000 835000 850000 915000 970000 980000 1000000] uV
[    0.253292] cpr_init_cpr_parameters: apc0_corner: up threshold = 2, down threshold = 4
[    0.253333] cpr_init_cpr_parameters: apc0_corner: CPR is enabled by default.
[    0.253359] cpr_config: apc0_corner: Timer count: 0x17700 (for 5000 us)
[    0.253766] apc0_corner: 0 <--> 0 mV 
[    0.254305] cpr_efuse_init: apc1_corner: efuse_addr = 0x00000000fc4bc000 (len=0x1000)
[    0.254369] cpr_fuse_is_setting_expected: apc1_corner: [row:140] = 0x11119ce700889cec @61:3 == 1 ?: no
[    0.254398] cpr_read_fuse_revision: apc1_corner: fuse revision = 4
[    0.254420] cpr_parse_speed_bin_fuse: apc1_corner: [row: 22]: 0x1271c71c8a5e28b0, speed_bits = 0
[    0.254583] cpr_adjust_init_voltages: apc1_corner: adjusted initial voltage[3]: 930000 -> 905000 uV
[    0.254604] cpr_adjust_init_voltages: apc1_corner: adjusted initial voltage[4]: 1095000 -> 1060000 uV
[    0.254624] cpr_pvs_init: apc1_corner: pvs voltage: [810000 810000 905000 1060000] uV
[    0.254641] cpr_pvs_init: apc1_corner: ceiling voltage: [900000 900000 1000000 1225000] uV
[    0.254657] cpr_pvs_init: apc1_corner: floor voltage: [700000 700000 750000 835000] uV
[    0.254930] cpr_init_cpr_efuse: apc1_corner: [row:138] = 0x7a518d8a0a02bb22
[    0.254967] cpr_init_cpr_efuse: apc1_corner: Corner[1]: ro_sel = 4, target quot = 800
[    0.254986] cpr_init_cpr_efuse: apc1_corner: Corner[2]: ro_sel = 4, target quot = 800
[    0.255003] cpr_init_cpr_efuse: apc1_corner: Corner[3]: ro_sel = 4, target quot = 1080
[    0.255020] cpr_init_cpr_efuse: apc1_corner: Corner[4]: ro_sel = 4, target quot = 1400
[    0.255059] cpr_adjust_target_quots: apc1_corner: Corner[3]: adjusted target quot = 975
[    0.255078] cpr_adjust_target_quots: apc1_corner: Corner[4]: adjusted target quot = 1285
[    0.255121] cpr_minimum_quot_difference_adjustment: apc1_corner: Corner[2]: revised adjusted quotient = 800
[    0.255215] cpr_get_corner_quot_adjustment: apc1_corner: fuse corner 2 quotient adjustment scaling factor: 0.000
[    0.255229] cpr_get_corner_quot_adjustment: apc1_corner: fuse corner 3 quotient adjustment scaling factor: 0.535
[    0.255244] cpr_get_corner_quot_adjustment: apc1_corner: fuse corner 4 quotient adjustment scaling factor: 0.310
[    0.255265] cpr_get_corner_quot_adjustment: apc1_corner: adjusted quotient[1] = 800
[    0.255278] cpr_get_corner_quot_adjustment: apc1_corner: adjusted quotient[2] = 800
[    0.255290] cpr_get_corner_quot_adjustment: apc1_corner: adjusted quotient[3] = 800
[    0.255303] cpr_get_corner_quot_adjustment: apc1_corner: adjusted quotient[4] = 800
[    0.255315] cpr_get_corner_quot_adjustment: apc1_corner: adjusted quotient[5] = 800
[    0.255328] cpr_get_corner_quot_adjustment: apc1_corner: adjusted quotient[6] = 873
[    0.255340] cpr_get_corner_quot_adjustment: apc1_corner: adjusted quotient[7] = 924
[    0.255352] cpr_get_corner_quot_adjustment: apc1_corner: adjusted quotient[8] = 975
[    0.255364] cpr_get_corner_quot_adjustment: apc1_corner: adjusted quotient[9] = 1065
[    0.255377] cpr_get_corner_quot_adjustment: apc1_corner: adjusted quotient[10] = 1095
[    0.255389] cpr_get_corner_quot_adjustment: apc1_corner: adjusted quotient[11] = 1125
[    0.255401] cpr_get_corner_quot_adjustment: apc1_corner: adjusted quotient[12] = 1155
[    0.255413] cpr_get_corner_quot_adjustment: apc1_corner: adjusted quotient[13] = 1184
[    0.255425] cpr_get_corner_quot_adjustment: apc1_corner: adjusted quotient[14] = 1214
[    0.255437] cpr_get_corner_quot_adjustment: apc1_corner: adjusted quotient[15] = 1226
[    0.255450] cpr_get_corner_quot_adjustment: apc1_corner: adjusted quotient[16] = 1244
[    0.255462] cpr_get_corner_quot_adjustment: apc1_corner: adjusted quotient[17] = 1285
[    0.255565] cpr_fill_override_voltage: apc1_corner: ceiling override voltage: [900000 900000 900000 900000 900000 1000000 1000000 1000000 1160000 1160000 1160000 1160000 1160000 1225000 1225000 1225000 1225000] uV
[    0.255614] cpr_fill_override_voltage: apc1_corner: floor override voltage: [700000 700000 700000 700000 725000 750000 775000 795000 835000 860000 880000 895000 915000 935000 945000 950000 980000] uV
[    0.255719] cpr_init_cpr_parameters: apc1_corner: up threshold = 2, down threshold = 4
[    0.255756] cpr_init_cpr_parameters: apc1_corner: CPR is enabled by default.
[    0.255778] cpr_config: apc1_corner: Timer count: 0x17700 (for 5000 us)
[    0.256452] apc1_corner: 0 <--> 0 mV 
[    0.257175] i2c-msm-v2 f9923000.i2c: probing driver i2c-msm-v2
[    0.257305] i2c-msm-v2 f9923000.i2c: error on clk_get(core_clk):-517
[    0.257324] i2c-msm-v2 f9923000.i2c: error probe() failed with err:-517
[    0.257361] platform f9923000.i2c: Driver i2c-msm-v2 requests probe deferral
[    0.257823] i2c-msm-v2 f9924000.i2c: probing driver i2c-msm-v2
[    0.257934] i2c-msm-v2 f9924000.i2c: error on clk_get(core_clk):-517
[    0.257951] i2c-msm-v2 f9924000.i2c: error probe() failed with err:-517
[    0.257980] platform f9924000.i2c: Driver i2c-msm-v2 requests probe deferral
[    0.258354] i2c-msm-v2 f9963000.i2c: probing driver i2c-msm-v2
[    0.258464] i2c-msm-v2 f9963000.i2c: error on clk_get(core_clk):-517
[    0.258482] i2c-msm-v2 f9963000.i2c: error probe() failed with err:-517
[    0.258510] platform f9963000.i2c: Driver i2c-msm-v2 requests probe deferral
[    0.258885] i2c-msm-v2 f9967000.i2c: probing driver i2c-msm-v2
[    0.258993] i2c-msm-v2 f9967000.i2c: error on clk_get(core_clk):-517
[    0.259011] i2c-msm-v2 f9967000.i2c: error probe() failed with err:-517
[    0.259039] platform f9967000.i2c: Driver i2c-msm-v2 requests probe deferral
[    0.259426] i2c-msm-v2 f9928000.i2c: probing driver i2c-msm-v2
[    0.259535] i2c-msm-v2 f9928000.i2c: error on clk_get(core_clk):-517
[    0.259553] i2c-msm-v2 f9928000.i2c: error probe() failed with err:-517
[    0.259581] platform f9928000.i2c: Driver i2c-msm-v2 requests probe deferral
[    0.259766] msm-thermal qcom,msm-thermal.59: msm_thermal:Failed reading node=/soc/qcom,msm-thermal, key=qcom,rpm-phase-resource-type err=-22. KTM continues
[    0.259793] msm-thermal qcom,msm-thermal.59: msm_thermal:Failed reading node=/soc/qcom,msm-thermal, key=qcom,gfx-sensor-id. err=-22. KTM continues
[    0.259809] msm_thermal:sensor_mgr_init_threshold threshold id already initialized
[    0.259941] msm-thermal qcom,msm-thermal.59: probe_psm:Failed reading node=/soc/qcom,msm-thermal, key=qcom,pmic-sw-mode-temp. err=-22. KTM continues
[    0.260857] msm_thermal:vdd_restriction_reg_init Defer vdd rstr freq init.
[    0.261798] msm-thermal qcom,msm-thermal.59: probe_ocr:Failed reading node=/soc/qcom,msm-thermal, key=qcom,pmic-opt-curr-temp err:-22. KTM continues
[    0.263937] _cpu_up: attempt to bring up CPU 4 failed
[    0.264127] _cpu_up: attempt to bring up CPU 4 failed
[    0.289229] qcom,rpmcc-8994 fc401880.qcom,rpmcc: Registered RPM clocks.
[    0.301179] qcom,gcc-8994 fc400000.qcom,gcc: Registered GCC clocks.
[    0.312063] qcom,mmsscc-8994 fd8c0000.qcom,mmsscc: Registered MMSS clocks.
[    0.312831] cpu-clock-8994 f9015000.qcom,cpu-clock-8994: using A57 speed bin 0 and pvs_ver 0
[    0.317641] i2c-msm-v2 f9923000.i2c: probing driver i2c-msm-v2
[    0.317811] AXI: msm_bus_scale_register_client(): msm_bus_scale_register_client: Bus driver not ready.
[    0.317830] i2c-msm-v2 f9923000.i2c: msm_bus_scale_register_client(mstr-id:86):0 (not a problem)
[    0.318955] i2c-msm-v2 f9924000.i2c: probing driver i2c-msm-v2
[    0.319116] AXI: msm_bus_scale_register_client(): msm_bus_scale_register_client: Bus driver not ready.
[    0.319132] i2c-msm-v2 f9924000.i2c: msm_bus_scale_register_client(mstr-id:86):0 (not a problem)
[    0.320113] i2c-msm-v2 f9963000.i2c: probing driver i2c-msm-v2
[    0.320266] AXI: msm_bus_scale_register_client(): msm_bus_scale_register_client: Bus driver not ready.
[    0.320284] i2c-msm-v2 f9963000.i2c: msm_bus_scale_register_client(mstr-id:84):0 (not a problem)
[    0.321206] i2c-msm-v2 f9967000.i2c: probing driver i2c-msm-v2
[    0.321358] AXI: msm_bus_scale_register_client(): msm_bus_scale_register_client: Bus driver not ready.
[    0.321374] i2c-msm-v2 f9967000.i2c: msm_bus_scale_register_client(mstr-id:84):0 (not a problem)
[    0.322466] i2c-msm-v2 f9928000.i2c: probing driver i2c-msm-v2
[    0.322619] AXI: msm_bus_scale_register_client(): msm_bus_scale_register_client: Bus driver not ready.
[    0.322636] i2c-msm-v2 f9928000.i2c: msm_bus_scale_register_client(mstr-id:86):0 (not a problem)
[    0.351900] bio: create slab <bio-0> at 0
[    0.358525] msm_cpuss_dump cpuss_dump.64: Couldn't get memory for dumping
[    0.367545] KPI: Bootloader start count = 72207
[    0.367567] KPI: Bootloader end count = 127713
[    0.367579] KPI: Bootloader display count = 98466
[    0.367590] KPI: Bootloader load kernel count = 4909
[    0.367602] KPI: Kernel MPM timestamp = 148461
[    0.367612] KPI: Kernel MPM Clock frequency = 32768
[    0.367645] socinfo_print: v10, id=207, ver=2.1, raw_id=2368, raw_ver=1, hw_plat=8023, hw_plat_ver=65536
[    0.367645]  accessory_chip=0, hw_plat_subtype=0, pmic_model=65545, pmic_die_revision=131072 foundry_id=0 serial_number=44886842
[    0.368498] msm_ocmem fdd00000.qcom,ocmem: OCMEM Virtual addr ffffff8001100000
[    0.368739] Physical OCMEM zone layout:
[    0.368756]  zone graphics	: 0xfec00000 - 0xfed7ffff (1536 KB)
[    0.368771]  zone video	: 0xfed80000 - 0xfedfffff ( 512 KB)
[    0.371472] shared_mem: Unlocked memory 0x00000000c7400000 of size 800000
[    0.371699] shared_mem: Unlocked memory 0x00000000c9400000 of size 4000000
[    0.372967] platform bt_vreg.65: Driver reg-fixed-voltage requests probe deferral
[    0.373061] platform usb-otg-switch.66: Driver reg-fixed-voltage requests probe deferral
[    0.375286] SCSI subsystem initialized
[    0.375499] usbcore: registered new interface driver usbfs
[    0.375546] usbcore: registered new interface driver hub
[    0.375826] usbcore: registered new device driver usb
[    0.375949] media: Linux media interface: v0.10
[    0.376005] Linux video capture interface: v2.00
[    0.379913] cma: Assigned CMA region at 0 to 8.qcom,ion-heap device
[    0.380024] ION-heap mm: Cannot specify alignment for this type of heap
[    0.380115] cma: Assigned CMA region at 0 to 16.qcom,ion-heap device
[    0.380252] cma: Assigned CMA region at 0 to 1b.qcom,ion-heap device
[    0.380384] cma: Assigned CMA region at 0 to 1c.qcom,ion-heap device
[    0.380523] cma: Assigned CMA region at 0 to 17.qcom,ion-heap device
[    0.380692] ION heap system created
[    0.380859] ION heap kmalloc created
[    0.380876] ION heap mm created at 0x00000000cd400000 with size 12c00000
[    0.380888] ION heap adsp created at 0x00000000c9400000 with size 3f00000
[    0.380898] ION heap qsecom created at 0x00000000c7c00000 with size 1800000
[    0.380913] ION heap audio created at 0x00000000c7400000 with size 614000
[    0.380923] ION heap pil_1 created at 0x000000000ca00000 with size 1f00000
[    0.381366] msm_bus_fabric_init_driver
[    0.381562] msm_bus_device fc460000.ad-hoc-bus: Dev 1024
[    0.381578] msm_bus_device fc460000.ad-hoc-bus: Util-fact is missing, default to 100
[    0.381585] msm_bus_device fc460000.ad-hoc-bus: Vrail-comp is missing, default to 100
[    0.381689] msm_bus_device fc460000.ad-hoc-bus: Dev 0
[    0.381701] msm_bus_device fc460000.ad-hoc-bus: Vrail-comp is missing, default to 100
[    0.381761] msm_bus_device fc460000.ad-hoc-bus: Dev 4096
[    0.381778] msm_bus_device fc460000.ad-hoc-bus: Util-fact is missing, default to 100
[    0.381785] msm_bus_device fc460000.ad-hoc-bus: Vrail-comp is missing, default to 100
[    0.381848] msm_bus_device fc460000.ad-hoc-bus: Dev 2048
[    0.381860] msm_bus_device fc460000.ad-hoc-bus: Vrail-comp is missing, default to 100
[    0.381925] msm_bus_device fc460000.ad-hoc-bus: Dev 5120
[    0.381936] msm_bus_device fc460000.ad-hoc-bus: Util-fact is missing, default to 100
[    0.381943] msm_bus_device fc460000.ad-hoc-bus: Vrail-comp is missing, default to 100
[    0.381999] msm_bus_device fc460000.ad-hoc-bus: Dev 6144
[    0.385297] msm_bus_init_clk: Valid node clk node 1024 ctx 0
[    0.385305] msm_bus_init_clk: Valid node clk node 1024 ctx 1msm_bus_init_clk: Valid node clk node 0 ctx 0
[    0.385357] msm_bus_init_clk: Valid node clk node 0 ctx 1msm_bus_init_clk: Valid node clk node 4096 ctx 0
[    0.385403] msm_bus_init_clk: Valid node clk node 4096 ctx 1msm_bus_init_clk: Valid node clk node 2048 ctx 0
[    0.385459] msm_bus_init_clk: Valid node clk node 2048 ctx 1msm_bus_init_clk: Valid node clk node 5120 ctx 0
[    0.385499] msm_bus_init_clk: Valid node clk node 5120 ctx 1msm_bus_init_clk: Valid node clk node 6144 ctx 0
[    0.385543] msm_bus_init_clk: Valid node clk node 6144 ctx 1msm_bus_fabric_init: Skip Fab init for virtual device 6144
[    0.387279] msm_bus_init_clk: Valid node clk node 604 ctx 0msm_bus_dev_init_qos: Skipping QOS init for 10039
[    0.393282] msm_bus_dev_init_qos: Skipping QOS init for 58msm_bus_dev_init_qos: Skipping QOS init for 89
[    0.393293] msm_bus_dev_init_qos: Skipping QOS init for 68msm_bus_dev_init_qos: Skipping QOS init for 604
[    0.396275] ipa ipa_uc_state_check:241 uC interface not initialized
[    0.397827] sps:BAM 0x00000000fd4c4000 is registered.
[    0.398307] ipa ipa_uc_state_check:241 uC interface not initialized
[    0.398386] sps:BAM 0x00000000fd4c4000 (va:0xffffff80010a0000) enabled: ver:0x24, number of pipes:20
[    0.400613] ipa ipa_uc_state_check:241 uC interface not initialized
[    0.402208] ipa ipa_uc_state_check:241 uC interface not initialized
[    0.405605] IPA driver initialization was successful.
[    0.406511] PMIC@SID0: PM8994 v2.0 options: 0, 0, 2, 2
[    0.406619] PMIC@SID2: PMI8994 v2.0.4 options: 0, 0, 0, 0
[    0.407010] gdsc_venus: no parameters
[    0.407184] gdsc_venus_core0: fast normal 
[    0.407355] gdsc_venus_core1: fast normal 
[    0.407484] gdsc_venus_core2: fast normal 
[    0.407689] gdsc_camss_top: no parameters
[    0.407876] gdsc_mdss: no parameters
[    0.408131] gdsc_jpeg: no parameters
[    0.408146] gdsc_jpeg: supplied by gdsc_camss_top
[    0.408314] gdsc_vfe: no parameters
[    0.408326] gdsc_vfe: supplied by gdsc_camss_top
[    0.408517] gdsc_cpp: no parameters
[    0.408531] gdsc_cpp: supplied by gdsc_camss_top
[    0.408686] gdsc_oxili_gx: no parameters
[    0.408709] gdsc_oxili_gx: supplied by pmi8994_s2_corner
[    0.408860] gdsc_oxili_cx: no parameters
[    0.408974] gdsc_pcie_0: no parameters
[    0.409107] gdsc_pcie_1: no parameters
[    0.409223] gdsc_usb30: no parameters
[    0.409403] gdsc_ufs: no parameters
[    0.409573] gdsc_fd: no parameters
[    0.410649] mdss_pll_probe: MDSS pll label = MDSS DSI 0 PLL
[    0.412267] dsi_pll_clock_register_20nm: Registered DSI PLL clocks successfully
[    0.412304] mdss_pll_probe: MDSS pll label = MDSS DSI 1 PLL
[    0.412333] mdss_pll_util_resource_parse: dfps not enabled!
[    0.412340] mdss_pll_probe: Unable to get the pll 1 base resource
[    0.412487] dsi_pll_clock_register_20nm: Registered DSI PLL clocks successfully
[    0.412512] mdss_pll_probe: MDSS pll label = MDSS HDMI PLL
[    0.412519] mdss_pll_probe: Unable to get the cell-index rc=-22
[    0.412550] mdss_pll_util_resource_parse: dfps not enabled!
[    0.531138] IRQ32 no longer affine to CPU4
[    0.531150] IRQ33 no longer affine to CPU4
[    0.531156] IRQ34 no longer affine to CPU4
[    0.531163] IRQ36 no longer affine to CPU4
[    0.531169] IRQ37 no longer affine to CPU4
[    0.531174] IRQ38 no longer affine to CPU4
[    0.531180] IRQ39 no longer affine to CPU4
[    0.531186] IRQ41 no longer affine to CPU4
[    0.531192] IRQ42 no longer affine to CPU4
[    0.531197] IRQ43 no longer affine to CPU4
[    0.546223] msm_iommu fda64000.qcom,iommu: device jpeg_iommu (model: 0) mapped at ffffff8001420000, with 4 ctx banks
[    0.547394] msm_iommu fdc84000.qcom,iommu: device venus_iommu (model: 0) mapped at ffffff8001440000, with 5 ctx banks
[    0.548432] msm_iommu fdb10000.qcom,iommu: device kgsl_iommu (model: 0) mapped at ffffff8001460000, with 3 ctx banks
[    0.549050] cma: Assigned CMA region at 0 to fdb1a000.qcom,iommu-ctx device
[    0.549468] msm_iommu_dev_v1: vfe_iommu: Keeping vfe non-secure
[    0.549481] msm_iommu fda44000.qcom,iommu: device vfe_iommu (model: 0) mapped at ffffff8001480000, with 3 ctx banks
[    0.550295] msm_iommu fd864000.qcom,iommu: device fd_iommu (model: 0) mapped at ffffff80014a0000, with 3 ctx banks
[    0.551003] msm_iommu fda84000.qcom,iommu: device cpp_iommu (model: 0) mapped at ffffff80014c0000, with 3 ctx banks
[    0.551700] msm_iommu fd9cc000.qcom,iommu: device mdp_iommu (model: 0) mapped at ffffff80014e0000, with 3 ctx banks
[    0.553825] msm_iommu_ctx fda6c000.qcom,iommu-ctx: context jpeg_enc0 using bank 0
[    0.553923] msm_iommu_ctx fda6d000.qcom,iommu-ctx: context jpeg_enc1 using bank 1
[    0.554008] msm_iommu_ctx fda6e000.qcom,iommu-ctx: context jpeg_dec using bank 2
[    0.554099] msm_iommu_ctx fda6f000.qcom,iommu-ctx: context jpeg_dma using bank 3
[    0.554198] msm_iommu_ctx fdc8c000.qcom,iommu-ctx: context venus_ns using bank 0
[    0.554298] msm_iommu_ctx fdc8d000.qcom,iommu-ctx: context venus_sec_bitstream using bank 1
[    0.554386] msm_iommu_ctx fdc8e000.qcom,iommu-ctx: context venus_fw using bank 2
[    0.554475] msm_iommu_ctx fdc8f000.qcom,iommu-ctx: context venus_sec_pixel using bank 3
[    0.554559] msm_iommu_ctx fdc90000.qcom,iommu-ctx: context venus_sec_non_pixel using bank 4
[    0.554658] msm_iommu_ctx fdb18000.qcom,iommu-ctx: context gfx3d_user using bank 0
[    0.554742] msm_iommu_ctx fdb19000.qcom,iommu-ctx: context gfx3d_priv using bank 1
[    0.554840] msm_iommu_ctx fdb1a000.qcom,iommu-ctx: context gfx3d_spare using bank 2
[    0.554936] msm_iommu_ctx fda4c000.qcom,iommu-ctx: context vfe using bank 0
[    0.555020] msm_iommu_ctx fda4d000.qcom,iommu-ctx: context cpp using bank 1
[    0.555106] msm_iommu_ctx fda4e000.qcom,iommu-ctx: context vfe_secure using bank 2
[    0.555202] msm_iommu_ctx fd86c000.qcom,iommu-ctx: context camera_fd using bank 0
[    0.555284] msm_iommu_ctx fd86d000.qcom,iommu-ctx: context fd_1 using bank 1
[    0.555373] msm_iommu_ctx fd86e000.qcom,iommu-ctx: context fd_2 using bank 2
[    0.555471] msm_iommu_ctx fda8c000.qcom,iommu-ctx: context cpp_0 using bank 0
[    0.555558] msm_iommu_ctx fda8d000.qcom,iommu-ctx: context cpp_1 using bank 1
[    0.555642] msm_iommu_ctx fda8e000.qcom,iommu-ctx: context cpp_2 using bank 2
[    0.555741] msm_iommu_ctx fd9d4000.qcom,iommu-ctx: context mdp_0 using bank 0
[    0.555834] msm_iommu_ctx fd9d5000.qcom,iommu-ctx: context mdp_1 using bank 1
[    0.555918] msm_iommu_ctx fd9d6000.qcom,iommu-ctx: context mdp_2 using bank 2
[    0.558048] Advanced Linux Sound Architecture Driver Initialized.
[    0.558417] Bluetooth: Core ver 2.16
[    0.558460] NET: Registered protocol family 31
[    0.558465] Bluetooth: HCI device and connection manager initialized
[    0.558476] Bluetooth: HCI socket layer initialized
[    0.558485] Bluetooth: L2CAP socket layer initialized
[    0.558502] Bluetooth: SCO socket layer initialized
[    0.558710] cfg80211: Calling CRDA to update world regulatory domain
[    0.558730] cfg80211: World regulatory domain updated:
[    0.558736] cfg80211:   (start_freq - end_freq @ bandwidth), (max_antenna_gain, max_eirp)
[    0.558742] cfg80211:   (2402000 KHz - 2472000 KHz @ 40000 KHz), (300 mBi, 2000 mBm)
[    0.558748] cfg80211:   (2457000 KHz - 2482000 KHz @ 40000 KHz), (300 mBi, 2000 mBm)
[    0.558754] cfg80211:   (2474000 KHz - 2494000 KHz @ 20000 KHz), (300 mBi, 2000 mBm)
[    0.558759] cfg80211:   (5170000 KHz - 5250000 KHz @ 80000 KHz), (300 mBi, 2000 mBm)
[    0.558765] cfg80211:   (5250000 KHz - 5330000 KHz @ 80000 KHz), (300 mBi, 2000 mBm)
[    0.558771] cfg80211:   (5490000 KHz - 5710000 KHz @ 80000 KHz), (300 mBi, 2000 mBm)
[    0.558777] cfg80211:   (5735000 KHz - 5835000 KHz @ 80000 KHz), (300 mBi, 2000 mBm)
[    0.558782] cfg80211:   (57240000 KHz - 63720000 KHz @ 2160000 KHz), (N/A, 0 mBm)
[    0.558960] nfc: nfc_init: NFC Core ver 0.1
[    0.558989] NET: Registered protocol family 39
[    0.559000] pcie:pcie_init.
[    0.562893] platform bt_vreg.65: Driver reg-fixed-voltage requests probe deferral
[    0.562991] platform usb-otg-switch.66: Driver reg-fixed-voltage requests probe deferral
[    0.563823] Switching to clocksource arch_sys_counter
[    0.582016] bcl_peripheral:bcl_perph_init BCL Initialized
[    0.584888] NET: Registered protocol family 2
[    0.585460] TCP established hash table entries: 32768 (order: 7, 524288 bytes)
[    0.585840] TCP bind hash table entries: 32768 (order: 7, 524288 bytes)
[    0.586263] TCP: Hash tables configured (established 32768 bind 32768)
[    0.586330] TCP: reno registered
[    0.586341] UDP hash table entries: 2048 (order: 4, 65536 bytes)
[    0.586405] UDP-Lite hash table entries: 2048 (order: 4, 65536 bytes)
[    0.586639] NET: Registered protocol family 1
[    0.586928] platform bt_vreg.65: Driver reg-fixed-voltage requests probe deferral
[    0.587028] platform usb-otg-switch.66: Driver reg-fixed-voltage requests probe deferral
[    0.587332] Trying to unpack rootfs image as initramfs...
[    0.628000] Freeing initrd memory: 1252K (ffffffc002700000 - ffffffc002839000)
[    0.748902] audit: initializing netlink socket (disabled)
[    0.748972] type=2000 audit(0.743:1): initialized
[    0.749434] error setting kswapd cpu affinity mask
[    0.775003] fuse init (API version 7.23)
[    0.775158] SELinux:  Registering netfilter hooks
[    0.828622] Key type asymmetric registered
[    0.828634] Asymmetric key parser 'x509' registered
[    0.828768] Block layer SCSI generic (bsg) driver version 0.4 loaded (major 247)
[    0.828776] io scheduler noop registered
[    0.828782] io scheduler deadline registered
[    0.828793] io scheduler row registered
[    0.828853] io scheduler cfq registered (default)
[    0.828859] io scheduler test-iosched registered
[    0.831760] platform qcom,smp2pgpio-ssr-smp2p-2-in.13: Driver smp2pgpio requests probe deferral
[    0.831839] platform qcom,smp2pgpio-ssr-smp2p-2-out.14: Driver smp2pgpio requests probe deferral
[    0.831915] platform qcom,smp2pgpio-ssr-smp2p-1-in.15: Driver smp2pgpio requests probe deferral
[    0.831990] platform qcom,smp2pgpio-ssr-smp2p-1-out.16: Driver smp2pgpio requests probe deferral
[    0.833069] msm_dss_get_res_byname: 'vbif_nrt_phys' resource not found
[    0.833087] mdss_mdp_probe+0x268/0xd70->msm_dss_ioremap_byname: 'vbif_nrt_phys' msm_dss_get_res_byname failed
[    0.833099] mdss_mdp_parse_dt_hw_settings: MDSS VBIF settings not found
[    0.833167] mdss_mdp_pipe_addr_setup: type:1 ftchid:1 xinid:0 num:0 ndx:0x1 prio:0
[    0.833174] mdss_mdp_pipe_addr_setup: type:1 ftchid:4 xinid:4 num:1 ndx:0x2 prio:1
[    0.833180] mdss_mdp_pipe_addr_setup: type:1 ftchid:7 xinid:8 num:2 ndx:0x4 prio:2
[    0.833192] mdss_mdp_pipe_addr_setup: type:2 ftchid:16 xinid:1 num:3 ndx:0x8 prio:4
[    0.833199] mdss_mdp_pipe_addr_setup: type:2 ftchid:17 xinid:5 num:4 ndx:0x10 prio:5
[    0.833205] mdss_mdp_pipe_addr_setup: type:2 ftchid:18 xinid:9 num:5 ndx:0x20 prio:6
[    0.833216] mdss_mdp_pipe_addr_setup: type:3 ftchid:10 xinid:2 num:6 ndx:0x40 prio:8
[    0.833223] mdss_mdp_pipe_addr_setup: type:3 ftchid:13 xinid:10 num:7 ndx:0x80 prio:9
[    0.833230] mdss_mdp_pipe_addr_setup: type:1 ftchid:19 xinid:12 num:8 ndx:0x100 prio:3
[    0.833237] mdss_mdp_pipe_addr_setup: type:2 ftchid:22 xinid:13 num:9 ndx:0x200 prio:7
[    0.833292] mdss_mdp_pipe_addr_setup: type:4 ftchid:-1 xinid:7 num:10 ndx:0x400 prio:0
[    0.833299] mdss_mdp_pipe_addr_setup: type:4 ftchid:-1 xinid:7 num:11 ndx:0x800 prio:1
[    0.833305] mdss_mdp_parse_dt_pipe: dedicated vp cursors detected, num=2
[    0.833477] mdss_mdp_parse_dt_handler: Error from prop qcom,mdss-ib-factor-overlap : u32 array read
[    0.833486] mdss_mdp_parse_dt_handler: Error from prop qcom,mdss-ib-factor-cmd : u32 array read
[    0.833501] mdss_mdp_parse_dt_prop_len: prop qcom,mdss-clk-levels : doesn't exist in device tree
[    0.867707] mdss_mdp_irq_clk_register: unable to get clk: lut_clk
[    0.868179] getpath: Cannot locate src dev 36
[    0.868185] register_client_adhoc:Failed to find path.src 36 dest 627<4>[    0.868192] mdss_mdp_bus_scale_register: reg_bus_client register failed
[    0.868431] xlog_status: enable:0, panic:1, dump:2
[    0.868698] mdss_mdp_config_cx_voltage: mdss_mdp_config_cx_voltage: Initialized rpm_kvp structure
[    0.869907] mdss_mdp_probe: mdss version = 0x10090000, bootloader display is on
[    0.871368] mdss_dsi_ctrl_probe: DSI Ctrl name = MDSS DSI CTRL->0
[    0.871639] mdss_dsi_panel_init: Panel Name = SAMSUNG_S6E3HA3X01_5P7_1440P_CMD_DUAL0
[    0.871883] mdss_dsi_parse_panel_features: partial_update_enabled=1
[    0.871896] mdss_dsi_parse_panel_features: ulps feature enabled
[    0.871904] mdss_dsi_parse_panel_features: ulps during suspend feature disabled
[    0.871913] mdss_dsi_parse_dms_config: dynamic switch feature enabled: 0
[    0.871948] mdss_dsi_parse_panel_features:1315, Disp_en gpio not specified
[    0.871964] mdss_dsi_parse_dynamic_dsitiming_config:dynamic_dsitiming=1
[    0.871969] mdss_dsi_panel_init: Continuous splash enabled
[    0.872290] dsi_panel_device_register:2083, Disp_en gpio not specified
[    0.872298] dsi_panel_device_register:2091, TE gpio not specified
[    0.872322] qpnp_pin_of_gpio_xlate: no such PMIC gpio 2 in device topology
[    0.872327] dsi_panel_device_register: bklt_en gpio not specified
[    0.872829] mdss_dsi_retrieve_ctrl_resources: ctrl_base=ffffff800137c000 ctrl_size=470 phy_base=ffffff800137e500 phy_size=280
[    0.872835] mdss_dsi_retrieve_ctrl_resources: phy_regulator_base=ffffff8001416780 phy_regulator_size=30
[    0.904269] mdss_register_panel: adding framebuffer device fd998000.qcom,mdss_dsi
[    0.904616] mdss_dsi_ctrl_probe: DSI Ctrl name = MDSS DSI CTRL->1
[    0.904632] mdss_dsi_pinctrl_init: failed to get pinctrl
[    0.904637] mdss_dsi_ctrl_probe: failed to get pin resources
[    0.904715] mdss_dsi_panel_init: Panel Name = SAMSUNG_S6E3HA3X01_5P7_1440P_CMD_DUAL1
[    0.904955] mdss_dsi_parse_panel_features: partial_update_enabled=1
[    0.904967] mdss_dsi_parse_panel_features: ulps feature enabled
[    0.904976] mdss_dsi_parse_panel_features: ulps during suspend feature disabled
[    0.904985] mdss_dsi_parse_dms_config: dynamic switch feature enabled: 0
[    0.905019] mdss_dsi_parse_panel_features:1315, Disp_en gpio not specified
[    0.905035] mdss_dsi_parse_dynamic_dsitiming_config:dynamic_dsitiming=1
[    0.905040] mdss_dsi_panel_init: Continuous splash enabled
[    0.905354] dsi_panel_device_register:2083, Disp_en gpio not specified
[    0.905361] dsi_panel_device_register:2091, TE gpio not specified
[    0.905368] dsi_panel_device_register: bklt_en gpio not specified
[    0.905374] dsi_panel_device_register:2102, reset gpio not specified
[    0.905854] mdss_dsi_retrieve_ctrl_resources: ctrl_base=ffffff8001432000 ctrl_size=470 phy_base=ffffff8001434500 phy_size=280
[    0.905860] mdss_dsi_retrieve_ctrl_resources: phy_regulator_base=ffffff8001436780 phy_regulator_size=30
[    0.907627] panel_debug_register_base: debugfs_create_file: offset fail
[    0.908443] mdss_dsi_status_init: DSI status check interval:5000
[    0.908794] mdss_register_panel: adding framebuffer device qcom,mdss_wb_panel.20
[    0.910103] mdss_fb_probe: set brightness enabled
[    0.910479] mdss_fb_register: FrameBuffer[0] 1440x2560 registered successfully!
[    0.910487] mdss_fb_parse_dt_split: device tree split left=0 right=0
[    0.911095] mdss_fb_register: FrameBuffer[1] 1920x1080 registered successfully!
[    0.911142] mdss_mdp_splash_parse_dt: splash mem child node is not present
[    0.913780] IPC_RTR: msm_ipc_router_smd_driver_register Already driver registered IPCRTR
[    0.916322] msm_rpm_log_probe: OK
[    0.919858] subsys-pil-tz fe200000.qcom,lpass: [adsp]: Error getting proxy unvoting gpio
[    0.919925] platform fe200000.qcom,lpass: Driver subsys-pil-tz requests probe deferral
[    0.921643] pil-q6v5-mss fc880000.qcom,mss: [modem]: Error getting proxy unvoting gpio
[    0.921784] platform fc880000.qcom,mss: Driver pil-q6v5-mss requests probe deferral
[    0.923375] NET: Registered protocol family 27
[    0.926411] sps: BAM device 0x00000000f9944000 is not registered yet.
[    0.926433] sps:BAM 0x00000000f9944000 is registered.
[    0.947402] f995e000.uart: ttyHS0 at MMIO 0xf995e000 (irq = 146) is a MSM HS UART
[    0.950329] msm_serial_hsl_probe: detected port #0 (ttyHSL0)
[    0.950362] is_serial_log_enabled: serial log disable 
[    0.950367] msm_serial_hsl_probe: serial console disabled, do not register ttyHSL0.
[    0.951165] msm_serial_hsl_init: driver initialized
[    0.978976] kgsl kgsl-3d0: Initialized kgsl-3d0: mmu=on
[    0.983871] brd: module loaded
[    0.985455] loop: module loaded
[    0.985673] zram: Created 1 device(s) ...
[    0.986239] QSEECOM: qseecom_probe: qseecom.qsee_version = 0x405000
[    0.986262] QSEECOM: qseecom_probe: disk-encrypt-pipe-pair=0x2
[    0.986271] QSEECOM: qseecom_probe: file-encrypt-pipe-pair=0x0QSEECOM: qseecom_probe: qsee-ce-hw-instance=0x0
[    0.986286] QSEECOM: qseecom_probe: qseecom.appsbl_qseecom_support = 0x1QSEECOM: qseecom_probe: no-clock-support=0x1
[    0.987602] wifi sar module init;
[    0.987650] i2c-core: driver [tabla-i2c-core] using legacy suspend method
[    0.987656] i2c-core: driver [tabla-i2c-core] using legacy resume method
[    0.987709] i2c-core: driver [wcd9xxx-i2c-core] using legacy suspend method
[    0.987715] i2c-core: driver [wcd9xxx-i2c-core] using legacy resume method
[    0.987744] pn548_dev_init
[    0.988264] pn548_probe
[    0.988348] pn548_parse_dt : huawei,clk-req-gpio=1019
[    0.988375] pn548_gpio_request : pn548_gpio_request enter
[    1.097466] i2c-msm-v2 f9923000.i2c: msm_bus_scale_register_client(mstr-id:86):0xf (ok)
[    1.097794] check_pn548:pn548_i2c_write success and ret = 1,at 0 times
[    1.220628] pn548_probe : requesting IRQ 503
[    1.220722] pn548_probe success.
[    1.221888] qce fd440000.qcedev: Qualcomm Crypto 5.3.0 device found @0xfd440000
[    1.221901] qce fd440000.qcedev: CE device = 0x0
[    1.221901] , IO base, CE = 0xffffff8001dc0000
[    1.221901] , Consumer (IN) PIPE 2,    Producer (OUT) PIPE 3
[    1.221901] IO base BAM = 0x          (null)
[    1.221901] BAM IRQ 268
[    1.221901] Engines Availability = 0x2010853
[    1.221927] sps:BAM 0x00000000fd444000 is registered.
[    1.222164] sps:BAM 0x00000000fd444000 (va:0xffffff8001610000) enabled: ver:0x24, number of pipes:8
[    1.222402] QCE50: qce_sps_init:  Qualcomm MSM CE-BAM at 0x00000000fd444000 irq 268
[    1.222865] qcedev: FIPS140-2 Known Answer Tests : Skipped
[    1.224395] qcrypto fd440000.qcrypto1fde: Qualcomm Crypto 5.3.0 device found @0xfd440000
[    1.224409] qcrypto fd440000.qcrypto1fde: CE device = 0x0
[    1.224409] , IO base, CE = 0xffffff8001ec0000
[    1.224409] , Consumer (IN) PIPE 4,    Producer (OUT) PIPE 5
[    1.224409] IO base BAM = 0x          (null)
[    1.224409] BAM IRQ 268
[    1.224409] Engines Availability = 0x2010853
[    1.224826] QCE50: qce_sps_init:  Qualcomm MSM CE-BAM at 0x00000000fd444000 irq 268
[    1.225417] qcrypto fd440000.qcrypto1fde: qcrypto-ecb-aes
[    1.225555] qcrypto fd440000.qcrypto1fde: qcrypto-cbc-aes
[    1.225673] qcrypto fd440000.qcrypto1fde: qcrypto-ctr-aes
[    1.240701] qcrypto fd440000.qcrypto1fde: qcrypto-ecb-des
[    1.240809] qcrypto fd440000.qcrypto1fde: qcrypto-cbc-des
[    1.240906] qcrypto fd440000.qcrypto1fde: qcrypto-ecb-3des
[    1.241003] qcrypto fd440000.qcrypto1fde: qcrypto-cbc-3des
[    1.241101] qcrypto fd440000.qcrypto1fde: qcrypto-xts-aes
[    1.241200] qcrypto fd440000.qcrypto1fde: qcrypto-sha1
[    1.241298] qcrypto fd440000.qcrypto1fde: qcrypto-sha256
[    1.241411] qcrypto fd440000.qcrypto1fde: qcrypto-aead-hmac-sha1-cbc-aes
[    1.241513] qcrypto fd440000.qcrypto1fde: qcrypto-aead-hmac-sha1-cbc-des
[    1.241607] qcrypto fd440000.qcrypto1fde: qcrypto-aead-hmac-sha1-cbc-3des
[    1.241702] qcrypto fd440000.qcrypto1fde: qcrypto-aead-hmac-sha256-cbc-aes
[    1.241815] qcrypto fd440000.qcrypto1fde: qcrypto-aead-hmac-sha256-cbc-des
[    1.241932] qcrypto fd440000.qcrypto1fde: qcrypto-aead-hmac-sha256-cbc-3des
[    1.242028] qcrypto fd440000.qcrypto1fde: qcrypto-hmac-sha1
[    1.242125] qcrypto fd440000.qcrypto1fde: qcrypto-hmac-sha256
[    1.242222] qcrypto fd440000.qcrypto1fde: qcrypto-aes-ccm
[    1.242316] qcrypto fd440000.qcrypto1fde: qcrypto-rfc4309-aes-ccm
[    1.242323] qcrypto: FIPS140-2 Known Answer Tests: Skipped
[    1.242980] qcrypto fd3c0000.qcrypto2fde: Qualcomm Crypto 5.3.0 device found @0xfd3c0000
[    1.242992] qcrypto fd3c0000.qcrypto2fde: CE device = 0x0
[    1.242992] , IO base, CE = 0xffffff8001f80000
[    1.242992] , Consumer (IN) PIPE 4,    Producer (OUT) PIPE 5
[    1.242992] IO base BAM = 0x          (null)
[    1.242992] BAM IRQ 329
[    1.242992] Engines Availability = 0x2010853
[    1.243020] sps:BAM 0x00000000fd3c4000 is registered.
[    1.243283] sps:BAM 0x00000000fd3c4000 (va:0xffffff8001670000) enabled: ver:0x24, number of pipes:8
[    1.243533] QCE50: qce_sps_init:  Qualcomm MSM CE-BAM at 0x00000000fd3c4000 irq 329
[    1.243998] qcrypto: FIPS140-2 Known Answer Tests: Skipped
[    1.280861] qcrypto fd440000.qcrypto1pfe: Qualcomm Crypto 5.3.0 device found @0xfd440000
[    1.280873] qcrypto fd440000.qcrypto1pfe: CE device = 0x1
[    1.280873] , IO base, CE = 0xffffff8001fc0000
[    1.280873] , Consumer (IN) PIPE 0,    Producer (OUT) PIPE 1
[    1.280873] IO base BAM = 0x          (null)
[    1.280873] BAM IRQ 268
[    1.280873] Engines Availability = 0x2010853
[    1.307562] QCE50: qce_sps_init:  Qualcomm MSM CE-BAM at 0x00000000fd444000 irq 268
[    1.307978] qcrypto: FIPS140-2 Known Answer Tests: Skipped
[    1.308333] qcrypto fd3c0000.qcrypto2pfe: Qualcomm Crypto 5.3.0 device found @0xfd3c0000
[    1.308344] qcrypto fd3c0000.qcrypto2pfe: CE device = 0x1
[    1.308344] , IO base, CE = 0xffffff8002000000
[    1.308344] , Consumer (IN) PIPE 0,    Producer (OUT) PIPE 1
[    1.308344] IO base BAM = 0x          (null)
[    1.308344] BAM IRQ 329
[    1.308344] Engines Availability = 0x2010853
[    1.308720] QCE50: qce_sps_init:  Qualcomm MSM CE-BAM at 0x00000000fd3c4000 irq 329
[    1.309080] qcrypto: FIPS140-2 Known Answer Tests: Skipped
[    1.310963] spich: spich_init
[    1.312537] sps: BAM device 0x00000000f9904000 is not registered yet.
[    1.312554] sps:BAM 0x00000000f9904000 is registered.
[    1.314825] sps:BAM 0x00000000f9904000 (va:0xffffff8001f60000) enabled: ver:0x17, number of pipes:24
[    1.315565] spich spi5.0: spich_probe: contexthub,ap2sh=39
[    1.315595] spich spi5.0: spich_probe: contexthub,sh2ap=41
[    1.315621] spich spi5.0: spich_probe: contexthub,boot0=94
[    1.315648] spich spi5.0: spich_probe: contexthub,nrst=93
[    1.318096] tun: Universal TUN/TAP device driver, 1.6
[    1.318109] tun: (C) 1999-2004 Max Krasnyansky <maxk@qualcomm.com>
[    1.318161] PPP generic driver version 2.4.2
[    1.318232] PPP BSD Compression module registered
[    1.318239] PPP Deflate Compression module registered
[    1.318270] PPP MPPE Compression module registered
[    1.318277] NET: Registered protocol family 24
[    1.318326] usbcore: registered new interface driver kaweth
[    1.318332] pegasus: v0.9.3 (2013/04/25), Pegasus/Pegasus II USB Ethernet driver
[    1.318351] usbcore: registered new interface driver pegasus
[    1.318372] usbcore: registered new interface driver rtl8150
[    1.318389] usbcore: registered new interface driver r8152
[    1.318408] usbcore: registered new interface driver asix
[    1.318428] usbcore: registered new interface driver ax88179_178a
[    1.318445] usbcore: registered new interface driver cdc_ether
[    1.319041] msm_sharedmem: sharedmem_register_qmi: qmi init successful
[    1.320089] msm_sharedmem: msm_sharedmem_probe: Device created for client 'rmtfs'
[    1.320804] msm_sharedmem: msm_sharedmem_probe: Device created for client 'rfsa_dsp'
[    1.321032] msm_sharedmem: msm_sharedmem_probe: Device created for client 'rfsa_mdm'
[    1.321251] msm_sharedmem: msm_sharedmem_probe: Device created for client 'rfsa_sensor'
[    1.326532] msm-qusb-phy f9b39000.qusb: invalid resource
[    1.330816] typec_current_mode_detect: no typec device registered
[    1.330830] typec_current_mode_detect: no typec device registered
[    1.330909] typec_current_mode_detect: no typec device registered
[    1.330915] typec_current_mode_detect: no typec device registered
[    1.371542] ehci_hcd: USB 2.0 'Enhanced' Host Controller (EHCI) Driver
[    1.371558] ehci-pci: EHCI PCI platform driver
[    1.371579] ehci-msm: Qualcomm On-Chip EHCI Host Controller
[    1.371919] ehci-msm2: Qualcomm EHCI Host Controller
[    1.372820] usbcore: registered new interface driver cdc_acm
[    1.372827] cdc_acm: USB Abstract Control Model driver for USB modems and ISDN adapters
[    1.372846] usbcore: registered new interface driver usb-storage
[    1.372910] usbcore: registered new interface driver usbserial
[    1.372932] usbcore: registered new interface driver usbserial_generic
[    1.372953] usbserial: USB Serial support registered for generic
[    1.372971] usbcore: registered new interface driver ftdi_sio
[    1.372992] usbserial: USB Serial support registered for FTDI USB Serial Device
[    1.373010] usbcore: registered new interface driver pl2303
[    1.373027] usbserial: USB Serial support registered for pl2303
[    1.373051] usbcore: registered new interface driver emi26 - firmware loader
[    1.373071] usbcore: registered new interface driver emi62 - firmware loader
[    1.373090] usbcore: registered new interface driver usb_ehset_test
[    1.374011] tusb320_i2c_init: entry
[    1.374075] tusb320_probe: start
[    1.374326] i2c-msm-v2 f9928000.i2c: msm_bus_scale_register_client(mstr-id:86):0x17 (ok)
[    1.375469] dual_role_usb otg_default: driver failed to report `mode' property: -22
[    1.378547] tusb320_current_advertise_set: current advertise set to 2
[    1.378554] tusb320_probe: schedule_work 
[    1.378569] tusb320_probe: end
[    1.378589] tusb320_intb_work: start
[    1.378653] tusb320_i2c_init: end
[    1.378721] mousedev: PS/2 mouse device common for all mice
[    1.378756] usbcore: registered new interface driver xpad
[    1.378778] usbcore: registered new interface driver usb_acecad
[    1.378797] usbcore: registered new interface driver aiptek
[    1.378815] usbcore: registered new interface driver gtco
[    1.378835] usbcore: registered new interface driver hanwang
[    1.378853] usbcore: registered new interface driver kbtab
[    1.378873] usbcore: registered new interface driver wacom
[    1.379766] tusb320_intb_work: attached_state is 1
[    1.380086] [SYNAP][DEBUG]synaptics_rmi4_init: in!
[    1.380092] [SYNAP][DEBUG]synaptics_dsx_bus_init: in!
[    1.380368] tusb320_intb_work: current mode is 1
[    1.380380] tusb320_intb_work: end
[    1.380712] [SYNAP][DEBUG]synaptics_rmi4_i2c_probe: in!
[    1.380720] [SYNAP][DEBUG]parse_dt: in!
[    1.380752] [SYNAP][DEBUG]parse_dt: pwr-reg-name, name(vdd) !
[    1.380759] [SYNAP][DEBUG]parse_dt: bus-reg-name, name(vcc_i2c) !
[    1.380783] [SYNAP][DEBUG]parse_dt: vbus-gpio(38) !
[    1.380791] [SYNAP][DEBUG]parse_dt: power-gpio no need !
[    1.380798] [SYNAP][DEBUG]parse_dt: power-delay-ms value(200) !
[    1.380879] [SYNAP][DEBUG]parse_dt: reset-gpio(96) !
[    1.380887] [SYNAP][DEBUG]parse_dt: reset-on-state,value(0) !
[    1.380894] [SYNAP][DEBUG]parse_dt: reset-active-ms,value(20) !
[    1.380900] [SYNAP][DEBUG]parse_dt: reset_delay_ms,value(200) !
[    1.380911] [SYNAP][DEBUG]parse_dt: x_flip,value(1) !
[    1.380919] [SYNAP][DEBUG]parse_dt: y_flip,value(1) !
[    1.380931] [SYNAP][DEBUG]parse_dt: max-x value(1439) ! 
[    1.380939] [SYNAP][DEBUG]parse_dt: max-y value(2559) ! 
[    1.380947] [SYNAP][DEBUG]parse_dt:num-of-fingers value(10) ! 
[    1.381651] [SYNAP][DEBUG]synaptics_rmi4_probe: in!
[    1.381945] synaptics_rmi4_pinctrl_select_state: in! state=1! 
[    1.381959] [SYNAP][DEBUG]synaptics_rmi4_get_reg: in!
[    1.382045] [SYNAP][DEBUG]synaptics_rmi4_get_reg: pwr_reg get !
[    1.382091] [SYNAP][DEBUG]synaptics_rmi4_get_reg: bus_reg get !
[    1.382099] [SYNAP][DEBUG]synaptics_rmi4_enable_reg: in!enable=1!
[    1.382643] [SYNAP][DEBUG]synaptics_rmi4_enable_reg: pwr_reg enabled !
[    1.390782] [SYNAP][DEBUG]synaptics_rmi4_enable_reg: bus_reg enabled !
[    1.390801] [SYNAP][DEBUG]synaptics_rmi4_enable_reg: vbus_gpio(38) enabled !
[    1.593914] [SYNAP][DEBUG]synaptics_rmi4_set_gpio: irq_gpio(77) setup !
[    1.593926] [SYNAP][DEBUG]synaptics_rmi4_set_gpio: reset_gpio(96) setup !
[    1.593932] [SYNAP][DEBUG]synaptics_rmi4_set_gpio: reset_gpio(96) on=0 !
[    1.617238] [SYNAP][DEBUG]synaptics_rmi4_set_gpio: reset_active_ms(20) !
[    1.820572] [SYNAP][DEBUG]synaptics_rmi4_set_gpio: reset_delay_ms(200) !
[    1.820579] [SYNAP][DEBUG]synaptics_rmi4_set_input_dev: in!
[    1.820588] [SYNAP][DEBUG]synaptics_rmi4_query_device: in!
[    1.820848] i2c-msm-v2 f9924000.i2c: msm_bus_scale_register_client(mstr-id:86):0x18 (ok)
[    1.825572] synaptics_dsx25_i2c 2-0070: synaptics_rmi4_f1a_button_map: Button map is missing in board file
[    1.829971] [SYNAP][DEBUG]synaptics_rmi4_query_device: firmware_id=2052307 !
[    1.830368] input: synaptics_dsx as /devices/soc.0/f9924000.i2c/i2c-2/2-0070/input/input0
[    1.831321] [SYNAP][DEBUG]synaptics_rmi4_probe: ok!
[    1.831407] [CYTTSP] cyttsp4_i2c_init: Cypress TTSP I2C Touchscreen Driver (Built 20130612) rc=0
[    1.831428] [CYTTSP] cyttsp4_core_init: Cypress TTSP v4 core driver (Built 20130612) rc=0
[    1.831446] [CYTTSP] cyttsp4_mt_init: Cypress TTSP MTB v4 multi-touch (Built 20130612), rc=0
[    1.831470] [CYTTSP] cyttsp4_device_access_init: Cypress TTSP Device Access (Built 20130612) rc=0
[    1.831489] [CYTTSP] cyttsp4_loader_init: Cypress TTSP FW loader (Built 20130612) rc=0
[    1.831509] [CYTTSP] cyttsp4_debug_init: Cypress TTSP Debug (Built 20130612) rc=0
[    1.832058] stmvl6180_init: Enter
[    1.832064] stmvl6180_init_i2c: Enter
[    1.832104] stmvl6180_probe: Enter
[    1.832110] stmvl6180_parse_vdd: Enter
[    1.832455] stmvl6180_parse_vdd: End
[    1.832460] stmvl6180_probe: End
[    1.832489] i2c-core: driver [stmvl6180] using legacy suspend method
[    1.832494] i2c-core: driver [stmvl6180] using legacy resume method
[    1.832505] stmvl6180_init_i2c: End with rc:0
[    1.832510] stmvl6180_setup: Enter
[    1.832603] input: STM VL6180 proximity sensor as /devices/virtual/input/input1
[    1.832690] stmvl6180_setup: support ver. 2.0.5 enabled
[    1.832695] stmvl6180_setup: Endstmvl6180_init: End
[    1.835493] fpc1020 fpc1020.81: found pin control fpc1020_reset_reset
[    1.835507] fpc1020 fpc1020.81: found pin control fpc1020_reset_active
[    1.835514] fpc1020 fpc1020.81: found pin control fpc1020_irq_active
[    1.835521] fpc1020 fpc1020.81: found pin control fpc1020_mid_default
[    1.836169] fpc1020 fpc1020.81: module id:1
[    1.836492] fpc1020 fpc1020.81: fpc1020_probe: ok
[    1.836802] fpc1020_init OK
[    1.837076] qcom,qpnp-rtc qpnp-rtc-ffffffc0061f6000: rtc core: registered qpnp_rtc as rtc0
[    1.837298] i2c /dev entries driver
[    1.841129] platform fdc00000.qcom,vidc: Driver msm_vidc_v4l2 requests probe deferral
[    1.844394] msm_tspp_probe: vdd_cx regulator will not be used
[    1.850674] msm_cci_get_clk_info: clock-names[0][0] = camss_top_ahb_clk
[    1.850691] msm_cci_get_clk_info: clk_rate[0][0] = -1
[    1.850697] msm_cci_get_clk_info: clock-names[0][1] = cci_src_clk
[    1.850702] msm_cci_get_clk_info: clk_rate[0][1] = 19200000
[    1.850708] msm_cci_get_clk_info: clock-names[0][2] = cci_ahb_clk
[    1.850714] msm_cci_get_clk_info: clk_rate[0][2] = -1
[    1.850720] msm_cci_get_clk_info: clock-names[0][3] = camss_cci_clk
[    1.850725] msm_cci_get_clk_info: clk_rate[0][3] = -1
[    1.850731] msm_cci_get_clk_info: clock-names[0][4] = camss_ahb_clk
[    1.850736] msm_cci_get_clk_info: clk_rate[0][4] = -1
[    1.850742] msm_cci_get_clk_info: clock-names[1][0] = camss_top_ahb_clk
[    1.850747] msm_cci_get_clk_info: clk_rate[1][0] = -1
[    1.850753] msm_cci_get_clk_info: clock-names[1][1] = cci_src_clk
[    1.850758] msm_cci_get_clk_info: clk_rate[1][1] = 37500000
[    1.850764] msm_cci_get_clk_info: clock-names[1][2] = cci_ahb_clk
[    1.850769] msm_cci_get_clk_info: clk_rate[1][2] = -1
[    1.850775] msm_cci_get_clk_info: clock-names[1][3] = camss_cci_clk
[    1.850780] msm_cci_get_clk_info: clk_rate[1][3] = -1
[    1.850786] msm_cci_get_clk_info: clock-names[1][4] = camss_ahb_clk
[    1.850791] msm_cci_get_clk_info: clk_rate[1][4] = -1
[    1.857794] adp1660 i2c_add_driver success
[    1.859220] msm_flash_lm3642_init entry
[    1.940758] msm_cci_init:875: hw_version = 0x10020000
[    1.940824] qcom,slave-addr = 0x20
[    1.947240] qcom,slave-addr = 0x20
[    1.953903] qcom,slave-addr = 0x20
[    1.960568] qcom,slave-addr = 0x20
[    1.967233] qcom,slave-addr = 0x20
[    1.973900] qcom,slave-addr = 0x20
[    1.980567] qcom,slave-addr = 0x20
[    1.987234] qcom,slave-addr = 0x20
[    2.002141] qcom,slave-addr = 0x20
[    2.015466] qcom,slave-addr = 0x20
[    2.108006] msm_eeprom_parse_memory_map: pageen not needed
[    2.108023] msm_camera_pinctrl_init:1247 Getting pinctrl handle failed
[    2.108029] msm_camera_power_up:1288 Initialization of pinctrl failed
[    2.108036] msm_camera_request_gpio_table:595 invalid gpio_tbl           (null) / size 0
[    2.112632] msm_cci_init:875: hw_version = 0x10020000
[    2.112657] qcom,slave-addr = 0xA2
[    2.332127] [SYNAP][DEBUG]fwu_read_f34_v7_queries: in!
[    2.336638] [SYNAP][DEBUG]fwu_parse_partition_table: in!
[    2.336851] [SYNAP][DEBUG]fwu_startup_fw_update_work: in!
[    2.336858] [SYNAP][DEBUG]synaptics_dsx25_fw_updater: in!
[    2.336863] [SYNAP][DEBUG]fwu_start_reflash: in!
[    2.336868] [SYNAP][DEBUG]fwu_start_reflash: Start of reflash process
[    2.336873] fwu_start_reflash: Start of reflash process
[    2.336878] [SYNAP][DEBUG]fwu_start_reflash: Panel resolution is 2k!!!
[    2.336883] [SYNAP][DEBUG]fwu_start_reflash: Requesting firmware image synaptics/startup_fw_update.img
[    2.336892] [SYNAP][DEBUG]fwu_parse_image_info: in!
[    2.336897] [SYNAP][DEBUG]fwu_parse_image_header_10: in!
[    2.336906] [SYNAP][DEBUG]fwu_parse_partition_table: in!
[    2.336912] [SYNAP][DEBUG]fwu_compare_partition_tables: in!
[    2.336918] [SYNAP][DEBUG]fwu_compare_partition_tables: phyaddr.ui_firmware=768,img.phyaddr.ui_firmware=768
[    2.336924] [SYNAP][DEBUG]fwu_compare_partition_tables: phyaddr.ui_config=8064,img.phyaddr.ui_config=8064
[    2.336931] [SYNAP][DEBUG]fwu_compare_partition_tables: has_guest_code:phyaddr.guest_code=8192,img.phyaddr.guest_code=8192
[    2.337270] [SYNAP][DEBUG]fwu_go_nogo: in!
[    2.337282] synaptics_dsx25_i2c 2-0070: fwu_go_nogo: Device firmware ID = 2052307
[    2.337289] [SYNAP][DEBUG]fwu_get_image_firmware_id: Image firmware ID=2052307 !
[    2.337296] synaptics_dsx25_i2c 2-0070: fwu_go_nogo: Image firmware ID = 2052307
[    2.338217] synaptics_dsx25_i2c 2-0070: fwu_go_nogo: Device config ID = 0x14 0x40 0x0f 0x0f
[    2.338226] synaptics_dsx25_i2c 2-0070: fwu_go_nogo: Image config ID = 0x14 0x40 0x0f 0x0f
[    2.338233] synaptics_dsx25_i2c 2-0070: fwu_go_nogo: No need to do reflash
[    2.338240] [SYNAP][DEBUG]synaptics_rmi4_reset_device: in! 
[    2.365900] msm_camera_request_gpio_table:595 invalid gpio_tbl           (null) / size 0
[    2.368985] g_sctrl[0] ffffffc0bad48000
[    2.369469] g_sctrl[1] ffffffc0bad49000g_sctrl[2] ffffffc0bad4a000
[    2.370088] mt9m114_init_module:1158
[    2.370977] mt9m114_init_module:1163 rc -19
[    2.371509] MSM-CPP msm_cpp_get_clk_info:3460 clk_rate[0] = -1
[    2.371516] MSM-CPP msm_cpp_get_clk_info:3460 clk_rate[1] = 465000000
[    2.371522] MSM-CPP msm_cpp_get_clk_info:3460 clk_rate[2] = -1
[    2.371528] MSM-CPP msm_cpp_get_clk_info:3460 clk_rate[3] = -1
[    2.371533] MSM-CPP msm_cpp_get_clk_info:3460 clk_rate[4] = 465000000
[    2.371538] MSM-CPP msm_cpp_get_clk_info:3460 clk_rate[5] = -1
[    2.371544] MSM-CPP msm_cpp_get_clk_info:3460 clk_rate[6] = -1
[    2.371552] MSM-CPP cpp_probe:3582 Bus master 0
[    2.375447] MSM-CPP cpp_init_hardware:1103 CPP HW Version: 0x50000000
[    2.375460] MSM-CPP cpp_init_hardware:1124 stream_cnt:0
[    2.384483] __msm_jpeg_init:1525] Jpeg Device id 0
[    2.384638] __msm_jpeg_init:1525] Jpeg Device id 1__msm_jpeg_init:1525] Jpeg Device id 2
[    2.384848] __msm_jpeg_init:1525] Jpeg Device id 3<6>[    2.387171] usbcore: registered new interface driver uvcvideo
[    2.387184] USB Video Class driver (1.1.1)
[    2.387557] smb1351_parallel_charger_probe: smb1351 parallel successfully probed.
[    2.540589] [SYNAP][DEBUG]synaptics_rmi4_query_device: in!
[    2.544985] synaptics_dsx25_i2c 2-0070: synaptics_rmi4_f1a_button_map: Button map is missing in board file
[    2.549336] [SYNAP][DEBUG]synaptics_rmi4_query_device: firmware_id=2052307 !
[    2.550801] [SYNAP][DEBUG]fwu_read_f34_v7_queries: in!
[    2.554621] [SYNAP][DEBUG]fwu_parse_partition_table: in!
[    2.555133] fwu_start_reflash: End of reflash process
[    2.556348] [SYNAP][DEBUG]fwu_start_reflash:fwu_scan_pdt ,retval=0
[    2.557273] [SYNAP][DEBUG]synaptics_refresh_configid(line 3254): Device config ID = 0x14 0x40 0x0f 0x0f
[    2.557281] [SYNAP][DEBUG]fwu_start_reflash: out!
[    3.016458] FG: fg_probe: FG Probe success - FG Revision DIG:2.1 ANA:1.2 PMIC subtype=10
[    3.016713] spmi qpnp-smbcharger-ffffffc00ea20400: Driver qpnp-smbcharger requests probe deferral
[    3.045592] device-mapper: ioctl: 4.24.0-ioctl (2013-01-15) initialised: dm-devel@redhat.com
[    3.045711] device-mapper: req-crypt: dm-req-crypt successfully initalized.
[    3.045711] 
[    3.046902] Bluetooth: bluesleep_init: BlueSleep Mode Driver Ver 1.2
[    3.047693] Bluetooth: bt_host_wake 9, bt_ext_wake 8
[    3.047754] Bluetooth: host_wake_irq 605, polarity 0
[    3.048447] cpuidle: using governor null
[    3.048483] sdhci: Secure Digital Host Controller Interface driver
[    3.048488] sdhci: Copyright(c) Pierre Ossman
[    3.048494] sdhci-pltfm: SDHCI platform and OF driver helper
[    3.053202] mmc0: no vqmmc regulator found
[    3.053224] mmc0: no vmmc regulator found
[    3.053484] mmc0: SDHCI controller on f9824900.sdhci [f9824900.sdhci] using 32-bit ADMA
[    3.099510] mmc1: no vqmmc regulator found
[    3.099533] mmc1: no vmmc regulator found
[    3.099784] mmc1: SDHCI controller on f98a4900.sdhci [f98a4900.sdhci] using 32-bit ADMA
[    3.137757] hidraw: raw HID events driver (C) Jiri Kosina
[    3.138661] usbcore: registered new interface driver usbhid
[    3.138667] usbhid: USB HID core driver
[    3.139051] ashmem: initialized
[    3.139127] logger: created 256K log 'log_main'
[    3.139193] logger: created 256K log 'log_events'
[    3.139259] logger: created 256K log 'log_radio'
[    3.139326] logger: created 256K log 'log_system'
[    3.140150] sps:BAM 0x00000000f9304000 is registered.
[    3.141031] qcom,qpnp-power-on qpnp-power-on-ffffffc0061f4800: PMIC@SID0 Power-on reason: Triggered from PON1 (secondary PMIC) and 'warm' boot
[    3.141051] qcom,qpnp-power-on qpnp-power-on-ffffffc0061f4800: PMIC@SID0: Power-off reason: Triggered from PS_HOLD (PS_HOLD/MSM controlled shutdown)
[    3.141243] input: qpnp_pon as /devices/virtual/input/input2
[    3.142038] pon_spare_reg: no parameters
[    3.142115] qcom,qpnp-power-on qpnp-power-on-ffffffc0061f7000: No PON config. specified
[    3.142151] qcom,qpnp-power-on qpnp-power-on-ffffffc0061f7000: PMIC@SID2 Power-on reason: Triggered from PON1 (secondary PMIC) and 'warm' boot
[    3.142167] qcom,qpnp-power-on qpnp-power-on-ffffffc0061f7000: PMIC@SID2: Power-off reason: Triggered from PS_HOLD (PS_HOLD/MSM controlled shutdown)
[    3.142339] qpnp_coincell_charger_show_state: enabled=Y, voltage=3200 mV, resistance=2100 ohm
[    3.145516] clock-cpu-8994: OPP tables populated (cpu 3 and 7)
[    3.145530] clock_cpu: a53: OPP voltage for 384000000: 855000
[    3.145536] clock_cpu: a53: OPP voltage for 1555200000: 1115000
[    3.145542] clock_cpu: a57: OPP voltage for 384000000: 810000
[    3.145547] clock_cpu: a57: OPP voltage for 1958400000: 1060000
[    3.146859] bimc-bwmon fc388000.qcom,cpu-bwmon: BW HWmon governor registered.
[    3.147100] bimc-bwmon fc390000.qcom,gpu-bwmon: BW HWmon governor registered.
[    3.149679] devfreq qcom,cpubw.32: Couldn't update frequency transition information.
[    3.149870] devfreq qcom,mincpubw.33: Couldn't update frequency transition information.
[    3.154834] specify port
[    3.154850] snd_mpu401: probe of snd_mpu401.0 failed with error -22
[    3.154927] usbcore: registered new interface driver snd-usb-audio
[    3.156945] right channel getted reg value 0x34
[    3.157245] max98925_i2c_probe: read hac gpio  32
[    3.167119] msm-compr-dsp qcom,msm-compr-dsp.42: msm_compr_probe: dev name qcom,msm-compr-dsp.42
[    3.167644] msm-pcm-lpa qcom,msm-pcm-lpa.38: msm_pcm_probe: dev name qcom,msm-pcm-lpa.38
[    3.168563] platform qcom,msm-voip-dsp.44: Driver msm-voip-dsp requests probe deferral
[    3.169017] platform qcom,msm-pcm-voice.45: Driver msm-pcm-voice requests probe deferral
[    3.170474] mmc0: BKOPS_EN bit = 0
[    3.179678] msm8994-asoc-snd fe034000.sound: msm8994_asoc_machine_probe: No hdmi audio support
[    3.181684] msm8994-asoc-snd fe034000.sound: ASoC: platform (null) not registered
[    3.181756] platform fe034000.sound: Driver msm8994-asoc-snd requests probe deferral
[    3.182404] u32 classifier
[    3.182409]     Actions configured
[    3.182418] Netfilter messages via NETLINK v0.30.
[    3.182475] nf_conntrack version 0.5.0 (16384 buckets, 65536 max)
[    3.182721] ctnetlink v0.93: registering with nfnetlink.
[    3.182756] ------------[ cut here ]------------
[    3.182770] WARNING: at /usr/local/google/buildbot/src/partner-android/m-dev-msm-angler-3.10-mdr-1.6/private/msm-huawei/net/netfilter/nf_queue.c:35 nf_register_queue_handler+0x30/0x44()
[    3.182779] CPU: 0 PID: 1 Comm: swapper/0 Not tainted 3.10.73-ga5cec12 #1
[    3.182784] Call trace:
[    3.182794] [<ffffffc000206b88>] dump_backtrace+0x0/0x250
[    3.182801] [<ffffffc000206de8>] show_stack+0x10/0x1c
[    3.182808] [<ffffffc000c7ba44>] dump_stack+0x1c/0x28
[    3.182816] [<ffffffc00021c4e4>] warn_slowpath_common+0x70/0x94
[    3.182822] [<ffffffc00021c750>] warn_slowpath_null+0x14/0x20
[    3.182828] [<ffffffc000af5fe0>] nf_register_queue_handler+0x2c/0x44
[    3.182838] [<ffffffc001443238>] nf_conntrack_sip_init+0x294/0x2b8
[    3.182846] [<ffffffc001400844>] do_one_initcall+0xac/0x148
[    3.182852] [<ffffffc001400a9c>] kernel_init_freeable+0x1a8/0x24c
[    3.182860] [<ffffffc000c71ef0>] kernel_init+0xc/0xd8
[    3.182886] ---[ end trace e252d279209ba6d9 ]---
[    3.182916] NF_TPROXY: Transparent proxy support initialized, version 4.1.0
[    3.182920] NF_TPROXY: Copyright (c) 2006-2007 BalaBit IT Ltd.
[    3.183130] xt_time: kernel timezone is -0000
[    3.183287] ip_tables: (C) 2000-2006 Netfilter Core Team
[    3.183428] arp_tables: (C) 2002 David S. Miller
[    3.183463] TCP: cubic registered
[    3.183468] Initializing XFRM netlink socket
[    3.183726] NET: Registered protocol family 10
[    3.184361] mip6: Mobile IPv6
[    3.184383] ip6_tables: (C) 2000-2006 Netfilter Core Team
[    3.184511] sit: IPv6 over IPv4 tunneling driver
[    3.184927] NET: Registered protocol family 17
[    3.184972] NET: Registered protocol family 15
[    3.185037] Bridge firewalling registered
[    3.185047] Ebtables v2.0 registered
[    3.185266] Bluetooth: RFCOMM TTY layer initialized
[    3.185283] Bluetooth: RFCOMM socket layer initialized
[    3.185288] Bluetooth: RFCOMM ver 1.11
[    3.185294] Bluetooth: BNEP (Ethernet Emulation) ver 1.3
[    3.185298] Bluetooth: BNEP filters: protocol multicast
[    3.185310] Bluetooth: BNEP socket layer initialized
[    3.185315] Bluetooth: HIDP (Human Interface Emulation) ver 1.2
[    3.185348] Bluetooth: HIDP socket layer initialized
[    3.185373] l2tp_core: L2TP core driver, V2.0
[    3.185385] l2tp_ppp: PPPoL2TP kernel driver, V2.0
[    3.185389] l2tp_ip: L2TP IP encapsulation support (L2TPv3)
[    3.185405] l2tp_netlink: L2TP netlink interface
[    3.185428] l2tp_eth: L2TP ethernet pseudowire support (L2TPv3)
[    3.185443] l2tp_debugfs: L2TP debugfs support
[    3.185448] l2tp_ip6: L2TP IP encapsulation support for IPv6 (L2TPv3)
[    3.185763] bt_vreg: no parameters
[    3.185995] usb_otg_vreg: no parameters
[    3.186090] reg-fixed-voltage usb-otg-switch.66: Failed to find supply vin
[    3.186143] reg-fixed-voltage usb-otg-switch.66: Failed to register regulator: -517
[    3.186153] platform usb-otg-switch.66: Driver reg-fixed-voltage requests probe deferral
[    3.190920] mmc0: new HS400 MMC card at address 0001
[    3.191309] mmcblk0: mmc0:0001 064G70 58.2 GiB 
[    3.191477] mmcblk0rpmb: mmc0:0001 064G70 partition 3 4.00 MiB
[    3.193279] GPT:partition_entry_array_crc32 values don't match: 0x4aa75f3b != 0xe3345ddf
[    3.193289] GPT: Use GNU Parted to correct GPT errors.
[    3.193378]  mmcblk0: p1 p2 p3 p4 p5 p6 p7 p8 p9 p10 p11 p12 p13 p14 p15 p16 p17 p18 p19 p20 p21 p22 p23 p24 p25 p26 p27 p28 p29 p30 p31 p32 p33 p34 p35 p36 p37 p38 p39 p40 p41 p42 p43 p44
[    3.194978] qpnp-smbcharger qpnp-smbcharger-ffffffc00ea20400: node /soc/qcom,spmi@fc4c0000/qcom,pmi8994@2/qcom,qpnp-smbcharger IO resource absent!
[    3.195132] smbcharger_charger_otg: no parameters
[    3.195233] smbcharger_external_otg: no parameters
[    3.195282] smbcharger_external_otg: supplied by pmi8994_boost_5v
[    3.219025] i2c-msm-v2 f9967000.i2c: msm_bus_scale_register_client(mstr-id:84):0x2a (ok)
[    3.243822] qpnp-smbcharger qpnp-smbcharger-ffffffc00ea20400: node /soc/qcom,spmi@fc4c0000/qcom,pmi8994@2/qcom,qpnp-smbcharger IO resource absent!
[    3.243983] SMBCHG: smbchg_external_power_changed: smbchg_external_power_changed: current_limit = 1500
[    3.243998] SMBCHG: determine_target_input_current: target_current = 1500
[    3.244858] qpnp-smbcharger qpnp-smbcharger-ffffffc00ea20400: SMBCHG successfully probed batt=1 dc = 0 usb = 1
[    3.250260] msm8994-asoc-snd fe034000.sound: msm8994_asoc_machine_probe: No hdmi audio support
[    3.250757] msm8994-asoc-snd fe034000.sound: ASoC: CODEC tomtom_codec not registered
[    3.250810] platform fe034000.sound: Driver msm8994-asoc-snd requests probe deferral
[    3.251024] usb_otg_vreg: no parameters
[    3.251054] usb_otg_vreg: supplied by smbcharger_external_otg
[    3.255900] msm8994-asoc-snd fe034000.sound: msm8994_asoc_machine_probe: No hdmi audio support
[    3.256241] msm8994-asoc-snd fe034000.sound: ASoC: CODEC tomtom_codec not registered
[    3.256285] platform fe034000.sound: Driver msm8994-asoc-snd requests probe deferral
[    3.257077] Registering SWP/SWPB emulation handler
[    3.294005] Key type encrypted registered
[    3.369116] usb_otg_vreg: disabling
[    3.369143] bt_vreg: disabling
[    3.369182] pm8994_l31: disabling
[    3.369684] lab_reg: disabling
[    3.373838] mem_acc1_corner: disabling
[    3.373844] mem_acc0_corner: disabling
[    3.373850] regulator-dummy: disabling
[    3.380078] msm8994-asoc-snd fe034000.sound: msm8994_asoc_machine_probe: No hdmi audio support
[    3.380447] msm8994-asoc-snd fe034000.sound: ASoC: CODEC tomtom_codec not registered
[    3.380495] platform fe034000.sound: Driver msm8994-asoc-snd requests probe deferral
[    3.383571] file system registered
[    3.383607] mbim_init: initialize 1 instances
[    3.383648] mbim_init: Initialized 1 ports
[    3.383653] mbim_bam_setup: no_ports:1
[    3.383797] mbim_bam_setup: Initialized 1 ports
[    3.384410] rndis_qc_init: initialize rndis QC instance
[    3.384610] android_usb gadget: Mass Storage Function, version: 2009/09/11
[    3.384616] android_usb gadget: Number of LUNs=1
[    3.384622]  lun0: LUN: removable file: (no medium)
[    3.384784] android_usb gadget: android_usb ready
[    3.386509] msm8994-asoc-snd fe034000.sound: msm8994_asoc_machine_probe: No hdmi audio support
[    3.386824] input: gpio-keys as /devices/soc.0/gpio_keys.79/input/input3
[    3.386874] msm8994-asoc-snd fe034000.sound: ASoC: CODEC tomtom_codec not registered
[    3.386919] platform fe034000.sound: Driver msm8994-asoc-snd requests probe deferral
[    3.387434] qcom,qpnp-rtc qpnp-rtc-ffffffc0061f6000: setting system clock to 1970-02-03 20:26:03 UTC (2924763)
[    3.392195] msm8994-asoc-snd fe034000.sound: msm8994_asoc_machine_probe: No hdmi audio support
[    3.392559] msm8994-asoc-snd fe034000.sound: ASoC: CODEC tomtom_codec not registered
[    3.392607] platform fe034000.sound: Driver msm8994-asoc-snd requests probe deferral
[    3.396819] msm_thermal:interrupt_mode_init Interrupt mode init
[    3.397959] msm8994-asoc-snd fe034000.sound: msm8994_asoc_machine_probe: No hdmi audio support
[    3.398301] msm8994-asoc-snd fe034000.sound: ASoC: CODEC tomtom_codec not registered
[    3.398348] platform fe034000.sound: Driver msm8994-asoc-snd requests probe deferral
[    3.399140] lmh_lite:lmh_parse_sensor Registering sensor:[LLM_IA57]
[    3.399435] lmh_lite:lmh_parse_sensor Registering sensor:[THRM_57-0]
[    3.399613] lmh_lite:lmh_parse_sensor Registering sensor:[THRM_57-1]
[    3.399754] lmh_lite:lmh_parse_sensor Registering sensor:[THRM_57-2]
[    3.399912] lmh_lite:lmh_parse_sensor Registering sensor:[THRM_57-3]
[    3.400074] lmh_lite:lmh_parse_sensor Registering sensor:[THRM_53-0]
[    3.400233] lmh_lite:lmh_parse_sensor Registering sensor:[THRM_53-1]
[    3.400399] lmh_lite:lmh_parse_sensor Registering sensor:[THRM_53-2]
[    3.400566] lmh_lite:lmh_parse_sensor Registering sensor:[THRM_53-3]
[    3.403737] msm8994-asoc-snd fe034000.sound: msm8994_asoc_machine_probe: No hdmi audio support
[    3.404240] msm8994-asoc-snd fe034000.sound: ASoC: CODEC tomtom_codec not registered
[    3.404290] platform fe034000.sound: Driver msm8994-asoc-snd requests probe deferral
[    3.408793] qcom,qpnp-flash-led qpnp-flash-led-ffffffc00ea22c00: Unable to quire pinctrl
[    3.409613] msm8994-asoc-snd fe034000.sound: msm8994_asoc_machine_probe: No hdmi audio support
[    3.409840] rmnet_ipa started initialization
[    3.409846] IPA SSR support = True
[    3.409851] IPA ipa-loaduC = True
[    3.410002] msm8994-asoc-snd fe034000.sound: ASoC: CODEC tomtom_codec not registered
[    3.410071] platform fe034000.sound: Driver msm8994-asoc-snd requests probe deferral
[    3.413375] rmnet_ipa completed initialization
[    3.415833] msm8994-asoc-snd fe034000.sound: msm8994_asoc_machine_probe: No hdmi audio support
[    3.416221] msm8994-asoc-snd fe034000.sound: ASoC: CODEC tomtom_codec not registered
[    3.416268] platform fe034000.sound: Driver msm8994-asoc-snd requests probe deferral
[    3.418371] qcom,cc-debug-8994 fc401880.qcom,cc-debug: Registered debug mux.
[    3.420491] regulator_proxy_consumer_remove_all: removing regulator proxy consumer requests
[    3.421500] msm8994-asoc-snd fe034000.sound: msm8994_asoc_machine_probe: No hdmi audio support
[    3.421515] dhd_module_init in
[    3.421520] dhd_wlan_init: START
[    3.422265] dhd_wifi_init_country: BRCM WLAN chip name not found
[    3.422910] dhd_wifi_init_gpio: gpio_request WL_REG_ON done
[    3.423119] msm8994-asoc-snd fe034000.sound: ASoC: CODEC tomtom_codec not registered
[    3.423178] platform fe034000.sound: Driver msm8994-asoc-snd requests probe deferral
[    3.423458] Power-up adapter 'DHD generic adapter'
[    3.423464] wifi_platform_set_power = 1
[    3.423469] dhd_wlan_power Enter: power on
[    3.428061] msm8994-asoc-snd fe034000.sound: msm8994_asoc_machine_probe: No hdmi audio support
[    3.428418] msm8994-asoc-snd fe034000.sound: ASoC: CODEC tomtom_codec not registered
[    3.428463] platform fe034000.sound: Driver msm8994-asoc-snd requests probe deferral
[    3.510575] ipa ipa_uc_state_check:246 uC is not loaded
[    3.623920] wifi_platform_bus_enumerate device present 1
[    3.623938] msm_pcie_enable: PCIe: Assert the reset of endpoint of RC1.
[    3.628348] msm_pcie_enable: PCIe RC1 PHY is ready!
[    3.638382] msm_pcie_enable: PCIe: Release the reset of endpoint of RC1.
[    3.665046] msm_pcie_enable: PCIe RC1 link initialized
[    3.665279] PCI host bridge to bus 0001:00
[    3.665290] pci_bus 0001:00: root bus resource [io  0xf8880000-0xf88fffff]
[    3.665297] pci_bus 0001:00: root bus resource [mem 0xf8900000-0xf8ffffff]
[    3.665304] pci_bus 0001:00: No busn resource found for root bus, will use [bus 00-ff]
[    3.665373] pci 0001:00:00.0: [17cb:0300] type 01 class 0x060400
[    3.665438] msm_pcie_oper_conf: Read of RC1 0:0x00 + 0x0014[4] is all FFs
[    3.665455] pci 0001:00:00.0: reg 10: [mem 0x00000000-0x000fffff 64bit]
[    3.665663] pci 0001:00:00.0: PME# supported from D0 D3hot D3cold
[    3.665949] PCI: bus0: Fast back to back transfers disabled
[    3.665961] pci 0001:00:00.0: bridge configuration invalid ([bus 00-00]), reconfiguring
[    3.666373] pci 0001:01:00.0: [14e4:43e9] type 00 class 0x028000
[    3.666462] msm_pcie_oper_conf: Read of RC1 1:0x00 + 0x0014[4] is all FFs
[    3.666532] pci 0001:01:00.0: reg 10: [mem 0x00000000-0x00007fff 64bit]
[    3.666646] msm_pcie_oper_conf: Read of RC1 1:0x00 + 0x001c[4] is all FFs
[    3.666717] pci 0001:01:00.0: reg 18: [mem 0x00000000-0x003fffff 64bit]
[    3.667139] pci 0001:01:00.0: supports D1 D2
[    3.667144] pci 0001:01:00.0: PME# supported from D0 D1 D2 D3hot D3cold
[    3.667537] PCI: bus1: Fast back to back transfers disabled
[    3.667547] pci_bus 0001:01: busn_res: [bus 01-ff] end is updated to 01
[    3.667577] pci_bus 0001:00: busn_res: [bus 00-ff] end is updated to 01
[    3.667874] msm_pcie_oper_conf: Read of RC1 0:0x00 + 0x0028[4] is all FFs
[    3.667896] pci 0001:00:00.0: BAR 8: assigned [mem 0xf8a00000-0xf8ffffff]
[    3.667904] pci 0001:00:00.0: BAR 0: assigned [mem 0xf8900000-0xf89fffff 64bit]
[    3.667984] pci 0001:01:00.0: BAR 2: assigned [mem 0xf8c00000-0xf8ffffff 64bit]
[    3.668039] pci 0001:01:00.0: BAR 0: assigned [mem 0xf8a00000-0xf8a07fff 64bit]
[    3.668148] pci 0001:00:00.0: PCI bridge to [bus 01]
[    3.668185] pci 0001:00:00.0:   bridge window [mem 0xf8a00000-0xf8ffffff]
[    3.668385] PCI_PROBE:  bus 1, slot 0,vendor 14E4, device 43E9(good PCI location)
[    3.668390] dhdpcie_init enter
[    3.668397] dhdpcie_init: found adapter info 'DHD generic adapter'
[    3.668414] alloc static buf at ffffffc0ba600000!
[    3.668510] PCI: enabling device 0001:01:00.0 (0140 -> 0142)
[    3.668845] dhdpcie_bus_attach: ENTER
[    3.668926] dhdpcie_dongle_attach: PCI_BAR1_WIN = 0
[    3.669526] dhdpcie_dongle_attach: BAR1 window val=23 mask=0
[    3.669642] DHD: dongle ram size is set to 786432(orig 786432) at 0x180000
[    3.669652] wifi_platform_get_mac_addr
[    3.669816] CFG80211-ERROR) wl_setup_wiphy : Registering Vendor80211
[    3.670117] wl_create_event_handler(): thread:wl_event_handler:140 started
[    3.670129] CFG80211-ERROR) wl_event_handler : tsk Enter, tsk = 0xffffffc00eabec58
[    3.670313] dhd_attach(): thread:dhd_watchdog_thread:141 started
[    3.670327] dhd_deferred_work_init: work queue initialized 
[    3.670473] Dongle Host Driver, version 1.201.31 (r)
[    3.670473] Compiled in drivers/net/wireless/bcmdhd on Jun  8 2016 at 18:39:22
[    3.671175] Register interface [wlan0]  MAC: dc:d9:16:55:58:8b
[    3.671175] 
[    3.671184] dhd_prot_ioctl : bus is down. we have nothing to do
[    3.671189] dhd_bus_devreset: == Power OFF ==
[    3.783169] msm_pcie_disable: PCIe: Assert the reset of endpoint of RC1.
[    3.784575] dhd_bus_devreset:  WLAN OFF Done
[    3.784581] wifi_platform_set_power = 0
[    3.784587] dhd_wlan_power Enter: power off
[    3.784595] dhdpcie_init:Exit - SUCCESS 
[    3.784639] clock_late_init: Removing enables held for handed-off clocks
[    3.792354] msm8994-asoc-snd fe034000.sound: msm8994_asoc_machine_probe: No hdmi audio support
[    3.792925] msm8994-asoc-snd fe034000.sound: ASoC: CODEC tomtom_codec not registered
[    3.792973] platform fe034000.sound: Driver msm8994-asoc-snd requests probe deferral
[    3.794116] ALSA device list:
[    3.794122]   No soundcards found.
[    3.794246] Warning: unable to open an initial console.
[    3.794282] Freeing unused kernel memory: 80K (ffffffc001600000 - ffffffc001614000)
[    3.795249] init: init started!
[    3.798681] SELinux: 2048 avtab hash slots, 5593 rules.
[    3.800835] SELinux: 2048 avtab hash slots, 5593 rules.
[    3.800851] SELinux:  1 users, 2 roles, 646 types, 0 bools, 1 sens, 1024 cats
[    3.800857] SELinux:  87 classes, 5593 rules
[    3.802078] SELinux:  Completing initialization.
[    3.802083] SELinux:  Setting up existing superblocks.
[    3.802102] SELinux: initialized (dev sysfs, type sysfs), uses genfs_contexts
[    3.802123] SELinux: initialized (dev rootfs, type rootfs), uses genfs_contexts
[    3.802179] SELinux: initialized (dev bdev, type bdev), not configured for labeling
[    3.802190] SELinux: initialized (dev proc, type proc), uses genfs_contexts
[    3.802206] SELinux: initialized (dev tmpfs, type tmpfs), uses transition SIDs
[    3.802224] SELinux: initialized (dev debugfs, type debugfs), uses genfs_contexts
[    3.831865] SELinux: initialized (dev sockfs, type sockfs), uses task SIDs
[    3.831883] SELinux: initialized (dev pipefs, type pipefs), uses task SIDs
[    3.831892] SELinux: initialized (dev anon_inodefs, type anon_inodefs), not configured for labeling
[    3.831903] SELinux: initialized (dev devpts, type devpts), uses transition SIDs
[    3.831926] SELinux: initialized (dev selinuxfs, type selinuxfs), uses genfs_contexts
[    3.831991] SELinux: initialized (dev configfs, type configfs), not configured for labeling
[    3.832000] SELinux: initialized (dev tmpfs, type tmpfs), uses transition SIDs
[    3.832019] SELinux: initialized (dev sysfs, type sysfs), uses genfs_contexts
[    3.836444] type=1403 audit(2924763.943:2): policy loaded auid=4294967295 ses=4294967295
[    3.836700] type=1404 audit(2924763.943:3): enforcing=1 old_enforcing=0 auid=4294967295 ses=4294967295
[    3.837174] init: (Initializing SELinux enforcing took 0.04s.)
[    3.843542] init: init second stage started!
[    4.008992] init: waitpid failed: No child processes
[    4.009165] init: (Loading properties from /default.prop took 0.00s.)
[    4.010499] init: (Parsing /init.environ.rc took 0.00s.)
[    4.010786] init: (Parsing /init.usb.rc took 0.00s.)
[    4.011639] init: (Parsing init.angler.usb.rc took 0.00s.)
[    4.011684] init: (Parsing init.angler.diag.rc took 0.00s.)
[    4.011738] init: (Parsing init.angler.sensorhub.rc took 0.00s.)
[    4.011753] init: (Parsing /init.angler.rc took 0.00s.)
[    4.012037] init: (Parsing /init.usb.configfs.rc took 0.00s.)
[    4.012099] init: (Parsing /init.zygote64_32.rc took 0.00s.)
[    4.012174] init: (Parsing /init.trace.rc took 0.00s.)
[    4.012189] init: (Parsing /init.rc took 0.00s.)
[    4.012317] init: SELinux: Could not get canonical path /adb_keys restorecon: No such file or directory.
[    4.012474] init: Starting service 'ueventd'...
[    4.012791] type=1400 audit(2924764.120:4): avc:  denied  { mounton } for  pid=1 comm="init" path="/sys/kernel/debug" dev="debugfs" ino=1 scontext=u:r:init:s0 tcontext=u:object_r:debugfs:s0 tclass=dir permissive=0
[    4.012835] init: Waiting for /dev/.coldboot_done...
[    4.014356] ueventd: ueventd started!
[    4.473148] ueventd: Coldboot took 0.45s.
[    4.477857] init: Waiting for /dev/.coldboot_done took 0.47s.
[    4.478588] msm_rng:Data not available!
[    4.491539] msm_rng:Data not available!
[    4.504178] keychord: using input dev qpnp_pon for fevent
[    4.504186] keychord: using input dev gpio-keys for fevent
[    4.504630] SELinux: initialized (dev cgroup, type cgroup), uses genfs_contexts
[    4.504896] SELinux: initialized (dev tmpfs, type tmpfs), uses transition SIDs
[    4.505825] SELinux: initialized (dev tmpfs, type tmpfs), uses transition SIDs
[    4.508057] init: write_file: Unable to open '/proc/sys/kernel/hung_task_timeout_secs': No such file or directory
[    4.508090] init: write_file: Unable to open '/proc/cpu/alignment': No such file or directory
[    4.508198] init: write_file: Unable to open '/proc/sys/kernel/sched_compat_yield': No such file or directory
[    4.509009] SELinux: initialized (dev cgroup, type cgroup), uses genfs_contexts
[    4.509123] init: write_file: Unable to write to '/dev/cpuctl/cpu.shares': Invalid argument
[    4.509741] SELinux: initialized (dev cgroup, type cgroup), uses genfs_contexts
[    4.512174] SELinux: initialized (dev pstore, type pstore), uses genfs_contexts
[    4.512348] init: write_file: Unable to open '/proc/sys/abi/swp': No such file or directory
[    4.514378] msm_rng:Data not available!
[    4.608622] fs_mgr: Enabling dm-verity for system (mode 2)
[    4.613595] bio: create slab <bio-1> at 1
[    4.621583] EXT4-fs (dm-0): mounted filesystem with ordered data mode. Opts: barrier=1
[    4.621615] SELinux: initialized (dev dm-0, type ext4), uses xattr
[    4.621705] fs_mgr: __mount(source=/dev/block/dm-0,target=/system,type=ext4)=0
[    4.624989] fs_mgr: Enabling dm-verity for vendor (mode 2)
[    4.637189] EXT4-fs (dm-1): mounted filesystem with ordered data mode. Opts: barrier=1
[    4.637254] SELinux: initialized (dev dm-1, type ext4), uses xattr
[    4.637344] fs_mgr: __mount(source=/dev/block/dm-1,target=/vendor,type=ext4)=0
[    4.637897] EXT4-fs (mmcblk0p44): VFS: Can't find ext4 filesystem
[    4.637982] fs_mgr: check_fs(): mount(/dev/block/platform/soc.0/f9824900.sdhci/by-name/userdata,/data,ext4)=-1: Invalid argument
[    4.641359] fs_mgr: Running /system/bin/e2fsck on /dev/block/platform/soc.0/f9824900.sdhci/by-name/userdata
[    4.694528] e2fsck: e2fsck 1.42.9 (28-Dec-2013)
[    4.694528] 
[    4.694565] e2fsck: ext2fs_open2: Bad magic number in super-block
[    4.694565] 
[    4.694576] e2fsck: /system/bin/e2fsck: Superblock invalid, trying backup blocks...
[    4.694576] 
[    4.694588] e2fsck: /system/bin/e2fsck: Bad magic number in super-block while trying to open /dev/block/platform/soc.0/f9824900.sdhci/by-name/userdata
[    4.694588] 
[    4.694598] e2fsck: 
[    4.694598] 
[    4.694609] e2fsck: The superblock could not be read or does not describe a correct ext2
[    4.694609] 
[    4.694619] e2fsck: filesystem.  If the device is valid and it really contains an ext2
[    4.694619] 
[    4.694630] e2fsck: filesystem (and not swap or ufs or something else), then the superblock
[    4.694630] 
[    4.694640] e2fsck: is corrupt, and you might try running e2fsck with an alternate superblock:
[    4.694640] 
[    4.694650] e2fsck:     e2fsck -b 8193 <device>
[    4.694650] 
[    4.694659] e2fsck: 
[    4.694659] 
[    4.694676] e2fsck: e2fsck terminated by exit(8)
[    4.694676] 
[    4.695708] EXT4-fs (mmcblk0p44): VFS: Can't find ext4 filesystem
[    4.695766] fs_mgr: __mount(source=/dev/block/platform/soc.0/f9824900.sdhci/by-name/userdata,target=/data,type=ext4)=-1
[    4.696277] fs_mgr: fs_mgr_mount_all(): possibly an encryptable blkdev /dev/block/platform/soc.0/f9824900.sdhci/by-name/userdata for mount /data type ext4 )
[    4.696375] SELinux: initialized (dev tmpfs, type tmpfs), uses transition SIDs
[    4.696884] EXT4-fs (mmcblk0p38): Ignoring removed nomblk_io_submit option
[    4.701000] EXT4-fs (mmcblk0p38): recovery complete
[    4.701451] EXT4-fs (mmcblk0p38): mounted filesystem with ordered data mode. Opts: nomblk_io_submit,errors=remount-ro
[    4.701471] SELinux: initialized (dev mmcblk0p38, type ext4), uses xattr
[    4.701554] fs_mgr: check_fs(): mount(/dev/block/platform/soc.0/f9824900.sdhci/by-name/cache,/cache,ext4)=0: Success
[    4.702464] fs_mgr: check_fs(): unmount(/cache) succeeded
[    4.702496] fs_mgr: Running /system/bin/e2fsck on /dev/block/platform/soc.0/f9824900.sdhci/by-name/cache
[    4.715835] e2fsck: e2fsck 1.42.9 (28-Dec-2013)
[    4.715835] 
[    4.715869] e2fsck: /dev/block/platform/soc.0/f9824900.sdhci/by-name/cache: clean, 32/6400 files, 2071/25600 blocks
[    4.715869] 
[    4.716371] EXT4-fs (mmcblk0p38): Ignoring removed nomblk_io_submit option
[    4.718370] EXT4-fs (mmcblk0p38): mounted filesystem with ordered data mode. Opts: barrier=1,data=ordered,nomblk_io_submit,noauto_da_alloc,errors=panic
[    4.718395] SELinux: initialized (dev mmcblk0p38, type ext4), uses xattr
[    4.718456] fs_mgr: __mount(source=/dev/block/platform/soc.0/f9824900.sdhci/by-name/cache,target=/cache,type=ext4)=0
[    4.719020] EXT4-fs (mmcblk0p32): Ignoring removed nomblk_io_submit option
[    4.723532] EXT4-fs (mmcblk0p32): recovery complete
[    4.723976] EXT4-fs (mmcblk0p32): mounted filesystem with ordered data mode. Opts: barrier=1,data=ordered,nodelalloc,nomblk_io_submit,errors=panic
[    4.723998] SELinux: initialized (dev mmcblk0p32, type ext4), uses xattr
[    4.724060] fs_mgr: __mount(source=/dev/block/platform/soc.0/f9824900.sdhci/by-name/persist,target=/persist,type=ext4)=0
[    4.729904] SELinux: initialized (dev mmcblk0p1, type vfat), uses mountpoint labeling
[    4.729943] fs_mgr: __mount(source=/dev/block/platform/soc.0/f9824900.sdhci/by-name/modem,target=/firmware,type=vfat)=0
[    4.751404] Adding 520908k swap on /dev/block/zram0.  Priority:-1 extents:1 across:520908k SS
[    4.754967] init: Starting service 'logd'...
[    4.758492] SELinux: initialized (dev functionfs, type functionfs), uses genfs_contexts
[    4.759838] init: Starting service 'flash-sh-fw'...
[    4.762075] init: (Loading properties from /oem/oem.prop took 0.00s.)
[    4.762109] init: (Loading properties from /oem/oem.prop took 0.00s.)
[    4.762133] init: (Loading properties from /oem/oem.prop took 0.00s.)
[    4.762157] init: (Loading properties from /oem/oem.prop took 0.00s.)
[    4.762180] init: (Loading properties from /oem/oem.prop took 0.00s.)
[    4.762202] init: (Loading properties from /oem/oem.prop took 0.00s.)
[    4.762225] init: (Loading properties from /oem/oem.prop took 0.00s.)
[    4.767771] init: (Loading properties from /system/build.prop took 0.01s.)
[    4.768583] init: (Loading properties from /vendor/build.prop took 0.00s.)
[    4.768629] init: (Loading properties from /factory/factory.prop took 0.00s.)
[    4.770682] init: Starting service 'vold'...
[    4.771393] init: Not bootcharting.
[    4.786617] logd.auditd: start
[    4.787477] init: Starting service 'exec 0 (/system/bin/tzdatacheck)'...
[    4.802804] init: Service 'exec 0 (/system/bin/tzdatacheck)' (pid 358) exited with status 0
[    4.809294] subsys-pil-tz fe200000.qcom,lpass: adsp: loading from 0x000000000ca00000 to 0x000000000e200000
[    4.997918] subsys-pil-tz fe200000.qcom,lpass: adsp: Brought out of reset
[    5.036398] subsys-pil-tz fe200000.qcom,lpass: Subsystem error monitoring/handling services are up
[    5.036426] subsys-pil-tz fe200000.qcom,lpass: adsp: Power/Clock ready interrupt received
[    5.036870] L-Notify: Generel: 7
[    5.039059] init: property_set("ro.min_freq_0", "384000") failed
[    5.044094] init: Starting service 'logd-reinit'...
[    5.044486] msm8994-asoc-snd fe034000.sound: msm8994_asoc_machine_probe: No hdmi audio support
[    5.044871] msm8994-asoc-snd fe034000.sound: ASoC: CODEC tomtom_codec not registered
[    5.044924] platform fe034000.sound: Driver msm8994-asoc-snd requests probe deferral
[    5.047775] init: Starting service 'healthd'...
[    5.048387] init: Starting service 'lmkd'...
[    5.048991] init: Starting service 'servicemanager'...
[    5.049717] init: Starting service 'surfaceflinger'...
[    5.050386] init: Starting service 'per_mgr'...
[    5.051101] init: Starting service 'rmt_storage'...
[    5.051700] init: Starting service 'qseecomd'...
[    5.052342] init: Starting service 'msm_irqbalance'...
[    5.053153] init: Starting service 'exec 1 (/system/bin/init.angler.power.sh)'...
[    5.070263] msm8994-asoc-snd fe034000.sound: msm8994_asoc_machine_probe: No hdmi audio support
