<6>[    0.000000] Booting Linux on physical CPU 0
<6>[    0.000000] Initializing cgroup subsys cpu
<5>[    0.000000] Linux version 3.0.8+1.0.21100-30145-01956-g43358ca (BuildUser@BuildHost) (gcc version 4.4.3 (GCC) ) #1 SMP PREEMPT Mon Jul 30 13:29:45 2012
<4>[    0.000000] CPU: ARMv7 Processor [510f02d4] revision 4 (ARMv7), cr=10c5387d
<4>[    0.000000] CPU: VIPT nonaliasing data cache, VIVT ASID tagged instruction cache
<4>[    0.000000] Machine: fuji
<4>[    0.000000] Ignoring unrecognised tag 0x00000000
<4>[    0.000000] Ignoring unrecognised tag 0x00000000
<4>[    0.000000] Ignoring unrecognised tag 0x00000000
<6>[    0.000000] memory pool 0 (start 38000000 size 600000) initialized
<6>[    0.000000] memory pool 1 (start 38600000 size 3a00000) initialized
<6>[    0.000000] memory pool 3 (start 6f300000 size 10c00000) initialized
<4>[    0.000000] Memory policy: ECC disabled, Data cache writealloc
<6>[    0.000000] socinfo_init: v6, id=70, ver=2.1, raw_id=1057, raw_ver=2, hw_plat=0,  hw_plat_ver=65536
<6>[    0.000000]  accessory_chip=0 hw_plat_subtype=0
<7>[    0.000000] On node 0 totalpages: 171776
<7>[    0.000000] free_area_init_node: node 0, pgdat c0b9ad60, node_mem_map c11f1000
<7>[    0.000000]   Normal zone: 860 pages used for memmap
<7>[    0.000000]   Normal zone: 0 pages reserved
<7>[    0.000000]   Normal zone: 88228 pages, LIFO batch:15
<7>[    0.000000]   HighMem zone: 1182 pages used for memmap
<7>[    0.000000]   HighMem zone: 81506 pages, LIFO batch:15
<6>[    0.000000] allocating 15482880 bytes at c19f2000 (41bf2000 physical) for fb
<6>[    0.000000] PERCPU: Embedded 8 pages/cpu @c28b9000 s9120 r8192 d15456 u32768
<7>[    0.000000] pcpu-alloc: s9120 r8192 d15456 u32768 alloc=8*4096
<7>[    0.000000] pcpu-alloc: [0] 0 [0] 1 
<4>[    0.000000] Built 1 zonelists in Zone order, mobility grouping on.  Total pages: 169734
<5>[    0.000000] Kernel command line: androidboot.hardware=semc androidboot.baseband=msm startup=0x20 ta_info=0,16,256  semcandroidboot.babe1324=42583930334258473431 warmboot=0xD9E5F5EB androidboot.serialno=BX903BXG41
<6>[    0.000000] startup_reason_setup: 0x20
<6>[    0.000000] PID hash table entries: 2048 (order: 1, 8192 bytes)
<6>[    0.000000] Dentry cache hash table entries: 65536 (order: 6, 262144 bytes)
<6>[    0.000000] Inode-cache hash table entries: 32768 (order: 5, 131072 bytes)
<6>[    0.000000] Memory: 44MB 627MB = 671MB total
<5>[    0.000000] Memory: 648968k/648968k available, 312568k reserved, 330752K highmem
<5>[    0.000000] Virtual kernel memory layout:
<5>[    0.000000]     vector  : 0xffff0000 - 0xffff1000   (   4 kB)
<5>[    0.000000]     fixmap  : 0xfff00000 - 0xfffe0000   ( 896 kB)
<5>[    0.000000]     DMA     : 0xff000000 - 0xffe00000   (  14 MB)
<5>[    0.000000]     vmalloc : 0xdb000000 - 0xfe000000   ( 560 MB)
<5>[    0.000000]     lowmem  : 0xc0000000 - 0xdae00000   ( 430 MB)
<5>[    0.000000]     pkmap   : 0xbfe00000 - 0xc0000000   (   2 MB)
<5>[    0.000000]     modules : 0xbf000000 - 0xbfe00000   (  14 MB)
<5>[    0.000000]       .init : 0xc0008000 - 0xc0052000   ( 296 kB)
<5>[    0.000000]       .text : 0xc0100000 - 0xc0a6b078   (9645 kB)
<5>[    0.000000]       .data : 0xc0b00000 - 0xc0bb8c28   ( 740 kB)
<5>[    0.000000]        .bss : 0xc0bb8c4c - 0xc0dad16c   (2002 kB)
<6>[    0.000000] SLUB: Genslabs=13, HWalign=32, Order=0-3, MinObjects=0, CPUs=2, Nodes=1
<6>[    0.000000] Preemptible hierarchical RCU implementation.
<6>[    0.000000] NR_IRQS:855
<6>[    0.000000] sched_clock: 32 bits at 6MHz, resolution 148ns, wraps every 636291ms
<6>[    0.000000] Console: colour dummy device 80x30
<6>[    0.000000] console [tty0] enabled
<6>[    0.150158] Calibrating delay using timer specific routine.. 13.52 BogoMIPS (lpj=67627)
<6>[    0.150215] pid_max: default: 32768 minimum: 301
<6>[    0.150699] Mount-cache hash table entries: 512
<6>[    0.151898] Initializing cgroup subsys cpuacct
<6>[    0.152014] Initializing cgroup subsys freezer
<6>[    0.152124] CPU: Testing write buffer coherency: ok
<6>[    0.152464] hw perfevents: enabled with ARMv7 Scorpion-MP PMU driver, 5 counters available
<6>[    0.262895] Brought up 2 CPUs
<6>[    0.262936] SMP: Total of 2 processors activated (27.05 BogoMIPS).
<6>[    0.275199] print_constraints: dummy: 
<3>[    0.275294] rdev_init_debugfs: Error-Bad Function Input
<6>[    0.275599] NET: Registered protocol family 16
<3>[    0.275787] AXI: msm_bus_fabric_init_driver(): msm_bus_fabric_init_driver
<6>[    0.277290] msm_rpm_init: RPM firmware 2.0.102
<6>[    0.278094] saw_probe: id=0, name=8901_s0
<6>[    0.278417] saw_probe: id=1, name=8901_s1
<6>[    0.279857] rcg_clk_handoff: gsbi12_uart_clk rate=7372800
<6>[    0.279921] rcg_clk_handoff: gsbi8_qup_clk rate=24000000
<6>[    0.280004] rcg_clk_handoff: dsi_byte_clk rate=1
<6>[    0.281491] ACPU PVS: Slow
<6>[    0.281528] Max ACPU freq: 1674000 KHz
<6>[    0.287963] CPU0: 26 scaling frequencies supported.
<6>[    0.287978] CPU1: 26 scaling frequencies supported.
<6>[    0.289039] pm8058_probe: PMIC revision: E3
<6>[    0.290009] pm_gpio_probe: OK: base=173, ngpio=40
<6>[    0.290165] pm8xxx_mpp_probe: OK: base=213, ngpio=12
<6>[    0.291197] pm8901_probe: PMIC revision reg: F4
<6>[    0.291214] pm8901_probe: PMIC version: PM8901 rev 2.1
<6>[    0.291521] pm8xxx_mpp_probe: OK: base=225, ngpio=4
<6>[    0.308958] ram_console: got buffer at 7ffe0000, size 20000
<6>[    0.309092] ram_console: uncorrectable error in header
<6>[    0.309106] ram_console: no valid data in buffer (sig = 0xc0c0c4c0)
<6>[    0.316544] console [ram-1] enabled
<6>[    0.317020] gpio_vreg_probe: id=225, name=ext_5v, gpio=225, gpio_label=ext_5v_en
<6>[    0.344409] bio: create slab <bio-0> at 0
<5>[    0.345180] pmic8058_pwm_probe: OK
<5>[    0.345649] SCSI subsystem initialized
<6>[    0.345902] usbcore: registered new interface driver usbfs
<6>[    0.346034] usbcore: registered new interface driver hub
<6>[    0.346314] usbcore: registered new device driver usb
<6>[    0.346593] Advanced Linux Sound Architecture Driver Version 1.0.24.
<6>[    0.347084] Bluetooth: Core ver 2.16
<6>[    0.347215] NET: Registered protocol family 31
<6>[    0.347296] Bluetooth: HCI device and connection manager initialized
<6>[    0.347441] Bluetooth: HCI socket layer initialized
<6>[    0.347522] Bluetooth: L2CAP socket layer initialized
<6>[    0.347795] Bluetooth: SCO socket layer initialized
<6>[    0.348259] cfg80211: Calling CRDA to update world regulatory domain
<6>[    0.348553] Switching to clocksource dg_timer
<6>[    0.360137] NET: Registered protocol family 2
<6>[    0.360396] IP route cache hash table entries: 16384 (order: 4, 65536 bytes)
<6>[    0.360718] TCP established hash table entries: 65536 (order: 7, 524288 bytes)
<6>[    0.361397] TCP bind hash table entries: 65536 (order: 7, 524288 bytes)
<6>[    0.362035] TCP: Hash tables configured (established 65536 bind 65536)
<6>[    0.362124] TCP reno registered
<6>[    0.362206] UDP hash table entries: 256 (order: 1, 8192 bytes)
<6>[    0.362361] UDP-Lite hash table entries: 256 (order: 1, 8192 bytes)
<6>[    0.362798] NET: Registered protocol family 1
<6>[    0.363092] Trying to unpack rootfs image as initramfs...
<6>[    0.394338] Freeing initrd memory: 944K
<6>[    0.395207] PMU: registered new PMU device of type 0
<6>[    0.395429] PMU: registered new PMU device of type 1
<6>[    0.395954] simple_remote_pf simple_remote_pf: Successfully registered
<6>[    0.396221] pmic8058-mic_bias pmic8058-mic_bias: Successfully registered
<6>[    0.396551] ETM/ETB intialized.
<6>[    0.396731] pil_qdsp6v3 pil_qdsp6v3: using secure boot
<6>[    0.397068] pil_modem pil_modem: using secure boot
<3>[    0.397661] smd_channel_probe_worker: allocation table not initialized
<6>[    0.403509] lpa_if_init: lpa_if_ptr 0xdac8a400   buf_vir 0xffdf0000   buf_phy 0x5aed0000  buf_zise 65536
<6>[    0.404166] dspcrashd_probe: Platform driver values: Base = 0x46700000, Size = 0x2000000,pdata = 0xdeaddead
<5>[    0.406512] msm_rpm_log_probe: OK
<6>[    0.406886] semc_battery_data semc_battery_data: probe
<3>[    0.407189] power_supply semc_battery_data: driver failed to report `technology' property
<3>[    0.407401] power_supply semc_battery_data: driver failed to report `technology' property
<6>[    0.407793] input: keypad-pmic-fuji as /devices/platform/msm_ssbi.0/pm8058-core/input/input0
<4>[    0.483836] highmem bounce pool size: 64 pages
<6>[    0.484092] ashmem: initialized
<6>[    0.488793] fuse init (API version 7.16)
<6>[    0.489054] msgmni has been set to 623
<6>[    0.490295] Block layer SCSI generic (bsg) driver version 0.4 loaded (major 248)
<6>[    0.490453] io scheduler noop registered
<6>[    0.490535] io scheduler deadline registered (default)
<6>[    0.490713] io scheduler cfq registered
<7>[    0.491170] Registered led device: camera:flash0
<7>[    0.491360] Registered led device: camera:flash1
<7>[    0.491591] Registered led device: lcd-backlight
<7>[    0.491733] Registered led device: button-backlight
<7>[    0.491927] Registered led device: red
<7>[    0.492056] Registered led device: green
<7>[    0.492186] Registered led device: blue
<6>[    0.515318] mipi_dsi base phy_addr = 0x4700000 virt = 0xdb600000
<6>[    0.515417] mmss_sfpb  base phy_addr = 0x5700000,virt = 0xdb036000
<6>[    0.515711] default panel: mipi_video_tmd_wxga_mdv20_id_00
<6>[    0.515802] setting pdata->panel_info.fb_num to 3. type: 8
<6>[    0.516354] mdp_probe: panel_detect function
<6>[    0.642082] mipi_renesas_r63306 mipi_renesas_r63306.0: found panel: mipi_video_sharp_wxga_ls043k3sx01
<6>[    0.661337] FrameBuffer[0] 720x1280 size=11304960 bytes is registered successfully!
<6>[    0.664166] Drawing logo.
<6>[    1.008896] mipi_renesas_r63306 mipi_renesas_r63306.0: ECO MODE OFF
<6>[    1.029794] setting pdata->panel_info.fb_num to 1. type: 7
<6>[    1.030202] mdp_probe: panel_detect function
<6>[    1.030292] mdp_probe: no panel_detect function
<6>[    1.032696] FrameBuffer[1] 1920x1080 size=4149248 bytes is registered successfully!
<3>[    1.033058] hdmi_msm hdmi_msm.1: external_common_state_create: sysfs group da3baa08
<6>[    1.033229] hdmi_msm hdmi_msm.1: HDMI HPD: ON
<6>[    1.033430] hdmi_core_power(on): success
<6>[    1.033543] hdmi_enable_5v(on): success
<6>[    1.033628] hdmi_cec_power(on): success
<6>[    1.139631] 
<6>[    1.139633]  msm_vidc_enc: Inside vid_enc_init()
<6>[    1.139910] 
<6>[    1.139913]  msm_vidc_enc: Inside vid_enc_vcd_init()
<6>[    1.206866] msm_serial_hs.0: ttyHS0 at MMIO 0x16540000 (irq = 188) is a MSM HS UART
<6>[    1.288826] msm_serial_hs module loaded
<6>[    1.289064] msm_serial_hsl: detected port #0
<6>[    1.289213] msm_serial_hsl.0: ttyHSL0 at MMIO 0x19c40000 (irq = 227) is a MSM
<6>[    1.448803] msm_serial_hsl: driver initialized
<6>[    1.449963] msm_rotator_probe: rotator_hw_revision=1
<6>[    1.456027] kgsl kgsl-3d0: |kgsl_gpummu_init| MMU type set for device is GPUMMU
<6>[    1.457491] kgsl kgsl-2d0: |kgsl_gpummu_init| MMU type set for device is GPUMMU
<6>[    1.458723] kgsl kgsl-2d1: |kgsl_gpummu_init| MMU type set for device is GPUMMU
<6>[    1.463363] brd: module loaded
<6>[    1.465427] loop: module loaded
<6>[    1.465670] pmem: Initializing pmem (user-space) as cached
<6>[    1.466076] allocating 115343360 bytes at   (null) (6f300000 physical) for pmem
<6>[    1.466296] pmem: Initializing pmem_adsp (user-space) as non-cached
<6>[    1.466620] allocating 33554432 bytes at   (null) (76100000 physical) for pmem_adsp
<3>[    1.466729] pmem: Reserving virtual address range dc000000 - de000000 for pmem_adsp
<6>[    1.466930] pmem: Initializing pmem_camera (user-space) as cached
<6>[    1.467245] allocating 83886080 bytes at   (null) (78100000 physical) for pmem_camera
<3>[    1.467344] pmem: Reserving virtual address range df000000 - e4000000 for pmem_camera
<6>[    1.467539] pmem: Initializing pmem_smipool (user-space) as cached
<6>[    1.467770] allocating 60817408 bytes at   (null) (38600000 physical) for pmem_smipool
<3>[    1.467870] pmem: Reserving virtual address range e5000000 - e8a00000 for pmem_smipool
<6>[    1.468098] pmem: Initializing pmem_swiqi (user-space) as cached
<6>[    1.468372] allocating 33554432 bytes at   (null) (7d100000 physical) for pmem_swiqi
<3>[    1.468534] pmem: Reserving virtual address range e9000000 - eb000000 for pmem_swiqi
<6>[    1.468784] pmem: Initializing pmem_audio (user-space) as non-cached
<6>[    1.469081] allocating 2666496 bytes at   (null) (7f100000 physical) for pmem_audio
<5>[    1.469875] pm8xxx_nfc_probe: OK
<5>[    1.470115] pm8xxx_upl_probe: OK
<4>[    1.471212] TZCOM: Enabled clock
<6>[    1.472466] lm3560 3-0053: lm3560_probe: loaded
<6>[    1.488708] i2c i2c-5: mpu3050: +bma250
<6>[    1.488862] i2c i2c-5: mpu3050: +ak8972
<4>[    1.488946] i2c i2c-5: WARNING: Compass irq not assigned
<4>[    1.489033] i2c i2c-5: mpu3050: No Pressure Present
<6>[    1.511132] i2c i2c-5: Installing irq using 286
<6>[    1.511230] i2c i2c-5: Module Param interface = mpuirq
<4>[    1.511645] i2c-core: driver [mpu3050] using legacy suspend method
<4>[    1.511738] i2c-core: driver [mpu3050] using legacy resume method
<6>[    1.517073] adie_codec_register_codec_operations: codec type 1
<6>[    1.518175] PPP generic driver version 2.4.2
<6>[    1.518519] PPP Deflate Compression module registered
<6>[    1.518609] PPP BSD Compression module registered
<6>[    1.519379] PPP MPPE Compression module registered
<6>[    1.519475] NET: Registered protocol family 24
<6>[    1.519562] SLIP: version 0.8.4-NET3.019-NEWTTY (dynamic channels, max=256) (6 bit encapsulation enabled).
<6>[    1.519718] CSLIP: code copyright 1989 Regents of the University of California.
<6>[    1.520178] tun: Universal TUN/TAP device driver, 1.6
<6>[    1.520269] tun: (C) 1999-2004 Max Krasnyansky <maxk@qualcomm.com>
<6>[    1.520721] rmnet_init: SMD devices[8]
<6>[    1.526485] ehci_hcd: USB 2.0 'Enhanced' Host Controller (EHCI) Driver
<6>[    1.526832] host driver registered w/ tranceiver
<6>[    1.527050] usb_host_ext_event has been registered!
<6>[    1.527198] Initializing USB Mass Storage driver...
<6>[    1.527420] usbcore: registered new interface driver usb-storage
<6>[    1.527572] USB Mass Storage support registered.
<6>[    1.527691] usbcore: registered new interface driver usb_ehset_test
<6>[    1.528033] peripheral driver registered w/ tranceiver
<6>[    1.530276] android_usb gadget: Mass Storage Function, version: 2009/09/11
<6>[    1.530443] android_usb gadget: Number of LUNs=2
<6>[    1.530529]  lun0: LUN: removable file: (no medium)
<6>[    1.530612]  lun1: LUN: removable read only CD-ROM file: (no medium)
<6>[    1.531053] android_usb gadget: android_usb ready
<6>[    1.532457] diagchar initialized now
<4>[    1.532765] mousedev: could not register psaux device, error: -16
<6>[    1.532935] mousedev: PS/2 mouse device common for all mice
<6>[    1.533939] input: fuji-keypad as /devices/platform/msm_ssbi.0/pm8058-core/pm8xxx-keypad/input/input1
<6>[    1.534700] usbcore: registered new interface driver xpad
<6>[    1.946128] clearpad clearpad: device mid 1, prop 1, family 0x1c, rev 0x06
<6>[    1.946292] clearpad clearpad: bl 2012-04-23, tester 13876, s/n 41730, id 'TM1998-001'
<6>[    1.946775] clearpad clearpad: number of fingers=10
<6>[    1.947272] clearpad clearpad: result: TM1998-001, family 0x1c, fw rev 0x06, (no fw update)
<6>[    1.947444] clearpad clearpad: Touch area [0, 0, 719, 1327]
<6>[    1.947530] clearpad_funcarea_get: module_id=0x1c rev=0x06
<6>[    1.947686] clearpad clearpad: funcarea 'pointer' [0, 0, 719, 1279] [0, 0, 719, 1299]
<6>[    1.947780] clearpad clearpad: funcarea 'button' [0, 1315, 219, 1327] [0, 1280, 239, 1327]
<6>[    1.947939] clearpad clearpad: funcarea 'button' [260, 1319, 459, 1327] [240, 1280, 479, 1327]
<6>[    1.948099] clearpad clearpad: funcarea 'button' [500, 1315, 719, 1327] [480, 1280, 719, 1327]
<6>[    1.948311] input: clearpad as /devices/virtual/input/input2
<6>[    1.948971] clearpad clearpad: power ON
<6>[    1.959505] clearpad-i2c 0-002c: clearpad_i2c_probe: sucess
<6>[    1.959940] GPIO Input Driver: Start gpio inputs for gpio-key in interrupt mode
<6>[    1.960123] GPIO Input Driver: Start gpio inputs for gpio-key in interrupt mode
<6>[    1.960416] input: gpio-key as /devices/virtual/input/input3
<6>[    1.961110] input: pmic8xxx_pwrkey as /devices/platform/msm_ssbi.0/pm8058-core/pm8xxx-pwrkey/input/input4
<6>[    1.978949] bma250: detected chip id 3, rev 0x32
<6>[    1.979353] input: bma250 as /devices/virtual/input/input5
<4>[    1.979744] i2c-core: driver [bma250] using legacy suspend method
<4>[    1.979901] i2c-core: driver [bma250] using legacy resume method
<6>[    1.980784] input: compass as /devices/virtual/input/input6
<6>[    1.981569] akm8972 5-000c: successfully probed.
<6>[    1.981980] input: apds9702 as /devices/virtual/input/input7
<6>[    1.982595] apds9702_probe: device create ok. I2C address = 54
<6>[    1.982951] simple_remote simple_remote: **** Registering (headset) driver
<6>[    1.983327] input: simple_remote as /devices/virtual/input/input8
<6>[    1.983977] input: simple_remote_appkey as /devices/virtual/input/input9
<6>[    1.984279] simple_remote simple_remote: ***** Successfully registered
<6>[    1.985543] using rtc device, pm8xxx_rtc, for alarms
<6>[    1.985654] rtc-pm8xxx rtc-pm8xxx: rtc core: registered pm8xxx_rtc as rtc0
<6>[    1.986143] i2c /dev entries driver
<6>[    1.987329] lirc_dev: IR Remote Control driver registered, major 238 
<6>[    1.987489] IR NEC protocol handler initialized
<6>[    1.987575] IR RC5(x) protocol handler initialized
<6>[    1.987659] IR RC6 protocol handler initialized
<6>[    1.987807] IR JVC protocol handler initialized
<6>[    1.987893] IR Sony protocol handler initialized
<6>[    1.988042] IR RC5 (streamzap) protocol handler initialized
<6>[    1.988128] IR LIRC bridge handler initialized
<6>[    1.988211] Linux video capture interface: v2.00
<6>[    1.990018] I2C radio driver for Qualcomm FM Radio Transceiver , Version 1.0.0
<6>[    2.009978] bq27520 3-0055: FW v5.7 (expect v5.7). Golden FW v1.16
<3>[    2.010276] power_supply bq27520: driver failed to report `voltage_now' property
<3>[    2.010515] power_supply bq27520: driver failed to report `voltage_now' property
<6>[    2.011386] bq27520 3-0055: 1: Check battery voltage=3821
<6>[    2.011565] bq24185 3-006b: Found BQ24185, rev 0x01
<6>[    2.012297] bq24185 3-006b: Not initialized by boot
<6>[    2.013023] chargalg chargalg: Registering battery charging algorithm driver
<6>[    2.014029] msm_adc successfully registered
<5>[    2.028797] tsens_tm_probe: OK
<6>[    2.068687] pmic8058_xoadc:The offset for AMUX calibrationwas -404
<6>[    2.073564] pm8xxx_tm_probe: OK
<6>[    2.073933] pm8xxx_tm_probe: OK
<6>[    2.074736] device-mapper: ioctl: 4.20.0-ioctl (2011-02-02) initialised: dm-devel@redhat.com
<6>[    2.075015] Bluetooth: HCI UART driver ver 2.2
<6>[    2.075102] Bluetooth: HCI H4 protocol initialized
<6>[    2.075249] Bluetooth: HCI_IBS protocol initialized
<6>[    2.075346] cpuidle: using governor ladder
<6>[    2.075432] cpuidle: using governor menu
<6>[    2.075951] mmc0: mci-version: 0
<3>[    2.076089] mmc0: No card detect facilities available
<6>[    2.076454] mmc0: Qualcomm MSM SDCC-core at 0x0000000012400000 irq 136,0 dma 18 dmacrcri 1
<6>[    2.076614] mmc0: 8 bit data mode enabled
<6>[    2.076762] mmc0: 4 bit data mode disabled
<6>[    2.076845] mmc0: polling status mode disabled
<6>[    2.076930] mmc0: MMC clock 400000 -> 48000000 Hz, PCLK 0 Hz
<6>[    2.077080] mmc0: Slot eject status = 0
<6>[    2.077162] mmc0: Power save feature enable = 1
<6>[    2.077314] mmc0: DM non-cached buffer at ffda0000, dma_addr 0x59f80000
<6>[    2.077400] mmc0: DM cmd busaddr 0x59f80000, cmdptr busaddr 0x59f97f40
<6>[    2.077767] mmc1: mci-version: 0
<6>[    2.078068] mmc1: Qualcomm MSM SDCC-core at 0x00000000121c0000 irq 133,0 dma 21 dmacrcri 5
<6>[    2.078229] mmc1: 8 bit data mode disabled
<6>[    2.078311] mmc1: 4 bit data mode enabled
<6>[    2.078394] mmc1: polling status mode disabled
<6>[    2.078541] mmc1: MMC clock 400000 -> 48000000 Hz, PCLK 0 Hz
<6>[    2.078624] mmc1: Slot eject status = 1
<6>[    2.078790] mmc1: Power save feature enable = 1
<6>[    2.078875] mmc1: DM non-cached buffer at ffd80000, dma_addr 0x59fa0000
<6>[    2.079027] mmc1: DM cmd busaddr 0x59fa0000, cmdptr busaddr 0x59fb7f40
<6>[    2.079761] usbcore: registered new interface driver usbhid
<6>[    2.079921] usbhid: USB HID core driver
<6>[    2.080688] logger: created 256K log 'log_main'
<6>[    2.080915] logger: created 256K log 'log_events'
<6>[    2.081197] logger: created 256K log 'log_radio'
<6>[    2.081412] logger: created 256K log 'log_system'
<6>[    2.082657] msm-cpu-dai msm-cpu-dai.0: asoc_msm_cpu_probe: dev name msm-cpu-dai.0
<6>[    2.082902] msm-codec-dai msm-codec-dai.0: asoc_msm_codec_probe: dev name msm-codec-dai.0
<6>[    2.083203] msm-dsp-audio msm-dsp-audio.0: msm_pcm_probe: dev name msm-dsp-audio.0
<6>[    2.083739] mvs-cpu-dai mvs-cpu-dai.0: asoc_mvs_cpu_probe: dev name mvs-cpu-dai.0
<6>[    2.083981] mvs-codec-dai mvs-codec-dai.0: asoc_mvs_codec_probe: dev name mvs-codec-dai.0
<6>[    2.084287] msm-mvs-audio msm-mvs-audio.0: msm_pcm_probe: dev name msm-mvs-audio.0
<6>[    2.085005] asoc: msm-codec-dai <-> msm-cpu-dai.0 mapping ok
<6>[    2.085270] asoc: mvs-codec-dai <-> mvs-cpu-dai.0 mapping ok
<6>[    2.086955] ALSA device list:
<6>[    2.087052]   #0: msm-audio
<6>[    2.087438] oprofile: using arm/armv7-scorpionmp
<6>[    2.087706] Mirror/redirect action on
<6>[    2.087795] u32 classifier
<6>[    2.087877]     Actions configured
<6>[    2.088028] Netfilter messages via NETLINK v0.30.
<6>[    2.088155] nf_conntrack version 0.5.0 (10154 buckets, 40616 max)
<6>[    2.088739] ctnetlink v0.93: registering with nfnetlink.
<6>[    2.088868] NF_TPROXY: Transparent proxy support initialized, version 4.1.0
<6>[    2.089019] NF_TPROXY: Copyright (c) 2006-2007 BalaBit IT Ltd.
<6>[    2.089601] xt_time: kernel timezone is -0000
<6>[    2.089903] ip_tables: (C) 2000-2006 Netfilter Core Team
<6>[    2.090153] arp_tables: (C) 2002 David S. Miller
<6>[    2.090294] TCP cubic registered
<6>[    2.090917] NET: Registered protocol family 10
<6>[    2.092037] Mobile IPv6
<6>[    2.092154] ip6_tables: (C) 2000-2006 Netfilter Core Team
<6>[    2.092398] IPv6 over IPv4 tunneling driver
<6>[    2.093201] NET: Registered protocol family 17
<6>[    2.093380] NET: Registered protocol family 15
<6>[    2.093654] Bluetooth: RFCOMM TTY layer initialized
<6>[    2.093748] Bluetooth: RFCOMM socket layer initialized
<6>[    2.093896] Bluetooth: RFCOMM ver 1.11
<6>[    2.093980] Bluetooth: BNEP (Ethernet Emulation) ver 1.3
<6>[    2.094128] Bluetooth: BNEP filters: protocol multicast
<6>[    2.094213] Bluetooth: HIDP (Human Interface Emulation) ver 1.2
<6>[    2.094428] VFP support v0.3: implementor 51 architecture 64 part 2d variant 0 rev 0
<5>[    2.094622] Registering SWP/SWPB emulation handler
<6>[    2.101460] clock_late_init() disabled 172 unused clocks
<6>[    2.109811] MSM Watchdog Initialized
<6>[    2.111311] registered taskstats version 1
<6>[    2.111611] rtc-pm8xxx rtc-pm8xxx: setting system clock to 1970-03-09 01:46:55 UTC (5795215)
<6>[    2.148736] hdmi_cec_power(off): success
<6>[    2.148848] hdmi_enable_5v(off): success
<6>[    2.148937] hdmi_core_power(off): success
<6>[    2.259698] mmc0: new high speed MMC card at address 0001
<6>[    2.260135] mmcblk0: mmc0:0001 032G4C 29.7 GiB 
<6>[    2.261973]  mmcblk0: p1 p2 p3 p4 < p5 p6 p7 p8 p9 p10 p11 p12 p13 p14 p15 >
<6>[    2.288735] Charging with 0mA current
<6>[    2.288871] msm_hsusb msm_hsusb: msm72k_udc: OFFLINE -> ONLINE
<3>[    2.412754] power_supply semc_battery_data: driver failed to report `technology' property
<6>[    2.518948] android_work: did not send uevent (0 0   (null))
<6>[    2.711491] Freeing init memory: 296K
<3>[    2.713849] init: /init.semc.rc: 474: ignored duplicate definition of service 'updatemiscta'
<4>[    2.714245] init (1): /proc/1/oom_adj is deprecated, please use /proc/1/oom_score_adj instead.
<3>[    2.914180] power_supply bq27520: driver failed to report `voltage_now' property
<3>[    2.917683] init: cannot open '/initlogo.rle'
<6>[    3.019298] bq27520 3-0055: 2: Check battery voltage=3814
<3>[    3.219177] init: property (null) has no value for writing to /sys/class/android_usb/android0/f_rndis/manufacturer
<6>[    3.230948] EXT4-fs (mmcblk0p12): mounted filesystem with ordered data mode. Opts: barrier=1
<6>[    3.249053] EXT4-fs (mmcblk0p12): re-mounted. Opts: barrier=1
<4>[    3.380328] EXT4-fs (mmcblk0p14): warning: mounting fs with errors, running e2fsck is recommended
<6>[    3.381756] EXT4-fs (mmcblk0p14): mounted filesystem with ordered data mode. Opts: noauto_da_alloc
<6>[    3.389382] EXT4-fs (mmcblk0p13): mounted filesystem with ordered data mode. Opts: barrier=1
<6>[    3.487037] EXT4-fs (mmcblk0p10): barriers disabled
<6>[    3.490714] EXT4-fs (mmcblk0p10): mounted filesystem with ordered data mode. Opts: barrier=0
<6>[    4.029282] bq27520 3-0055: 3: Check battery voltage=3850
<6>[    5.039265] bq27520 3-0055: 4: Check battery voltage=3860
<3>[    5.839135] android_usb: already disabled
<6>[    5.839894] acc_open
<6>[    5.839990] acc_release
<6>[    5.842593] msm_hsusb msm_hsusb: suspend
<6>[    5.942529] msm_hsusb msm_hsusb: reset
<6>[    6.011138] android_work: sent uevent USB_STATE=CONNECTED
<6>[    6.049285] bq27520 3-0055: 5: Check battery voltage=3861
<6>[    6.084397] android_usb gadget: high speed config #1: android
<6>[    6.084511] 
<6>[    6.084514] *********** Charger Type: HOST PC
<6>[    6.084517] 
<6>[    6.084826] 
<6>[    6.084828] Charger Type: STD DOWNSTREAM PORT
<6>[    6.085215] Charging with 500mA current
<6>[    6.085409] Charging with 500mA current
<6>[    6.085505] android_work: sent uevent USB_STATE=CONFIGURED
<6>[    6.085898] bq24185 3-006b: Turning on charger. USB-Host mode
<6>[    6.086054] bq24185 3-006b: Set init values
<6>[    6.086726] bq24185 3-006b: Disabling charger
<6>[    6.087459] bq24185 3-006b: Set safety timer to disable
<6>[    6.087963] bq24185 3-006b: Setting input charger current to 500 mA
<6>[    6.088532] bq24185 3-006b: Setting charger voltage to 4200 mV
<6>[    6.089049] bq24185 3-006b: Setting charger current to 1550 mA
<6>[    6.089746] bq24185 3-006b: Enabling charger
<6>[    6.428884] bq24185 3-006b: Charger status: 1
<6>[    6.838710] Charging with 500mA current
<6>[    6.840463] acc_open
<6>[    6.840557] acc_release
<6>[    7.619102] bq27520 3-0055: IT Enable confirmed to be set.
<6>[    7.840975] acc_open
<6>[    7.841068] acc_release
<6>[    8.652378] bq27520 3-0055: bq27520_battery_info_setting() type=3 temp=240 status=0
<6>[    8.670262] bq27520 3-0055: Seal firmware successful
<6>[    8.841493] acc_open
<6>[    8.841585] acc_release
<6>[    9.681674] bq27520 3-0055: bq27520_init_worker(): capacity=62 flags=0x138
<6>[   16.265573] request_suspend_state: sleep (3->3) at 16176856443 (1970-03-09 01:47:09.637423998 UTC)
<6>[   16.266598] as3676 3-0040: as3676_early_suspend
<6>[   16.269180] clearpad clearpad: early suspend
<6>[   16.270102] clearpad clearpad: power OFF
<4>[   17.278894] stop_drawing_early_suspend: timeout waiting for userspace to stop drawing
<3>[   17.575519] dtv_pipe/hdmi as primary are not configured yet
<6>[   21.439499] request_suspend_state: sleep (3->3) at 21350780887 (1970-03-09 01:47:14.811348591 UTC)
<6>[   28.180071] request_suspend_state: wakeup (3->0) at 28091330121 (1970-03-09 01:47:21.551898712 UTC)
<6>[   28.528953] mipi_renesas_r63306 mipi_renesas_r63306.0: ECO MODE OFF
<6>[   28.532434] clearpad clearpad: late resume
<6>[   28.532578] clearpad clearpad: power ON
<6>[   28.543571] as3676 3-0040: as3676_late_resume
<3>[   32.419971] init: cannot find '/system/etc/install-recovery.sh', disabling 'flash_recovery'
<3>[   32.423993] init: cannot find '/system/bin/hdmid', disabling 'hdmid'
<6>[   32.579466] warning: `rild' uses 32-bit capabilities (legacy support in use)
<6>[   32.665194] device rmnet7 entered promiscuous mode
<6>[   32.698920] device rmnet6 entered promiscuous mode
<6>[   32.738791] device rmnet5 entered promiscuous mode
<6>[   32.765417] pil_tzapps pil_tzapps: brought out of reset
<6>[   32.768869] device rmnet4 entered promiscuous mode
<6>[   32.798826] device rmnet3 entered promiscuous mode
<6>[   32.838805] device rmnet2 entered promiscuous mode
<6>[   32.888778] device rmnet1 entered promiscuous mode
<6>[   32.938786] device rmnet0 entered promiscuous mode
<4>[   33.076595] ## wifi_probe
<4>[   33.076697] wifi_set_carddetect = 1
<6>[   33.076846] mmc1: Slot status change detected (0 -> 1)
<4>[   33.077470] 
<4>[   33.077473] Dongle Host Driver, version 5.90.125.129
<4>[   33.077477] Compiled in /home/hudsonslave/root/workspace/offbuild_edream6.1-fuji-release_matrix/HUDSON_PRODUCT/nozomi2/HUDSON_VARIANT/user/label/CM_OFFBLD/out/target/product/nozomi2/obj/BCM4330_DRV/dhd/linux/../.. on Sep  7 2012 at 19:29:12
<6>[   33.131259] mmc1: new high speed SDIO card at address 0001
<4>[   33.132213] dhd_customer_oob_irq_map: customer specific Host GPIO number is (128)
<4>[   33.132428] alloc static buf at d96c0000!
<4>[   33.133079] F1 signature read @0x18000000=0x16044330
<4>[   33.138192] DHD: dongle ram size is set to 294912(orig 294912)
<4>[   33.139270] wl_create_event_handler thr:ca started
<4>[   33.139860] dhd_attach thr:cb started
<4>[   33.140032] dhd_attach thr:cc started
<4>[   33.140205] dhd_attach thr:cd started
<4>[   33.181285] Broadcom Dongle Host Driver: register interface [wlan0] MAC: 00:90:4c:11:22:33
<6>[   33.268874] mtp_bind_config
<6>[   33.270612] msm_hsusb msm_hsusb: reset
<6>[   33.271019] Charging with 0mA current
<6>[   33.271146] android_work: sent uevent USB_STATE=DISCONNECTED
<6>[   33.278071] msm_hsusb msm_hsusb: suspend
<6>[   33.278906] Charging with 0mA current
<6>[   33.279347] bq24185 3-006b: Disabling charger
<6>[   33.279844] bq24185 3-006b: Turning off charger
<6>[   33.281240] alarm_set_rtc: Failed to set RTC, time will be lost on reboot
<6>[   33.455612] msm_hsusb msm_hsusb: reset
<6>[   33.455742] Charging with 0mA current
<6>[   33.524487] android_work: sent uevent USB_STATE=CONNECTED
<6>[   33.527347] pil_qdsp6v3 pil_qdsp6v3: brought out of reset
<6>[   33.570804] apr_tal:Q6 Is Up
<6>[   33.589074] bq24185 3-006b: Charger status: 0
<6>[   33.659858] android_usb gadget: high speed config #1: android
<6>[   33.660277] 
<6>[   33.660279] Charger Type: STD DOWNSTREAM PORT
<6>[   33.660772] Charging with 500mA current
<6>[   33.661494] android_work: sent uevent USB_STATE=CONFIGURED
<6>[   33.662595] bq24185 3-006b: Turning on charger. USB-Host mode
<6>[   33.662709] bq24185 3-006b: Set init values
<6>[   33.663626] bq24185 3-006b: Disabling charger
<6>[   33.664562] bq24185 3-006b: Setting input charger current to 500 mA
<6>[   33.666742] bq24185 3-006b: Setting charger voltage to 4200 mV
<6>[   33.667136] bq24185 3-006b: Setting charger current to 1550 mA
<6>[   33.677683] bq24185 3-006b: Enabling charger
<6>[   34.018925] bq24185 3-006b: Charger status: 1
<3>[   34.160707] msm_reset_put:Resetting all devices
<6>[   34.161013] msm_clear_all_session:
<6>[   34.211744] dtv_on: tv_src_clk=74250kHz, pm_qos_rate=74250kHz, [0]
<6>[   34.212236] hdmi_msm hdmi_msm.1: power: ON (1920x1080 74250000)
<6>[   34.212350] hdmi_core_power(on): success
<6>[   34.212452] hdmi_enable_5v(on): success
<6>[   34.212596] hdmi_cec_power(on): success
<6>[   34.212682] hdmi_msm hdmi_msm.1: HPD: panel power without 'hpd' feature on
<6>[   34.212833] hdmi_msm hdmi_msm.1: power=ON DVI= ON
<6>[   34.212916] msm_fb msm_fb.458753: mdp4_overlay_dtv: on
<6>[   34.238730] hdmi_msm hdmi_msm.1: HDMI HPD: QDSP OFF
<6>[   34.238957] hdmi_msm hdmi_msm.1: HDMI : send HDMI_AUDIO=OFF
<6>[   34.239134] hdmi_msm hdmi_msm.1: Hdmi state switch to 0: hdmi_msm_power_off
<6>[   34.239221] hdmi_msm hdmi_msm.1: power: OFF (audio off, Reset Core)
<6>[   34.239376] hdmi_msm hdmi_msm.1: HDMI Audio: Disabled
<6>[   34.239495] hdmi_cec_power(off): success
<6>[   34.239663] hdmi_enable_5v(off): success
<6>[   34.239756] hdmi_core_power(off): success
<6>[   34.239896] hdmi_core_power(on): success
<6>[   34.240056] hdmi_enable_5v(on): success
<6>[   34.240140] hdmi_cec_power(on): success
<6>[   34.240255] hdmi_cec_power(off): success
<6>[   34.240410] hdmi_enable_5v(off): success
<6>[   34.240497] hdmi_core_power(off): success
<6>[   34.240587] dtv_off
<6>[   34.243681] msm_fb msm_fb.458753: mdp4_overlay_dtv: off
<6>[   34.268744] Charging with 500mA current
<6>[   35.618299] pil_modem pil_modem: brought out of reset
<3>[   35.618530] smd_pkt_open: DATA5_CNTL open failed -19
<3>[   35.749252] Notify: smsm init
<6>[   35.749365] _smem_log_init: no power log or log_idx allocated
<6>[   35.812044] rpcrouter_smd_remote_notify: smd opened 0x  (null)
<6>[   35.814781] rmt_storage_get_ramfs: RAMFS entry: addr = 0x46100000, size = 0x00300000
<6>[   35.814953] rmt_storage_get_ramfs: RAMFS entry: addr = 0x42e00000, size = 0x00002000
<6>[   35.815635] rmt_storage_probe: Remote storage RPC client (0x300000a7)initialized
<6>[   35.824246] rmt_storage_event_open_cb: open callback received
<6>[   35.824448] open partition /boot/modem_fs1 handle=1
<6>[   35.824953] rmt_storage_event_user_data_cb: send user data callback received
<6>[   35.825556] rmt_storage_event_open_cb: open callback received
<6>[   35.825711] open partition /boot/modem_fs2 handle=2
<6>[   35.826430] rmt_storage_event_user_data_cb: send user data callback received
<6>[   35.826964] rmt_storage_event_open_cb: open callback received
<6>[   35.827054] open partition /boot/modem_fsg handle=3
<6>[   35.827581] rmt_storage_event_user_data_cb: send user data callback received
<6>[   35.828106] rmt_storage_event_alloc_rmt_buf_cb: Alloc rmt buf callback received
<6>[   35.829005] rmt_storage_event_read_iovec_cb: read iovec callback received
<6>[   35.834187] rmt_storage_ioctl: send status ioctl
<6>[   35.834913] rmt_storage_event_read_iovec_cb: read iovec callback received
<6>[   35.844071] rmt_storage_ioctl: send status ioctl
<6>[   35.855270] rmt_storage_event_read_iovec_cb: read iovec callback received
<6>[   35.976396] rmt_storage_ioctl: send status ioctl
<3>[   36.121125] smd_pkt_open: DATA5_CNTL open failed -19
<3>[   36.626896] smd_pkt_open: DATA5_CNTL open failed -19
<3>[   37.132919] smd_pkt_open: DATA5_CNTL open failed -19
<3>[   37.639992] smd_pkt_open: DATA5_CNTL open failed -19
<3>[   38.149374] smd_pkt_open: DATA5_CNTL open failed -19
<6>[   38.175380] rmt_storage_event_write_iovec_cb: write iovec callback received
<6>[   38.422186] rmt_storage_ioctl: send status ioctl
<3>[   38.657553] smd_pkt_open: DATA5_CNTL open failed -19
<6>[   38.682578] msm_release_config: config0
<6>[   38.682742] __msm_release, open count =0
<6>[   38.682822] __msm_release, release VFE
<6>[   38.715080] __msm_release, release Sensor
<6>[   38.793346] apr_tal:Modem Is Up
<6>[   39.048148] msm_release_config: config1
<6>[   39.048248] __msm_release, open count =0
<6>[   39.048393] __msm_release, release VFE
<6>[   39.075076] __msm_release, release Sensor
<3>[   39.160450] smd_pkt_open: DATA5_CNTL open failed -19
<3>[   39.662967] smd_pkt_open: DATA5_CNTL open failed -19
<6>[   48.861709] request_suspend_state: wakeup (0->0) at 48773048733 (2017-10-28 17:12:19.597481330 UTC)
<6>[   49.098978] acc_open
<6>[   49.099083] acc_release
<6>[   50.317372] mtp_open
<6>[   51.496649] simple_remote simple_remote: No Device
<3>[   54.302650] acdb_mmap: PMEM is not allocated, yet!
<6>[   54.303167] msm_device_put:device speaker_mono_rx set 0
<6>[   67.105059] tsens_tz_set_mode: mode: 0 --> 1
<6>[   67.105432] 
<6>[   67.105439] Trip point triggered by current temperature (31 degrees) measured by Temperature-Sensor 0
<6>[   70.916346] hdmi_msm hdmi_msm.1: hdmi_msm_hpd_feature: 1
<6>[   70.916393] hdmi_core_power(on): success
<6>[   70.916428] hdmi_enable_5v(on): success
<6>[   70.916435] hdmi_cec_power(on): success
<6>[   71.908933] hdmi_msm hdmi_msm.1: HDMI HPD: event detected
<6>[   71.909279] hdmi_msm hdmi_msm.1: HDMI HPD: QDSP OFF
<6>[   71.910485] hdmi_msm hdmi_msm.1: HDMI : send HDMI_AUDIO=OFF
<6>[   71.911049] hdmi_msm hdmi_msm.1: Hdmi state switch to 0: hdmi_msm_hpd_state_work
<6>[   71.911600] hdmi_msm hdmi_msm.1: HDMI HPD: sense DISCONNECTED: send OFFLINE
<6>[   71.918127] hdmi_msm hdmi_msm.1: Hdmi state switch to 0: hdmi_msm_hpd_state_work
<6>[   74.918466] [pcm_out.c:pcm_out_open] open
<6>[   74.924515] apr_tal: SMD_EVENT_OPEN
<6>[   74.930317] [pcm_out.c:pcm_out_open] open session id[1]
<6>[   74.937887] msm_device_put:device xloud_speaker_mono_rx set 1
<3>[   74.938050] msm_device_put:device freq =48000
<6>[   74.969048] afe_open: 0 48000
<6>[   75.014735] pcm_out_ioctl: AUDIO_START
<6>[   80.594059] msm_device_put:device xloud_speaker_mono_rx set 0
<6>[   80.642274] [pcm_out.c:pcm_out_release] release session id[1]
<6>[   94.655558] [pcm_out.c:pcm_out_open] open
<6>[   94.667669] [pcm_out.c:pcm_out_open] open session id[1]
<6>[   94.676306] msm_device_put:device xloud_speaker_mono_rx set 1
<3>[   94.676654] msm_device_put:device freq =48000
<6>[   94.709050] afe_open: 0 48000
<6>[   94.753135] pcm_out_ioctl: AUDIO_START
<6>[  100.818009] msm_device_put:device xloud_speaker_mono_rx set 0
<6>[  100.862331] [pcm_out.c:pcm_out_release] release session id[1]
<6>[  102.429427] [pcm_out.c:pcm_out_open] open
<6>[  102.441202] [pcm_out.c:pcm_out_open] open session id[1]
<6>[  102.448324] msm_device_put:device xloud_speaker_mono_rx set 1
<3>[  102.448425] msm_device_put:device freq =48000
<6>[  102.479062] afe_open: 0 48000
<6>[  102.522821] pcm_out_ioctl: AUDIO_START
<6>[  103.385236] mtp_release
<3>[  103.422698] android_usb: already disabled
<6>[  103.431183] mtp_bind_config
<6>[  103.431223] adb_bind_config
<6>[  103.432758] msm_hsusb msm_hsusb: reset
<6>[  103.433317] Charging with 0mA current
<6>[  103.435076] android_work: sent uevent USB_STATE=DISCONNECTED
<6>[  103.439707] bq24185 3-006b: Disabling charger
<6>[  103.440238] msm_hsusb msm_hsusb: suspend
<6>[  103.440441] Charging with 0mA current
<6>[  103.441264] bq24185 3-006b: Turning off charger
<6>[  103.464031] adb_open
<6>[  103.588745] msm_hsusb msm_hsusb: reset
<6>[  103.588990] Charging with 0mA current
<6>[  103.657869] android_work: sent uevent USB_STATE=CONNECTED
<6>[  103.748892] bq24185 3-006b: Charger status: 0
<6>[  103.792399] android_usb gadget: high speed config #1: android
<6>[  103.797765] 
<6>[  103.797769] Charger Type: STD DOWNSTREAM PORT
<6>[  103.798014] Charging with 500mA current
<6>[  103.798181] android_work: sent uevent USB_STATE=CONFIGURED
<6>[  103.801052] bq24185 3-006b: Turning on charger. USB-Host mode
<6>[  103.801165] bq24185 3-006b: Set init values
<6>[  103.802651] bq24185 3-006b: Disabling charger
<6>[  103.803664] bq24185 3-006b: Setting input charger current to 500 mA
<6>[  103.804180] bq24185 3-006b: Setting charger voltage to 4200 mV
<6>[  103.804937] bq24185 3-006b: Setting charger current to 1550 mA
<6>[  103.805761] bq24185 3-006b: Enabling charger
<6>[  104.138885] bq24185 3-006b: Charger status: 1
<6>[  104.428715] Charging with 500mA current
<6>[  105.056857] mtp_open
<6>[  106.438489] msm_device_put:device xloud_speaker_mono_rx set 0
<6>[  106.493860] [pcm_out.c:pcm_out_release] release session id[1]
<6>[  109.387539] [pcm_out.c:pcm_out_open] open
<6>[  109.399373] [pcm_out.c:pcm_out_open] open session id[1]
<6>[  109.406573] msm_device_put:device xloud_speaker_mono_rx set 1
<3>[  109.406581] msm_device_put:device freq =48000
<6>[  109.439407] afe_open: 0 48000
<6>[  109.483441] pcm_out_ioctl: AUDIO_START
<6>[  112.508377] msm_device_put:device xloud_speaker_mono_rx set 0
<6>[  112.564091] [pcm_out.c:pcm_out_release] release session id[1]
<6>[  139.560888] request_suspend_state: sleep (0->3) at 139472219530 (2017-10-28 17:13:50.296651534 UTC)
<6>[  139.562627] as3676 3-0040: as3676_early_suspend
<6>[  139.581443] clearpad clearpad: early suspend
<6>[  139.581453] clearpad clearpad: power OFF
<6>[  139.706657] hdmi_msm hdmi_msm.1: hdmi_msm_hpd_feature: 0
<6>[  139.706787] hdmi_cec_power(off): success
<6>[  139.706947] hdmi_enable_5v(off): success
<6>[  139.707035] hdmi_core_power(off): success
<3>[  139.886790] dtv_pipe/hdmi as primary are not configured yet
<6>[  222.616096] bq27520 3-0055: bq27520_handle_soc_worker() capacity=63 (63) flags=0x138 ctrl_status=0x6289 valid=1
<6>[  346.778523] bq27520 3-0055: bq27520_handle_soc_worker() capacity=64 (64) flags=0x138 ctrl_status=0x6289 valid=1
