[    0.000000] X86_SUBARCH_INTEL_MID
[    0.000000] Initializing cgroup subsys cpuset
[    0.000000] Initializing cgroup subsys cpu
[    0.000000] Initializing cgroup subsys cpuacct
[    0.000000] Linux version 3.10.72-x86_64_moor-gb6d574d (jenkins@fdc-01-jenkins) (gcc version 4.9 20140827 (prerelease) (GCC) ) #1 SMP PREEMPT Fri Jun 23 00:42:48 CST 2017
[    0.000000] Command line: init=/init pci=noearly console=logk0 loglevel=0 vmalloc=256M androidboot.hardware=mofd_v1 watchdog.watchdog_thresh=60 androidboot.spid=xxxx:xxxx:xxxx:xxxx:xxxx:xxxx androidboot.serialno=01234567890123456789 gpt snd_pcm.maximum_substreams=8 ptrace.ptrace_can_access=1 panic=15 ip=50.0.0.2:50.0.0.1::255.255.255.0::usb0:on debug_locks=0 n_gsm.mux_base_conf="ttyACM0,0 ttyXMM0,1" bootboost=1 androidboot.wakesrc=05 androidboot.mode=main androidboot.bootreason=reboot androidboot.verifiedbootstate=green
[    0.000000] e820: BIOS-provided physical RAM map:
[    0.000000] BIOS-e820: [mem 0x0000000000000000-0x0000000000097fff] usable
[    0.000000] BIOS-e820: [mem 0x0000000000100000-0x0000000003ffffff] usable
[    0.000000] BIOS-e820: [mem 0x0000000004000000-0x00000000051fffff] reserved
[    0.000000] BIOS-e820: [mem 0x0000000005200000-0x0000000005bfffff] usable
[    0.000000] BIOS-e820: [mem 0x0000000005c00000-0x0000000005ffffff] reserved
[    0.000000] BIOS-e820: [mem 0x0000000006000000-0x000000007f5fffff] usable
[    0.000000] BIOS-e820: [mem 0x000000007f600000-0x00000000fec033ff] reserved
[    0.000000] BIOS-e820: [mem 0x00000000fec04000-0x00000000fefff3ff] reserved
[    0.000000] BIOS-e820: [mem 0x00000000ff000000-0x00000000ffffffff] reserved
[    0.000000] BIOS-e820: [mem 0x0000000100000000-0x000000017fffffff] usable
[    0.000000] [SFI][ANDROIDBOOTCHECK]exec setup_boot_mode!
[    0.000000] [SFI][ANDROIDBOOTCHECK]set boot_mode to 1
[    0.000000] [BATT] boot_mode=1
[    0.000000] NX (Execute Disable) protection: active
[    0.000000] DMI not present or invalid.
[    0.000000] e820: update [mem 0x00000000-0x00000fff] usable ==> reserved
[    0.000000] e820: remove [mem 0x000a0000-0x000fffff] usable
[    0.000000] e820: last_pfn = 0x180000 max_arch_pfn = 0x400000000
[    0.000000] MTRR default type: uncachable
[    0.000000] MTRR fixed ranges enabled:
[    0.000000]   00000-9FFFF write-back
[    0.000000]   A0000-BFFFF uncachable
[    0.000000]   C0000-FFFFF write-back
[    0.000000] MTRR variable ranges enabled:
[    0.000000]   0 base 000000000 mask F00000000 write-back
[    0.000000]   1 base 07F700000 mask FFFF00000 uncachable
[    0.000000]   2 base 100000000 mask F80000000 write-back
[    0.000000]   3 base 07F800000 mask FFF800000 uncachable
[    0.000000]   4 base 080000000 mask F80000000 uncachable
[    0.000000]   5 base 004000000 mask FFF000000 uncachable
[    0.000000]   6 base 005000000 mask FFFE00000 uncachable
[    0.000000]   7 base 005C00000 mask FFFC00000 uncachable
[    0.000000] x86 PAT enabled: cpu 0, old 0x7040600070406, new 0x7010600070106
[    0.000000] original variable MTRRs
[    0.000000] reg 0, base: 0GB, range: 4GB, type WB
[    0.000000] reg 1, base: 2039MB, range: 1MB, type UC
[    0.000000] reg 2, base: 4GB, range: 2GB, type WB
[    0.000000] reg 3, base: 2040MB, range: 8MB, type UC
[    0.000000] reg 4, base: 2GB, range: 2GB, type UC
[    0.000000] reg 5, base: 64MB, range: 16MB, type UC
[    0.000000] reg 6, base: 80MB, range: 2MB, type UC
[    0.000000] reg 7, base: 92MB, range: 4MB, type UC
[    0.000000] total RAM covered: 4065M
[    0.000000]  gran_size: 64K 	chunk_size: 64K 	num_reg: 8  	lose cover RAM: 3063M
[    0.000000]  gran_size: 64K 	chunk_size: 128K 	num_reg: 8  	lose cover RAM: 3063M
[    0.000000]  gran_size: 64K 	chunk_size: 256K 	num_reg: 8  	lose cover RAM: 3063M
[    0.000000]  gran_size: 64K 	chunk_size: 512K 	num_reg: 8  	lose cover RAM: 3063M
[    0.000000]  gran_size: 64K 	chunk_size: 1M 	num_reg: 8  	lose cover RAM: 3063M
[    0.000000]  gran_size: 64K 	chunk_size: 2M 	num_reg: 8  	lose cover RAM: 3063M
[    0.000000]  gran_size: 64K 	chunk_size: 4M 	num_reg: 8  	lose cover RAM: 3831M
[    0.000000]  gran_size: 64K 	chunk_size: 8M 	num_reg: 8  	lose cover RAM: 3983M
[    0.000000]  gran_size: 64K 	chunk_size: 16M 	num_reg: 8  	lose cover RAM: 3983M
[    0.000000]  gran_size: 64K 	chunk_size: 32M 	num_reg: 8  	lose cover RAM: 3971M
[    0.000000]  gran_size: 64K 	chunk_size: 64M 	num_reg: 8  	lose cover RAM: 3941M
[    0.000000]  gran_size: 64K 	chunk_size: 128M 	num_reg: 8  	lose cover RAM: 3873M
[    0.000000]  gran_size: 64K 	chunk_size: 256M 	num_reg: 8  	lose cover RAM: 3747M
[    0.000000]  gran_size: 64K 	chunk_size: 512M 	num_reg: 8  	lose cover RAM: 3507M
[    0.000000]  gran_size: 64K 	chunk_size: 1G 	num_reg: 8  	lose cover RAM: 3059M
[    0.000000]  gran_size: 64K 	chunk_size: 2G 	num_reg: 8  	lose cover RAM: 3063M
[    0.000000]  gran_size: 128K 	chunk_size: 128K 	num_reg: 8  	lose cover RAM: 3063M
[    0.000000]  gran_size: 128K 	chunk_size: 256K 	num_reg: 8  	lose cover RAM: 3063M
[    0.000000]  gran_size: 128K 	chunk_size: 512K 	num_reg: 8  	lose cover RAM: 3063M
[    0.000000]  gran_size: 128K 	chunk_size: 1M 	num_reg: 8  	lose cover RAM: 3063M
[    0.000000]  gran_size: 128K 	chunk_size: 2M 	num_reg: 8  	lose cover RAM: 3063M
[    0.000000]  gran_size: 128K 	chunk_size: 4M 	num_reg: 8  	lose cover RAM: 3831M
[    0.000000]  gran_size: 128K 	chunk_size: 8M 	num_reg: 8  	lose cover RAM: 3983M
[    0.000000]  gran_size: 128K 	chunk_size: 16M 	num_reg: 8  	lose cover RAM: 3983M
[    0.000000]  gran_size: 128K 	chunk_size: 32M 	num_reg: 8  	lose cover RAM: 3971M
[    0.000000]  gran_size: 128K 	chunk_size: 64M 	num_reg: 8  	lose cover RAM: 3941M
[    0.000000]  gran_size: 128K 	chunk_size: 128M 	num_reg: 8  	lose cover RAM: 3873M
[    0.000000]  gran_size: 128K 	chunk_size: 256M 	num_reg: 8  	lose cover RAM: 3747M
[    0.000000]  gran_size: 128K 	chunk_size: 512M 	num_reg: 8  	lose cover RAM: 3507M
[    0.000000]  gran_size: 128K 	chunk_size: 1G 	num_reg: 8  	lose cover RAM: 3059M
[    0.000000]  gran_size: 128K 	chunk_size: 2G 	num_reg: 8  	lose cover RAM: 3063M
[    0.000000]  gran_size: 256K 	chunk_size: 256K 	num_reg: 8  	lose cover RAM: 3063M
[    0.000000]  gran_size: 256K 	chunk_size: 512K 	num_reg: 8  	lose cover RAM: 3063M
[    0.000000]  gran_size: 256K 	chunk_size: 1M 	num_reg: 8  	lose cover RAM: 3063M
[    0.000000]  gran_size: 256K 	chunk_size: 2M 	num_reg: 8  	lose cover RAM: 3063M
[    0.000000]  gran_size: 256K 	chunk_size: 4M 	num_reg: 8  	lose cover RAM: 3831M
[    0.000000]  gran_size: 256K 	chunk_size: 8M 	num_reg: 8  	lose cover RAM: 3983M
[    0.000000]  gran_size: 256K 	chunk_size: 16M 	num_reg: 8  	lose cover RAM: 3983M
[    0.000000]  gran_size: 256K 	chunk_size: 32M 	num_reg: 8  	lose cover RAM: 3971M
[    0.000000]  gran_size: 256K 	chunk_size: 64M 	num_reg: 8  	lose cover RAM: 3941M
[    0.000000]  gran_size: 256K 	chunk_size: 128M 	num_reg: 8  	lose cover RAM: 3873M
[    0.000000]  gran_size: 256K 	chunk_size: 256M 	num_reg: 8  	lose cover RAM: 3747M
[    0.000000]  gran_size: 256K 	chunk_size: 512M 	num_reg: 8  	lose cover RAM: 3507M
[    0.000000]  gran_size: 256K 	chunk_size: 1G 	num_reg: 8  	lose cover RAM: 3059M
[    0.000000]  gran_size: 256K 	chunk_size: 2G 	num_reg: 8  	lose cover RAM: 3063M
[    0.000000]  gran_size: 512K 	chunk_size: 512K 	num_reg: 8  	lose cover RAM: 3063M
[    0.000000]  gran_size: 512K 	chunk_size: 1M 	num_reg: 8  	lose cover RAM: 3063M
[    0.000000]  gran_size: 512K 	chunk_size: 2M 	num_reg: 8  	lose cover RAM: 3063M
[    0.000000]  gran_size: 512K 	chunk_size: 4M 	num_reg: 8  	lose cover RAM: 3831M
[    0.000000]  gran_size: 512K 	chunk_size: 8M 	num_reg: 8  	lose cover RAM: 3983M
[    0.000000]  gran_size: 512K 	chunk_size: 16M 	num_reg: 8  	lose cover RAM: 3983M
[    0.000000]  gran_size: 512K 	chunk_size: 32M 	num_reg: 8  	lose cover RAM: 3971M
[    0.000000]  gran_size: 512K 	chunk_size: 64M 	num_reg: 8  	lose cover RAM: 3941M
[    0.000000]  gran_size: 512K 	chunk_size: 128M 	num_reg: 8  	lose cover RAM: 3873M
[    0.000000]  gran_size: 512K 	chunk_size: 256M 	num_reg: 8  	lose cover RAM: 3747M
[    0.000000]  gran_size: 512K 	chunk_size: 512M 	num_reg: 8  	lose cover RAM: 3507M
[    0.000000]  gran_size: 512K 	chunk_size: 1G 	num_reg: 8  	lose cover RAM: 3059M
[    0.000000]  gran_size: 512K 	chunk_size: 2G 	num_reg: 8  	lose cover RAM: 3063M
[    0.000000]  gran_size: 1M 	chunk_size: 1M 	num_reg: 8  	lose cover RAM: 3063M
[    0.000000]  gran_size: 1M 	chunk_size: 2M 	num_reg: 8  	lose cover RAM: 3063M
[    0.000000]  gran_size: 1M 	chunk_size: 4M 	num_reg: 8  	lose cover RAM: 3831M
[    0.000000]  gran_size: 1M 	chunk_size: 8M 	num_reg: 8  	lose cover RAM: 3983M
[    0.000000]  gran_size: 1M 	chunk_size: 16M 	num_reg: 8  	lose cover RAM: 3983M
[    0.000000]  gran_size: 1M 	chunk_size: 32M 	num_reg: 8  	lose cover RAM: 3971M
[    0.000000]  gran_size: 1M 	chunk_size: 64M 	num_reg: 8  	lose cover RAM: 3941M
[    0.000000]  gran_size: 1M 	chunk_size: 128M 	num_reg: 8  	lose cover RAM: 3873M
[    0.000000]  gran_size: 1M 	chunk_size: 256M 	num_reg: 8  	lose cover RAM: 3747M
[    0.000000]  gran_size: 1M 	chunk_size: 512M 	num_reg: 8  	lose cover RAM: 3507M
[    0.000000]  gran_size: 1M 	chunk_size: 1G 	num_reg: 8  	lose cover RAM: 3059M
[    0.000000]  gran_size: 1M 	chunk_size: 2G 	num_reg: 8  	lose cover RAM: 3063M
[    0.000000]  gran_size: 2M 	chunk_size: 2M 	num_reg: 8  	lose cover RAM: 3063M
[    0.000000]  gran_size: 2M 	chunk_size: 4M 	num_reg: 8  	lose cover RAM: 3831M
[    0.000000]  gran_size: 2M 	chunk_size: 8M 	num_reg: 8  	lose cover RAM: 3983M
[    0.000000]  gran_size: 2M 	chunk_size: 16M 	num_reg: 8  	lose cover RAM: 3983M
[    0.000000]  gran_size: 2M 	chunk_size: 32M 	num_reg: 8  	lose cover RAM: 3971M
[    0.000000]  gran_size: 2M 	chunk_size: 64M 	num_reg: 8  	lose cover RAM: 3941M
[    0.000000]  gran_size: 2M 	chunk_size: 128M 	num_reg: 8  	lose cover RAM: 3873M
[    0.000000]  gran_size: 2M 	chunk_size: 256M 	num_reg: 8  	lose cover RAM: 3747M
[    0.000000]  gran_size: 2M 	chunk_size: 512M 	num_reg: 8  	lose cover RAM: 3507M
[    0.000000]  gran_size: 2M 	chunk_size: 1G 	num_reg: 8  	lose cover RAM: 3059M
[    0.000000]  gran_size: 2M 	chunk_size: 2G 	num_reg: 8  	lose cover RAM: 3063M
[    0.000000]  gran_size: 4M 	chunk_size: 4M 	num_reg: 8  	lose cover RAM: 3065M
[    0.000000]  gran_size: 4M 	chunk_size: 8M 	num_reg: 8  	lose cover RAM: 3065M
[    0.000000]  gran_size: 4M 	chunk_size: 16M 	num_reg: 8  	lose cover RAM: 3989M
[    0.000000]  gran_size: 4M 	chunk_size: 32M 	num_reg: 8  	lose cover RAM: 3975M
[    0.000000]  gran_size: 4M 	chunk_size: 64M 	num_reg: 8  	lose cover RAM: 3939M
[    0.000000]  gran_size: 4M 	chunk_size: 128M 	num_reg: 8  	lose cover RAM: 3873M
[    0.000000]  gran_size: 4M 	chunk_size: 256M 	num_reg: 8  	lose cover RAM: 3747M
[    0.000000]  gran_size: 4M 	chunk_size: 512M 	num_reg: 8  	lose cover RAM: 3507M
[    0.000000]  gran_size: 4M 	chunk_size: 1G 	num_reg: 8  	lose cover RAM: 3059M
[    0.000000]  gran_size: 4M 	chunk_size: 2G 	num_reg: 8  	lose cover RAM: 3065M
[    0.000000]  gran_size: 8M 	chunk_size: 8M 	num_reg: 8  	lose cover RAM: 2177M
[    0.000000]  gran_size: 8M 	chunk_size: 16M 	num_reg: 8  	lose cover RAM: 2177M
[    0.000000]  gran_size: 8M 	chunk_size: 32M 	num_reg: 8  	lose cover RAM: 17M
[    0.000000]  gran_size: 8M 	chunk_size: 64M 	num_reg: 8  	lose cover RAM: 2033M
[    0.000000]  gran_size: 8M 	chunk_size: 128M 	num_reg: 8  	lose cover RAM: 1953M
[    0.000000]  gran_size: 8M 	chunk_size: 256M 	num_reg: 8  	lose cover RAM: 1953M
[    0.000000]  gran_size: 8M 	chunk_size: 512M 	num_reg: 8  	lose cover RAM: 1953M
[    0.000000]  gran_size: 8M 	chunk_size: 1G 	num_reg: 8  	lose cover RAM: 1953M
[    0.000000]  gran_size: 8M 	chunk_size: 2G 	num_reg: 8  	lose cover RAM: 1953M
[    0.000000]  gran_size: 16M 	chunk_size: 16M 	num_reg: 8  	lose cover RAM: 2177M
[    0.000000]  gran_size: 16M 	chunk_size: 32M 	num_reg: 8  	lose cover RAM: 17M
[    0.000000]  gran_size: 16M 	chunk_size: 64M 	num_reg: 8  	lose cover RAM: 2033M
[    0.000000]  gran_size: 16M 	chunk_size: 128M 	num_reg: 8  	lose cover RAM: 1953M
[    0.000000]  gran_size: 16M 	chunk_size: 256M 	num_reg: 8  	lose cover RAM: 1953M
[    0.000000]  gran_size: 16M 	chunk_size: 512M 	num_reg: 8  	lose cover RAM: 1953M
[    0.000000]  gran_size: 16M 	chunk_size: 1G 	num_reg: 8  	lose cover RAM: 1953M
[    0.000000]  gran_size: 16M 	chunk_size: 2G 	num_reg: 8  	lose cover RAM: 1953M
[    0.000000]  gran_size: 32M 	chunk_size: 32M 	num_reg: 8  	lose cover RAM: 2177M
[    0.000000]  gran_size: 32M 	chunk_size: 64M 	num_reg: 8  	lose cover RAM: 2177M
[    0.000000]  gran_size: 32M 	chunk_size: 128M 	num_reg: 8  	lose cover RAM: 2177M
[    0.000000]  gran_size: 32M 	chunk_size: 256M 	num_reg: 8  	lose cover RAM: 1953M
[    0.000000]  gran_size: 32M 	chunk_size: 512M 	num_reg: 8  	lose cover RAM: 1953M
[    0.000000]  gran_size: 32M 	chunk_size: 1G 	num_reg: 8  	lose cover RAM: 1953M
[    0.000000]  gran_size: 32M 	chunk_size: 2G 	num_reg: 8  	lose cover RAM: 1953M
[    0.000000]  gran_size: 64M 	chunk_size: 64M 	num_reg: 8  	lose cover RAM: 2177M
[    0.000000]  gran_size: 64M 	chunk_size: 128M 	num_reg: 8  	lose cover RAM: 2177M
[    0.000000]  gran_size: 64M 	chunk_size: 256M 	num_reg: 8  	lose cover RAM: 1953M
[    0.000000]  gran_size: 64M 	chunk_size: 512M 	num_reg: 8  	lose cover RAM: 1953M
[    0.000000]  gran_size: 64M 	chunk_size: 1G 	num_reg: 8  	lose cover RAM: 1953M
[    0.000000]  gran_size: 64M 	chunk_size: 2G 	num_reg: 8  	lose cover RAM: 1953M
[    0.000000]  gran_size: 128M 	chunk_size: 128M 	num_reg: 8  	lose cover RAM: 2273M
[    0.000000]  gran_size: 128M 	chunk_size: 256M 	num_reg: 8  	lose cover RAM: 2273M
[    0.000000]  gran_size: 128M 	chunk_size: 512M 	num_reg: 8  	lose cover RAM: 2049M
[    0.000000]  gran_size: 128M 	chunk_size: 1G 	num_reg: 8  	lose cover RAM: 2049M
[    0.000000]  gran_size: 128M 	chunk_size: 2G 	num_reg: 8  	lose cover RAM: 2049M
[    0.000000]  gran_size: 256M 	chunk_size: 256M 	num_reg: 8  	lose cover RAM: 481M
[    0.000000]  gran_size: 256M 	chunk_size: 512M 	num_reg: 8  	lose cover RAM: 481M
[    0.000000]  gran_size: 256M 	chunk_size: 1G 	num_reg: 8  	lose cover RAM: 2049M
[    0.000000]  gran_size: 256M 	chunk_size: 2G 	num_reg: 8  	lose cover RAM: 2049M
[    0.000000]  gran_size: 512M 	chunk_size: 512M 	num_reg: 7  	lose cover RAM: 993M
[    0.000000]  gran_size: 512M 	chunk_size: 1G 	num_reg: 7  	lose cover RAM: 993M
[    0.000000]  gran_size: 512M 	chunk_size: 2G 	num_reg: 7  	lose cover RAM: 993M
[    0.000000]  gran_size: 1G 	chunk_size: 1G 	num_reg: 1  	lose cover RAM: 2017M
[    0.000000]  gran_size: 1G 	chunk_size: 2G 	num_reg: 1  	lose cover RAM: 2017M
[    0.000000]  gran_size: 2G 	chunk_size: 2G 	num_reg: 1  	lose cover RAM: 2017M
[    0.000000] mtrr_cleanup: can not find optimal value
[    0.000000] please specify mtrr_gran_size/mtrr_chunk_size
[    0.000000] e820: update [mem 0x04000000-0x051fffff] usable ==> reserved
[    0.000000] e820: update [mem 0x05c00000-0x05ffffff] usable ==> reserved
[    0.000000] e820: update [mem 0x7f700000-0xffffffff] usable ==> reserved
[    0.000000] e820: last_pfn = 0x7f600 max_arch_pfn = 0x400000000
[    0.000000] Base memory trampoline at [ffff88000006e000] 6e000 size 24576
[    0.000000] init_memory_mapping: [mem 0x00000000-0x000fffff]
[    0.000000]  [mem 0x00000000-0x000fffff] page 4k
[    0.000000] BRK [0x035fa000, 0x035fafff] PGTABLE
[    0.000000] BRK [0x035fb000, 0x035fbfff] PGTABLE
[    0.000000] BRK [0x035fc000, 0x035fcfff] PGTABLE
[    0.000000] init_memory_mapping: [mem 0x17fe00000-0x17fffffff]
[    0.000000]  [mem 0x17fe00000-0x17fffffff] page 2M
[    0.000000] BRK [0x035fd000, 0x035fdfff] PGTABLE
[    0.000000] init_memory_mapping: [mem 0x17c000000-0x17fdfffff]
[    0.000000]  [mem 0x17c000000-0x17fdfffff] page 2M
[    0.000000] init_memory_mapping: [mem 0x100000000-0x17bffffff]
[    0.000000]  [mem 0x100000000-0x17bffffff] page 2M
[    0.000000] BRK [0x035fe000, 0x035fefff] PGTABLE
[    0.000000] init_memory_mapping: [mem 0x00100000-0x03ffffff]
[    0.000000]  [mem 0x00100000-0x001fffff] page 4k
[    0.000000]  [mem 0x00200000-0x03ffffff] page 2M
[    0.000000] init_memory_mapping: [mem 0x05200000-0x05bfffff]
[    0.000000]  [mem 0x05200000-0x05bfffff] page 2M
[    0.000000] init_memory_mapping: [mem 0x06000000-0x7f5fffff]
[    0.000000]  [mem 0x06000000-0x7f5fffff] page 2M
[    0.000000] BRK [0x035ff000, 0x035fffff] PGTABLE
[    0.000000] RAMDISK: [mem 0x07b33000-0x07ffffff]
[    0.000000]  [ffffea0000000000-ffffea0005ffffff] PMD -> [ffff88017b600000-ffff88017f5fffff] on node 0
[    0.000000] Zone ranges:
[    0.000000]   DMA      [mem 0x00001000-0x00ffffff]
[    0.000000]   DMA32    [mem 0x01000000-0xffffffff]
[    0.000000]   Normal   [mem 0x100000000-0x17fffffff]
[    0.000000] Movable zone start for each node
[    0.000000] Early memory node ranges
[    0.000000]   node   0: [mem 0x00001000-0x00097fff]
[    0.000000]   node   0: [mem 0x00100000-0x03ffffff]
[    0.000000]   node   0: [mem 0x05200000-0x05bfffff]
[    0.000000]   node   0: [mem 0x06000000-0x7f5fffff]
[    0.000000]   node   0: [mem 0x100000000-0x17fffffff]
[    0.000000] On node 0 totalpages: 1040279
[    0.000000]   DMA zone: 64 pages used for memmap
[    0.000000]   DMA zone: 57 pages reserved
[    0.000000]   DMA zone: 3991 pages, LIFO batch:0
[    0.000000]   DMA32 zone: 8000 pages used for memmap
[    0.000000]   DMA32 zone: 512000 pages, LIFO batch:31
[    0.000000]   Normal zone: 8192 pages used for memmap
[    0.000000]   Normal zone: 524288 pages, LIFO batch:31
[    0.000000] SFI: Simple Firmware Interface v0.81 http://simplefirmware.org
[    0.000000] SFI: SYST E0010, 0068 (v1  INTEL INTELFDK)
[    0.000000] SFI: CPUS E00B8, 0028 (v1  INTEL INTELFDK)
[    0.000000] SFI: FREQ E00EC, 012C (v1  INTEL INTELFDK)
[    0.000000] SFI: MMAP E0224, 02C4 (v1  INTEL INTELFDK)
[    0.000000] SFI: XSDT E0500, 002C (v1  INTEL INTELFDK)
[    0.000000] SFI: APIC E0584, 0020 (v1  INTEL INTELFDK)
[    0.000000] SFI: WAKE E05B0, 0020 (v2  INTEL INTELFDK)
[    0.000000] SFI: DEVS E05E4, 0419 (v1  INTEL INTELFDK)
[    0.000000] SFI: GPIO E0A09, 0A96 (v1  INTEL INTELFDK)
[    0.000000] SFI: OEMB E14AB, 0060 (v5 UMGFDK CFGINFO!)
[    0.000000] SFI: OEM1 E1517, 0021 (v1 ASUS   REV ID  )
[    0.000000] SFI: registering lapic[0]
[    0.000000] SFI: registering lapic[2]
[    0.000000] SFI: registering lapic[6]
[    0.000000] SFI: registering lapic[4]
[    0.000000] IOAPIC[0]: apic_id 0, version 32, address 0xfec00000, GSI 0-86
[    0.000000] smpboot: Allowing 4 CPUs, 0 hotplug CPUs
[    0.000000] nr_irqs_gsi: 103
[    0.000000] intel_mid_pstore_ram: reserved RAM buffer (0x219000@0xfde7000)
[    0.000000] e820: cannot find a gap in the 32bit address range
[    0.000000] e820: PCI devices with unassigned 32bit BARs may break!
[    0.000000] e820: [mem 0x180100000-0x1804fffff] available for PCI devices
[    0.000000] setup_percpu: NR_CPUS:4 nr_cpumask_bits:4 nr_cpu_ids:4 nr_node_ids:1
[    0.000000] PERCPU: Embedded 27 pages/cpu @ffff88017fc00000 s78208 r8192 d24192 u524288
[    0.000000] pcpu-alloc: s78208 r8192 d24192 u524288 alloc=1*2097152
[    0.000000] pcpu-alloc: [0] 0 1 2 3 
[    0.000000] Built 1 zonelists in Zone order, mobility grouping on.  Total pages: 1023966
[    0.000000] Kernel command line: init=/init pci=noearly console=logk0 loglevel=0 vmalloc=256M androidboot.hardware=mofd_v1 watchdog.watchdog_thresh=60 androidboot.spid=xxxx:xxxx:xxxx:xxxx:xxxx:xxxx androidboot.serialno=01234567890123456789 gpt snd_pcm.maximum_substreams=8 ptrace.ptrace_can_access=1 panic=15 ip=50.0.0.2:50.0.0.1::255.255.255.0::usb0:on debug_locks=0 n_gsm.mux_base_conf="ttyACM0,0 ttyXMM0,1" bootboost=1 androidboot.wakesrc=05 androidboot.mode=main androidboot.bootreason=reboot androidboot.verifiedbootstate=green
[    0.000000] PID hash table entries: 4096 (order: 3, 32768 bytes)
[    0.000000] Dentry cache hash table entries: 524288 (order: 10, 4194304 bytes)
[    0.000000] Inode-cache hash table entries: 262144 (order: 9, 2097152 bytes)
[    0.000000] Memory: 3992932k/6291456k available (9808k kernel code, 2130340k absent, 168184k reserved, 9641k data, 1180k init)
[    0.000000] SLUB: HWalign=64, Order=0-3, MinObjects=0, CPUs=4, Nodes=1
[    0.000000] Preemptible hierarchical RCU implementation.
[    0.000000] 	CONFIG_RCU_FANOUT set to non-default value of 32
[    0.000000] NR_IRQS:4352 nr_irqs:1024 16
[    0.000000] Console: colour dummy device 80x25
[    0.000000] logger: created 256K log 'log_kern_bot'
[    0.000000] console [logk0] enabled
[    0.000000] logger: register logcat console
[    0.000000] allocated 16777216 bytes of page_cgroup
[    0.000000] please try 'cgroup_disable=memory' option if you don't want memory cgroups
[    0.000000] tsc: Detected 1331.200 MHz processor
[    0.000007] Calibrating delay loop (skipped), value calculated using timer frequency.. 2662.40 BogoMIPS (lpj=13312000)
[    0.000020] pid_max: default: 32768 minimum: 301
[    0.000147] Security Framework initialized
[    0.000166] SELinux:  Initializing.
[    0.000209] SELinux:  Starting in permissive mode
[    0.000244] Mount-cache hash table entries: 256
[    0.000741] Initializing cgroup subsys debug
[    0.000754] Initializing cgroup subsys memory
[    0.000781] Initializing cgroup subsys devices
[    0.000791] Initializing cgroup subsys freezer
[    0.000799] Initializing cgroup subsys blkio
[    0.000807] Initializing cgroup subsys perf_event
[    0.000878] CPU: Physical Processor ID: 0
[    0.000885] CPU: Processor Core ID: 0
[    0.000893] ENERGY_PERF_BIAS: Set to 'normal', was 'performance'
[    0.000893] ENERGY_PERF_BIAS: View and update with x86_energy_perf_policy(8)
[    0.000903] mce: CPU supports 6 MCE banks
[    0.000920] CPU0: Thermal monitoring enabled (TM1)
[    0.000934] Last level iTLB entries: 4KB 0, 2MB 0, 4MB 0
[    0.000934] Last level dTLB entries: 4KB 128, 2MB 0, 4MB 0
[    0.000934] tlb_flushall_shift: 6
[    0.001157] Freeing SMP alternatives: 28k freed
[    0.001189] SFI: MCFG E053C, 003C (v1  INTEL INTELFDK)
[    0.001198] ftrace: allocating 32436 entries in 127 pages
[    0.031427] smpboot: CPU0: Intel(R) Atom(TM) CPU  Z3580  @ 1.33GHz (fam: 06, model: 5a, stepping: 00)
[    0.031460] TSC deadline timer enabled
[    0.031487] Performance Events: no PEBS fmt2+, 8-deep LBR, Atom events, Intel PMU driver.
[    0.031516] ... version:                3
[    0.031523] ... bit width:              40
[    0.031529] ... generic registers:      2
[    0.031534] ... value mask:             000000ffffffffff
[    0.031540] ... max period:             000000007fffffff
[    0.031545] ... fixed-purpose events:   3
[    0.031551] ... event mask:             0000000700000003
[    0.071674] ftrace: Allocated trace_printk buffers
[    0.103492] NMI watchdog: enabled on all CPUs, permanently consumes one hw-PMU counter.
[    0.092073] smpboot: Booting Node   0, Processors  #1 #2 #3 OK
[    0.163357] Skipped synchronization checks as TSC is reliable.
[    0.163458] Brought up 4 CPUs
[    0.163470] smpboot: Total of 4 processors activated (10649.60 BogoMIPS)
[    0.169021] SFI: SFI sysfs interfaces init success
[    0.169277] regulator-dummy: no parameters
[    0.169465] NET: Registered protocol family 16
[    0.170587] SFI OEMB Layout
[    0.170603] 	OEMB signature               : OEMB
[    0.170603] 	OEMB length                  : 96
[    0.170603] 	OEMB revision                : 5
[    0.170603] 	OEMB checksum                : 0xE3
[    0.170603] 	OEMB oem_id                  : UMGFDK
[    0.170603] 	OEMB oem_table_id            : CFGINFO!
[    0.170603] 	OEMB board_id                : 0x0F
[    0.170603] 	OEMB iafw version            : 002.022
[    0.170603] 	OEMB val_hooks version       : 094.049
[    0.170603] 	OEMB ia suppfw version       : 000.000
[    0.170603] 	OEMB scu runtime version     : 176.053
[    0.170603] 	OEMB ifwi version            : 148.131
[    0.170637] camera pdata: I2C bus = 6, name =        flashnode, irq = 0x 0, addr = 0x37
[    0.170643] flashnode_platform_data_func
[    0.170651] List of devices, name = soc_thrm
[    0.170676] intel_soc_thermal: IPC bus = 0, name =         soc_thrm, irq = 0x 1
[    0.170742] List of devices, name = bcove_gpio
[    0.170767] List of devices, name = bcove_adc
[    0.170788] IPC bus, name =        bcove_adc, irq = 0x32
[    0.170846] List of devices, name = bcove_bcu
[    0.170868] IPC bus, name =        bcove_bcu, irq = 0x33
[    0.170927] List of devices, name = scove_thrm
[    0.170950] IPC bus, name =       scove_thrm, irq = 0x34
[    0.171005] List of devices, name = bcove_tmu
[    0.171028] List of devices, name = scove_power_btn
[    0.171048] IPC bus, name =  scove_power_btn, irq = 0x1e
[    0.171108] List of devices, name = pmic_ccsm
[    0.171135] IPC bus, name =        pmic_ccsm, irq = 0x1b
[    0.171192] List of devices, name = i2c_pmic_adap
[    0.171202] IPC bus, name =    i2c_pmic_adap, irq = 0x1b
[    0.171256] List of devices, name = gpio-keys
[    0.171265] List of devices, name = hdmi-i2c-gpio
[    0.171272] List of devices, name = switch-mid
[    0.171278] List of devices, name = intel_mid_pwm
[    0.171285] List of devices, name = intel_kpd_led
[    0.171292] List of devices, name = gpio_expander
[    0.171299] List of devices, name = hsi_edlp_modem
[    0.171319] List of devices, name = msic_gpio
[    0.171328] IPC bus, name =        msic_gpio, irq = 0x31
[    0.171389] List of devices, name = hdmi-audio
[    0.171398] List of devices, name = WLAN_FAST_IRQ
[    0.171418] Using WiFi platform data (Fast IRQ)
[    0.171426] wifi_platform_data: IRQ == 40
[    0.171480] List of devices, name = mrfld_rt5647
[    0.171490] IPC bus, name =     mrfld_rt5647, irq = 0xff
[    0.171695] List of devices, name = rt5647
[    0.171708] I2C bus = 1, name =           rt5647, irq = 0x 0, addr = 0x1b
[    0.171716] List of devices, name = smb1357_charger
[    0.171724] I2C bus = 8, name =  smb1357_charger, irq = 0x 0, addr = 0x6a
[    0.171732] List of devices, name = mm8033_batt
[    0.171740] I2C bus = 2, name =      mm8033_batt, irq = 0x 0, addr = 0x36
[    0.171746] List of devices, name = ftxxxx_ts
[    0.171754] I2C bus = 7, name =        ftxxxx_ts, irq = 0x 0, addr = 0x38
[    0.171760] List of devices, name = watchdog
[    0.171782] List of devices, name = bcm47531
[    0.171791] HSU bus = 1, name =         bcm47531 port = 0
[    0.171851] List of devices, name = bcm20795
[    0.171861] I2C bus = 5, name =         bcm20795, irq = 0x 0, addr = 0x28
[    0.171870] List of devices, name = ak9911
[    0.171878] List of devices, name = mpu6880
[    0.171886] List of devices, name = CM36686
[    0.171893] List of devices, name = bcm43xx_clk_vmmc
[    0.171901] SDIO bus = 1, name = bcm43xx_clk_vmmc, ref_clock = 26000000, addr =0x401
[    0.171906] List of devices, name = dw9714
[    0.171914] List of devices, name = XMM7260_CONF_11
[    0.171922] SFI retrieve modem entry, name =  XMM7260_CONF_11
[    0.171929] SFI modem_platform_data cfg: XMM7260_CONF_11.
[    0.171936] SFI modem_platform_data cpu: 5 pmic: 5.
[    0.171942] SFI modem_platform_data cpu: 5 pmic: 5.
[    0.171947] SFI register modem platform data for MCD device XMM7260_CONF_11
[    0.171953] mcd_register_mdm_info : cpu info setup
[    0.171968] mcd_register_mdm_info: Modems found: 2
[    0.172021] SFI creates sysfs entry for modem named XMM7260_CONF_11
[    0.172038] List of devices, name = spi_xmm2230
[    0.172047] SPI bus=6, name=     spi_xmm2230, irq=0x 0, max_freq=25000000, cs=1
[    0.172057] List of devices, name = sky81296
[    0.172067] camera pdata: I2C bus = 4, name =         sky81296, irq = 0x 0, addr = 0x37
[    0.172073] sky81296_platform_data_func
[    0.172079] List of devices, name = t4k37
[    0.172088] camera pdata: I2C bus = 4, name =            t4k37, irq = 0x 0, addr = 0x36
[    0.172094] List of devices, name = t4k35
[    0.172102] List of devices, name = tca6507
[    0.172109] I2C bus = 4, name =          tca6507, irq = 0x 0, addr = 0x45
[    0.172116] List of devices, name = ov5670
[    0.172125] camera pdata: I2C bus = 4, name =           ov5670, irq = 0x 0, addr = 0x10
[    0.172131] List of devices, name = kx022
[    0.172139] List of devices, name = rt4532_bl
[    0.172149] 
[    0.172149] Hardware ID = 0x7, Project ID = 0x1f, LCD_ID = 0x3, RF_SKU_ID = 0x3
[    0.172156] MiniOS : 0
[    0.172162] PCB ID=37ff
[    0.172182] pgrr = 00000fd7
[    0.172269] PCI: Using configuration type 1 for base access
[    0.172282] charge_invalid_battery:
[    0.182726] bio: create slab <bio-0> at 0
[    0.183448] vgaarb: loaded
[    0.183685] SCSI subsystem initialized
[    0.183826] usbcore: registered new interface driver usbfs
[    0.183874] usbcore: registered new interface driver hub
[    0.183979] usbcore: registered new device driver usb
[    0.184104] media: Linux media interface: v0.10
[    0.184143] Linux video capture interface: v2.00
[    0.184175] pps_core: LinuxPPS API ver. 1 registered
[    0.184183] pps_core: Software ver. 5.3.6 - Copyright 2005-2007 Rodolfo Giometti <giometti@linux.it>
[    0.184205] PTP clock support registered
[    0.184578]  remoteproc0: intel_rproc_scu is available
[    0.184588]  remoteproc0: Note: remoteproc is still under development and considered experimental.
[    0.184595]  remoteproc0: THE BINARY FORMAT IS NOT YET FINALIZED, and backward compatibility isn't yet guaranteed.
[    0.184791]  remoteproc0: registered virtio0 (type 7)
[    0.184900]  remoteproc0: powering up intel_rproc_scu
[    0.184911]  remoteproc0: Booting fw image intel_mid/intel_mid_remoteproc.fw, size 4456
[    0.184929] Started intel scu remote processor
[    0.184937]  remoteproc0: remote processor intel_rproc_scu is now up
[    0.185096] NS announcement: 72 70 6d 73 67 5f 62 63 6f 76 65 5f 61 64 63 00  rpmsg_bcove_adc.
[    0.185105] NS announcement: 00 00 00 00 00 00 00 00 00 00 00 00 00 00 00 00  ................
[    0.185112] NS announcement: 24 00 00 00 00 00 00 00                          $.......
[    0.185121] virtio_rpmsg_bus virtio0: creating channel rpmsg_bcove_adc addr 0x24
[    0.185197] NS announcement: 72 70 6d 73 67 5f 6d 72 66 6c 5f 6f 63 64 00 00  rpmsg_mrfl_ocd..
[    0.185206] NS announcement: 00 00 00 00 00 00 00 00 00 00 00 00 00 00 00 00  ................
[    0.185213] NS announcement: 26 00 00 00 00 00 00 00                          &.......
[    0.185222] virtio_rpmsg_bus virtio0: creating channel rpmsg_mrfl_ocd addr 0x26
[    0.185288] NS announcement: 72 70 6d 73 67 5f 6d 6f 6f 72 5f 74 68 65 72 6d  rpmsg_moor_therm
[    0.185297] NS announcement: 61 6c 00 00 00 00 00 00 00 00 00 00 00 00 00 00  al..............
[    0.185303] NS announcement: 29 00 00 00 00 00 00 00                          ).......
[    0.185312] virtio_rpmsg_bus virtio0: creating channel rpmsg_moor_thermal addr 0x29
[    0.185384] NS announcement: 72 70 6d 73 67 5f 6d 69 64 5f 70 6f 77 65 72 62  rpmsg_mid_powerb
[    0.185393] NS announcement: 74 6e 00 00 00 00 00 00 00 00 00 00 00 00 00 00  tn..............
[    0.185400] NS announcement: 10 00 00 00 00 00 00 00                          ........
[    0.185409] virtio_rpmsg_bus virtio0: creating channel rpmsg_mid_powerbtn addr 0x10
[    0.185475] NS announcement: 72 70 6d 73 67 5f 70 6d 69 63 5f 63 63 73 6d 00  rpmsg_pmic_ccsm.
[    0.185484] NS announcement: 00 00 00 00 00 00 00 00 00 00 00 00 00 00 00 00  ................
[    0.185490] NS announcement: 19 00 00 00 00 00 00 00                          ........
[    0.185499] virtio_rpmsg_bus virtio0: creating channel rpmsg_pmic_ccsm addr 0x19
[    0.185573] NS announcement: 72 70 6d 73 67 5f 69 32 63 5f 70 6d 69 63 5f 61  rpmsg_i2c_pmic_a
[    0.185582] NS announcement: 64 61 70 00 00 00 00 00 00 00 00 00 00 00 00 00  dap.............
[    0.185588] NS announcement: 20 00 00 00 00 00 00 00                           .......
[    0.185597] virtio_rpmsg_bus virtio0: creating channel rpmsg_i2c_pmic_adap addr 0x20
[    0.185666] NS announcement: 72 70 6d 73 67 5f 6d 73 69 63 5f 67 70 69 6f 00  rpmsg_msic_gpio.
[    0.185675] NS announcement: 00 00 00 00 00 00 00 00 00 00 00 00 00 00 00 00  ................
[    0.185682] NS announcement: 05 00 00 00 00 00 00 00                          ........
[    0.185691] virtio_rpmsg_bus virtio0: creating channel rpmsg_msic_gpio addr 0x5
[    0.185756] NS announcement: 72 70 6d 73 67 5f 6d 72 66 6c 64 5f 72 74 35 36  rpmsg_mrfld_rt56
[    0.185765] NS announcement: 34 37 5f 61 75 64 69 6f 00 00 00 00 00 00 00 00  47_audio........
[    0.185772] NS announcement: 21 00 00 00 00 00 00 00                          !.......
[    0.185781] virtio_rpmsg_bus virtio0: creating channel rpmsg_mrfld_rt5647_audio addr 0x21
[    0.185850] NS announcement: 72 70 6d 73 67 5f 69 70 63 5f 63 6f 6d 6d 61 6e  rpmsg_ipc_comman
[    0.185859] NS announcement: 64 00 00 00 00 00 00 00 00 00 00 00 00 00 00 00  d...............
[    0.185866] NS announcement: a0 00 00 00 00 00 00 00                          ........
[    0.185875] virtio_rpmsg_bus virtio0: creating channel rpmsg_ipc_command addr 0xa0
[    0.185941] NS announcement: 72 70 6d 73 67 5f 69 70 63 5f 73 69 6d 70 6c 65  rpmsg_ipc_simple
[    0.185950] NS announcement: 5f 63 6f 6d 6d 61 6e 64 00 00 00 00 00 00 00 00  _command........
[    0.185957] NS announcement: a1 00 00 00 00 00 00 00                          ........
[    0.185966] virtio_rpmsg_bus virtio0: creating channel rpmsg_ipc_simple_command addr 0xa1
[    0.186036] NS announcement: 72 70 6d 73 67 5f 69 70 63 5f 72 61 77 5f 63 6f  rpmsg_ipc_raw_co
[    0.186045] NS announcement: 6d 6d 61 6e 64 00 00 00 00 00 00 00 00 00 00 00  mmand...........
[    0.186053] NS announcement: a2 00 00 00 00 00 00 00                          ........
[    0.186061] virtio_rpmsg_bus virtio0: creating channel rpmsg_ipc_raw_command addr 0xa2
[    0.186128] NS announcement: 72 70 6d 73 67 5f 70 6d 69 63 00 00 00 00 00 00  rpmsg_pmic......
[    0.186137] NS announcement: 00 00 00 00 00 00 00 00 00 00 00 00 00 00 00 00  ................
[    0.186144] NS announcement: ff 00 00 00 00 00 00 00                          ........
[    0.186153] virtio_rpmsg_bus virtio0: creating channel rpmsg_pmic addr 0xff
[    0.186224] NS announcement: 72 70 6d 73 67 5f 6d 69 70 00 00 00 00 00 00 00  rpmsg_mip.......
[    0.186233] NS announcement: 00 00 00 00 00 00 00 00 00 00 00 00 00 00 00 00  ................
[    0.186240] NS announcement: ec 00 00 00 00 00 00 00                          ........
[    0.186248] virtio_rpmsg_bus virtio0: creating channel rpmsg_mip addr 0xec
[    0.186316] NS announcement: 72 70 6d 73 67 5f 66 77 5f 75 70 64 61 74 65 00  rpmsg_fw_update.
[    0.186325] NS announcement: 00 00 00 00 00 00 00 00 00 00 00 00 00 00 00 00  ................
[    0.186332] NS announcement: 13 00 00 00 00 00 00 00                          ........
[    0.186341] virtio_rpmsg_bus virtio0: creating channel rpmsg_fw_update addr 0x13
[    0.186412] NS announcement: 72 70 6d 73 67 5f 69 70 63 5f 75 74 69 6c 00 00  rpmsg_ipc_util..
[    0.186421] NS announcement: 00 00 00 00 00 00 00 00 00 00 00 00 00 00 00 00  ................
[    0.186428] NS announcement: 12 00 00 00 00 00 00 00                          ........
[    0.186437] virtio_rpmsg_bus virtio0: creating channel rpmsg_ipc_util addr 0x12
[    0.186505] NS announcement: 72 70 6d 73 67 5f 66 6c 69 73 00 00 00 00 00 00  rpmsg_flis......
[    0.186514] NS announcement: 00 00 00 00 00 00 00 00 00 00 00 00 00 00 00 00  ................
[    0.186521] NS announcement: f5 00 00 00 00 00 00 00                          ........
[    0.186529] virtio_rpmsg_bus virtio0: creating channel rpmsg_flis addr 0xf5
[    0.186601] NS announcement: 72 70 6d 73 67 5f 77 61 74 63 68 64 6f 67 00 00  rpmsg_watchdog..
[    0.186610] NS announcement: 00 00 00 00 00 00 00 00 00 00 00 00 00 00 00 00  ................
[    0.186617] NS announcement: f8 00 00 00 00 00 00 00                          ........
[    0.186626] virtio_rpmsg_bus virtio0: creating channel rpmsg_watchdog addr 0xf8
[    0.186695] NS announcement: 72 70 6d 73 67 5f 75 6d 69 70 00 00 00 00 00 00  rpmsg_umip......
[    0.186704] NS announcement: 00 00 00 00 00 00 00 00 00 00 00 00 00 00 00 00  ................
[    0.186711] NS announcement: 14 00 00 00 00 00 00 00                          ........
[    0.186720] virtio_rpmsg_bus virtio0: creating channel rpmsg_umip addr 0x14
[    0.186799] NS announcement: 72 70 6d 73 67 5f 6f 73 69 70 00 00 00 00 00 00  rpmsg_osip......
[    0.186807] NS announcement: 00 00 00 00 00 00 00 00 00 00 00 00 00 00 00 00  ................
[    0.186814] NS announcement: 15 00 00 00 00 00 00 00                          ........
[    0.186823] virtio_rpmsg_bus virtio0: creating channel rpmsg_osip addr 0x15
[    0.186892] NS announcement: 72 70 6d 73 67 5f 76 72 74 63 00 00 00 00 00 00  rpmsg_vrtc......
[    0.186901] NS announcement: 00 00 00 00 00 00 00 00 00 00 00 00 00 00 00 00  ................
[    0.186909] NS announcement: fa 00 00 00 00 00 00 00                          ........
[    0.186917] virtio_rpmsg_bus virtio0: creating channel rpmsg_vrtc addr 0xfa
[    0.186990] NS announcement: 72 70 6d 73 67 5f 66 77 5f 6c 6f 67 67 69 6e 67  rpmsg_fw_logging
[    0.186999] NS announcement: 00 00 00 00 00 00 00 00 00 00 00 00 00 00 00 00  ................
[    0.187006] NS announcement: 27 00 00 00 00 00 00 00                          '.......
[    0.187015] virtio_rpmsg_bus virtio0: creating channel rpmsg_fw_logging addr 0x27
[    0.187088] NS announcement: 72 70 6d 73 67 5f 6b 70 64 5f 6c 65 64 00 00 00  rpmsg_kpd_led...
[    0.187097] NS announcement: 00 00 00 00 00 00 00 00 00 00 00 00 00 00 00 00  ................
[    0.187104] NS announcement: 23 00 00 00 00 00 00 00                          #.......
[    0.187113] virtio_rpmsg_bus virtio0: creating channel rpmsg_kpd_led addr 0x23
[    0.187186] NS announcement: 72 70 6d 73 67 5f 6d 6f 64 65 6d 5f 6e 76 72 61  rpmsg_modem_nvra
[    0.187195] NS announcement: 6d 00 00 00 00 00 00 00 00 00 00 00 00 00 00 00  m...............
[    0.187202] NS announcement: a2 00 00 00 00 00 00 00                          ........
[    0.187211] virtio_rpmsg_bus virtio0: creating channel rpmsg_modem_nvram addr 0xa2
[    0.187281] NS announcement: 72 70 6d 73 67 5f 6d 69 64 5f 70 77 6d 00 00 00  rpmsg_mid_pwm...
[    0.187290] NS announcement: 00 00 00 00 00 00 00 00 00 00 00 00 00 00 00 00  ................
[    0.187297] NS announcement: 22 00 00 00 00 00 00 00                          ".......
[    0.187306] virtio_rpmsg_bus virtio0: creating channel rpmsg_mid_pwm addr 0x22
[    0.187384] virtio_rpmsg_bus virtio0: rpmsg host is online
[    0.187434] intel_mid_rpmsg rpmsg8: Probed rpmsg_ipc device rpmsg_ipc_command
[    0.187443] intel_mid_rpmsg rpmsg8: Allocating rpmsg_instance
[    0.187466] intel_mid_rpmsg rpmsg9: Probed rpmsg_ipc device rpmsg_ipc_simple_command
[    0.187475] intel_mid_rpmsg rpmsg9: Allocating rpmsg_instance
[    0.187497] intel_mid_rpmsg rpmsg10: Probed rpmsg_ipc device rpmsg_ipc_raw_command
[    0.187506] intel_mid_rpmsg rpmsg10: Allocating rpmsg_instance
[    0.187757] Advanced Linux Sound Architecture Driver Initialized.
[    0.187766] Intel MID platform detected, using MID PCI ops
[    0.187783] PCI: MMCONFIG for domain 0000 [bus 00-00] at [mem 0x7f600000-0x7f6fffff] (base 0x7f600000)
[    0.187793] PCI: MMCONFIG at [mem 0x7f600000-0x7f6fffff] reserved in E820
[    0.187815] PCI: Probing PCI hardware
[    0.187823] PCI: root bus 00: using default resources
[    0.187832] PCI: Probing PCI hardware (bus 00)
[    0.187931] PCI host bridge to bus 0000:00
[    0.187943] pci_bus 0000:00: root bus resource [io  0x0000-0xffff]
[    0.187953] pci_bus 0000:00: root bus resource [mem 0x00000000-0xfffffffff]
[    0.187962] pci_bus 0000:00: No busn resource found for root bus, will use [bus 00-ff]
[    0.187986] pci 0000:00:00.0: [8086:1470] type 00 class 0x060000
[    0.188146] pci 0000:00:01.0: [8086:1490] type 00 class 0x080501
[    0.188170] pci 0000:00:01.0: reg 10: [mem 0xff3fc000-0xff3fc0ff]
[    0.188232] pci 0000:00:01.0: PME# supported from D0 D3hot
[    0.188380] pci 0000:00:01.2: [8086:1491] type 00 class 0x080501
[    0.188403] pci 0000:00:01.2: reg 10: [mem 0xff3fa000-0xff3fa0ff]
[    0.188464] pci 0000:00:01.2: PME# supported from D0 D3hot
[    0.188594] pci 0000:00:01.3: [8086:1492] type 00 class 0x080501
[    0.188617] pci 0000:00:01.3: reg 10: [mem 0xff3fb000-0xff3fb0ff]
[    0.188677] pci 0000:00:01.3: PME# supported from D0 D3hot
[    0.188812] pci 0000:00:02.0: [8086:1480] type 00 class 0x038000
[    0.188841] pci 0000:00:02.0: reg 10: [mem 0xc0000000-0xc1ffffff]
[    0.188866] pci 0000:00:02.0: reg 18: [mem 0x80000000-0x9fffffff]
[    0.188891] pci 0000:00:02.0: reg 20: [io  0x7ff8-0x7fff]
[    0.189059] pci 0000:00:03.0: [8086:1478] type 00 class 0x048000
[    0.189086] pci 0000:00:03.0: reg 10: [mem 0xc2000000-0xc23fffff]
[    0.189271] pci 0000:00:04.0: [8086:1191] type 00 class 0x070002
[    0.189293] pci 0000:00:04.0: reg 10: [mem 0xff010000-0xff01007f]
[    0.189353] pci 0000:00:04.0: PME# supported from D0 D3hot
[    0.189482] pci 0000:00:04.1: [8086:1191] type 00 class 0x070002
[    0.189505] pci 0000:00:04.1: reg 10: [mem 0xff010080-0xff0100ff]
[    0.189565] pci 0000:00:04.1: PME# supported from D0 D3hot
[    0.189692] pci 0000:00:04.2: [8086:1191] type 00 class 0x070002
[    0.189715] pci 0000:00:04.2: reg 10: [mem 0xff010100-0xff01017f]
[    0.189775] pci 0000:00:04.2: PME# supported from D0 D3hot
[    0.189903] pci 0000:00:04.3: [8086:1191] type 00 class 0x070002
[    0.189926] pci 0000:00:04.3: reg 10: [mem 0xff010180-0xff0101ff]
[    0.189986] pci 0000:00:04.3: PME# supported from D0 D3hot
[    0.190118] pci 0000:00:05.0: [8086:1192] type 00 class 0x070002
[    0.190141] pci 0000:00:05.0: reg 10: [mem 0xff010400-0xff0107ff]
[    0.190201] pci 0000:00:05.0: PME# supported from D0 D3hot
[    0.190331] pci 0000:00:07.0: [8086:1194] type 00 class 0x088000
[    0.190354] pci 0000:00:07.0: reg 10: [mem 0xff188000-0xff188fff]
[    0.190414] pci 0000:00:07.0: PME# supported from D0 D3hot
[    0.190546] pci 0000:00:07.1: [8086:1194] type 00 class 0x088000
[    0.190569] pci 0000:00:07.1: reg 10: [mem 0xff189000-0xff189fff]
[    0.190630] pci 0000:00:07.1: PME# supported from D0 D3hot
[    0.190758] pci 0000:00:07.2: [8086:1194] type 00 class 0x088000
[    0.190780] pci 0000:00:07.2: reg 10: [mem 0xff18a000-0xff18afff]
[    0.190841] pci 0000:00:07.2: PME# supported from D0 D3hot
[    0.190973] pci 0000:00:08.0: [8086:1195] type 00 class 0x078000
[    0.190996] pci 0000:00:08.0: reg 10: [mem 0xff18b000-0xff18bfff]
[    0.191056] pci 0000:00:08.0: PME# supported from D0 D3hot
[    0.191184] pci 0000:00:08.1: [8086:1195] type 00 class 0x078000
[    0.191206] pci 0000:00:08.1: reg 10: [mem 0xff18c000-0xff18cfff]
[    0.191267] pci 0000:00:08.1: PME# supported from D0 D3hot
[    0.191400] pci 0000:00:08.2: [8086:1195] type 00 class 0x078000
[    0.191423] pci 0000:00:08.2: reg 10: [mem 0xff18d000-0xff18dfff]
[    0.191483] pci 0000:00:08.2: PME# supported from D0 D3hot
[    0.191611] pci 0000:00:08.3: [8086:1195] type 00 class 0x078000
[    0.191635] pci 0000:00:08.3: reg 10: [mem 0xff18e000-0xff18efff]
[    0.191716] pci 0000:00:08.3: PME# supported from D0 D3hot
[    0.191850] pci 0000:00:09.0: [8086:1196] type 00 class 0x078000
[    0.191873] pci 0000:00:09.0: reg 10: [mem 0xff18f000-0xff18ffff]
[    0.191933] pci 0000:00:09.0: PME# supported from D0 D3hot
[    0.192062] pci 0000:00:09.1: [8086:1196] type 00 class 0x078000
[    0.192085] pci 0000:00:09.1: reg 10: [mem 0xff190000-0xff190fff]
[    0.192145] pci 0000:00:09.1: PME# supported from D0 D3hot
[    0.192274] pci 0000:00:09.2: [8086:1196] type 00 class 0x078000
[    0.192296] pci 0000:00:09.2: reg 10: [mem 0xff191000-0xff191fff]
[    0.192356] pci 0000:00:09.2: PME# supported from D0 D3hot
[    0.192490] pci 0000:00:0a.0: [8086:1197] type 00 class 0x078000
[    0.192513] pci 0000:00:0a.0: reg 10: [mem 0xff3f8000-0xff3f8fff]
[    0.192573] pci 0000:00:0a.0: PME# supported from D0 D3hot
[    0.192702] pci 0000:00:0b.0: [8086:1198] type 00 class 0x108000
[    0.192725] pci 0000:00:0b.0: reg 10: [mem 0xf9038000-0xf903ffff]
[    0.192785] pci 0000:00:0b.0: PME# supported from D0 D3hot
[    0.192920] pci 0000:00:0c.0: [8086:1199] type 00 class 0x088000
[    0.192943] pci 0000:00:0c.0: reg 10: [mem 0xff008000-0xff008fff]
[    0.192957] pci 0000:00:0c.0: reg 14: [mem 0x000ccce0-0x000cccef]
[    0.193012] pci 0000:00:0c.0: PME# supported from D0 D3hot
[    0.193141] pci 0000:00:0d.0: [8086:1495] type 00 class 0x040100
[    0.193165] pci 0000:00:0d.0: reg 10: [mem 0x05e00000-0x05ffffff]
[    0.193180] pci 0000:00:0d.0: reg 14: [mem 0xff340000-0xff343fff]
[    0.193193] pci 0000:00:0d.0: reg 18: [mem 0xff344000-0xff344fff]
[    0.193207] pci 0000:00:0d.0: reg 1c: [mem 0xff2c0000-0xff2dffff]
[    0.193236] pci 0000:00:0d.0: reg 20: [mem 0xff300000-0xff33ffff]
[    0.193280] pci 0000:00:0d.0: PME# supported from D0 D3hot
[    0.193413] pci 0000:00:0e.0: [8086:1496] type 00 class 0x088000
[    0.193436] pci 0000:00:0e.0: reg 10: [mem 0xff298000-0xff29bfff]
[    0.193450] pci 0000:00:0e.0: reg 14: [mem 0xff2a2000-0xff2a2fff]
[    0.193505] pci 0000:00:0e.0: PME# supported from D0 D3hot
[    0.193649] pci 0000:00:10.0: [8086:119d] type 00 class 0x0c0320
[    0.193672] pci 0000:00:10.0: reg 10: [mem 0xf9060000-0xf907ffff]
[    0.193687] pci 0000:00:10.0: reg 14: [mem 0xffffa000-0xffffdfff]
[    0.193742] pci 0000:00:10.0: PME# supported from D0 D3hot
[    0.193870] pci 0000:00:11.0: [8086:119e] type 00 class 0x0c0320
[    0.193920] pci 0000:00:11.0: reg 10: [mem 0xf9100000-0xf911ffff]
[    0.193982] pci 0000:00:11.0: PME# supported from D0 D3hot
[    0.194114] pci 0000:00:12.0: [8086:119f] type 00 class 0xff0000
[    0.194137] pci 0000:00:12.0: reg 10: [mem 0xf9009000-0xf9009fff]
[    0.194152] pci 0000:00:12.0: reg 14: [mem 0xf90a0000-0xf90affff]
[    0.194165] pci 0000:00:12.0: reg 18: [mem 0xfa000000-0xfaffffff]
[    0.194216] pci 0000:00:12.0: PME# supported from D0 D3hot
[    0.194345] pci 0000:00:13.0: [8086:11a0] type 00 class 0x0b4000
[    0.194368] pci 0000:00:13.0: reg 10: [mem 0xff009000-0xff009fff]
[    0.194428] pci 0000:00:13.0: PME# supported from D0 D3hot
[    0.194556] pci 0000:00:14.0: [8086:11a1] type 00 class 0x0b4000
[    0.194579] pci 0000:00:14.0: reg 10: [mem 0xff00b000-0xff00bfff]
[    0.194639] pci 0000:00:14.0: PME# supported from D0 D3hot
[    0.194768] pci 0000:00:15.0: [8086:1497] type 00 class 0x088000
[    0.194791] pci 0000:00:15.0: reg 10: [mem 0xff192000-0xff192fff]
[    0.194850] pci 0000:00:15.0: PME# supported from D0 D3hot
[    0.194980] pci 0000:00:16.0: [8086:11a3] type 00 class 0x0b4000
[    0.195003] pci 0000:00:16.0: reg 10: [mem 0xff0d9000-0xff0d90ff]
[    0.195065] pci 0000:00:16.0: PME# supported from D0 D3hot
[    0.195194] pci 0000:00:16.1: [8086:11a4] type 00 class 0x0b4000
[    0.195217] pci 0000:00:16.1: reg 10: [mem 0x04900000-0x0497ffff]
[    0.195232] pci 0000:00:16.1: reg 14: [mem 0x04b19000-0x04b20fff]
[    0.195287] pci 0000:00:16.1: PME# supported from D0 D3hot
[    0.195426] pci 0000:00:17.0: [8086:1498] type 00 class 0x088000
[    0.195449] pci 0000:00:17.0: reg 10: [mem 0xff013400-0xff0137ff]
[    0.195509] pci 0000:00:17.0: PME# supported from D0 D3hot
[    0.195637] pci 0000:00:18.0: [8086:11a6] type 00 class 0x038000
[    0.195709] pci 0000:00:18.0: PME# supported from D0 D3hot
[    0.195839] pci 0000:00:1a.0: [8086:1499] type 00 class 0xff0000
[    0.195911] pci 0000:00:1a.0: PME# supported from D0 D3hot
[    0.196040] pci_bus 0000:00: busn_res: [bus 00-ff] end is updated to 00
[    0.196116] PCI: pci_cache_line_size set to 64 bytes
[    0.196198] e820: reserve RAM buffer [mem 0x00098000-0x0009ffff]
[    0.196207] e820: reserve RAM buffer [mem 0x05c00000-0x07ffffff]
[    0.196216] e820: reserve RAM buffer [mem 0x7f600000-0x7fffffff]
[    0.196631] nfc: nfc_init: NFC Core ver 0.1
[    0.196679] NET: Registered protocol family 39
[    0.197153] intel_scu_flis platform device created
[    0.197190] hsu core clock 38 M
[    0.197278] intel_pmu_driver 0000:00:14.0: PMU DRIVER Probe called
[    0.197770] intel_pmu_driver 0000:00:14.0: after pmu initialization
[    0.197830] Switching to clocksource refined-jiffies
[    0.306276] intel_scu_flis rpmsg15: Probed flis rpmsg device
[    0.306293] intel_scu_flis rpmsg15: Allocating rpmsg_instance
[    0.306364] intel_scu_flis intel_scu_flis: scu flis probed
[    0.306624] intel_msic_gpio rpmsg6: Probed msic_gpio rpmsg device
[    0.341812] pci_bus 0000:00: resource 4 [io  0x0000-0xffff]
[    0.341825] pci_bus 0000:00: resource 5 [mem 0x00000000-0xfffffffff]
[    0.341918] NET: Registered protocol family 2
[    0.342518] TCP established hash table entries: 32768 (order: 7, 524288 bytes)
[    0.342774] TCP bind hash table entries: 32768 (order: 8, 1048576 bytes)
[    0.343233] TCP: Hash tables configured (established 32768 bind 32768)
[    0.343340] TCP: reno registered
[    0.343369] UDP hash table entries: 2048 (order: 5, 196608 bytes)
[    0.343478] UDP-Lite hash table entries: 2048 (order: 5, 196608 bytes)
[    0.343779] NET: Registered protocol family 1
[    0.346059] PCI: CLS 0 bytes, default 64
[    0.346158] intel_scu_pmic rpmsg11: Probed pmic rpmsg device
[    0.346168] intel_scu_pmic rpmsg11: Allocating rpmsg_instance
[    0.346401] intel_scu_pmic rpmsg11: Set VDD1CNT_REG to Force PWM mode
[    0.346630] Trying to unpack rootfs image as initramfs...
[    0.542374] Freeing initrd memory: 4916k freed
[    0.544880] PCI-DMA: Using software bounce buffering for IO (SWIOTLB)
[    0.544898] software IO TLB [mem 0x7b600000-0x7f600000] (64MB) mapped at [ffff88007b600000-ffff88007f5fffff]
[    0.545042] pmic_reset_value_wa:134 ShadyCove ID_REG-val:2
[    0.545141] intel_scu_watchdog_evo rpmsg16: Probed watchdog rpmsg device
[    0.545153] intel_scu_watchdog_evo rpmsg16: Allocating rpmsg_instance
[    0.545417] intel_scu_ipcutil rpmsg14: Probed ipcutil rpmsg device
[    0.545429] intel_scu_ipcutil rpmsg14: Allocating rpmsg_instance
[    0.545510] (oshob) base addr = 0xfffff000
[    0.545518] (oshob) identified platform = INTEL_MID_CPU_CHIP_TANGIER|ANNIEDALE
[    0.545527] (oshob) oshob version = 1.4
[    0.545550] (latest extend oshob) osnib ptr = 0x00000000fffff800
[    0.545557] Using latest extended oshob structure size = 1024 bytes
[    0.545564] OSNIB Intel size = 32 bytes OEMNIB size = 96 bytes
[    0.545572] (extend oshob) SCU buffer size is 16 bytes
[    0.545600] [BOOT] RESETSRC0=0x00 RESETSRC1=0x00 (PMIT interrupt tree)
[    0.545634] [BOOT] SCU_TR[0]=0x00020011
[    0.545641] [BOOT] SCU_TR[1]=0x00000040
[    0.545647] [BOOT] SCU_TR[2]=0x00000000
[    0.545653] [BOOT] SCU_TR[3]=0x00000000
[    0.545658] [BOOT] IA_TR=0x00000000 (oshob)
[    0.545822] [BOOT] RR=[main] WD=0 ALARM=0x00 (osnib)
[    0.545829] [BOOT] WAKESRC=[real reset] (osnib)
[    0.545835] [BOOT] RESETSRC0=0x00 RESETSRC1=0x02 (osnib)
[    0.545865] OEMNIB interface registered to debugfs
[    0.545976] OSNIB interface registered to debugfs
[    0.546079] iio_basincove_gpadc rpmsg0: Probed bcove_gpadc rpmsg device
[    0.546476] bcove_adc bcove_adc: PMIC-ID: 2
[    0.546591] bcove_adc bcove_adc: ShadyCove PMIC not provisioned
[    0.546612] bcove_adc bcove_adc: bcove adc probed
[    0.547190] platform rtc_cmos: registered platform RTC device (no PNP device found)
[    0.547952] cryptomgr_test (41) used greatest stack depth: 6872 bytes left
[    0.551490] sha1_ssse3: Using SSSE3 optimized SHA-1 implementation
[    0.551585] sha256_ssse3: Using SSSE3 optimized SHA-256 implementation
[    0.551678] sha512_ssse3: Using SSSE3 optimized SHA-512 implementation
[    0.551775] AVX or AES-NI instructions are not detected.
[    0.551784] AVX instructions are not detected.
[    0.551790] AVX instructions are not detected.
[    0.551796] AVX instructions are not detected.
[    0.551801] AVX instructions are not detected.
[    0.551806] AVX2 or AES-NI instructions are not detected.
[    0.551812] AVX2 instructions are not detected.
[    0.572418] console [pstore-1] enabled
[    0.572468] ramoops: attached 0x219000@0xfde7000, ecc: 0/0
[    0.572584] intel_regulator: probe of intel_regulator.1000 failed with error -22
[    0.572665] intel_regulator: probe of intel_regulator.1001 failed with error -22
[    0.572747] intel_regulator: probe of intel_regulator.1002 failed with error -22
[    0.572821] intel_regulator: probe of intel_regulator.1003 failed with error -22
[    0.572899] intel_regulator: probe of intel_regulator.1004 failed with error -22
[    0.572973] intel_regulator: probe of intel_regulator.1007 failed with error -22
[    0.573050] intel_regulator: probe of intel_regulator.1005 failed with error -22
[    0.573124] intel_regulator: probe of intel_regulator.1006 failed with error -22
[    0.573492] vprog1: 1500 <--> 2800 mV at 1500 mV normal 
[    0.573880] vprog2: 1500 <--> 2850 mV at 1500 mV normal 
[    0.574265] vprog3: 1050 <--> 2900 mV at 2900 mV normal 
[    0.574642] vflex: 4500 <--> 5000 mV at 5000 mV normal 
[    0.574872] camera pdata: I2C bus = 4, name =           imx219, irq = 0x 0, addr = 0x1a
[    0.575276] Initialise module verification
[    0.575389] audit: initializing netlink socket (disabled)
[    0.575422] type=2000 audit(1506406907.540:1): initialized
[    0.582828] fuse init (API version 7.22)
[    0.583110] msgmni has been set to 7808
[    0.583332] SELinux:  Registering netfilter hooks
[    0.585660] Key type asymmetric registered
[    0.585677] Asymmetric key parser 'x509' registered
[    0.585834] Block layer SCSI generic (bsg) driver version 0.4 loaded (major 249)
[    0.585957] io scheduler noop registered
[    0.586075] io scheduler cfq registered (default)
[    0.586356] intel_idle: MWAIT substates: 0x33000020
[    0.586366] intel_idle: v0.4 model 0x5A
[    0.586374] intel_idle: lapic_timer_reliable_states 0xffffffff
[    0.586382] intel_idle: cpuidle: target_residency[0]= 4
[    0.586390] intel_idle: cpuidle: target_residency[1]= 560
[    0.586397] intel_idle: cpuidle: target_residency[2]= 4000
[    0.586405] intel_idle: cpuidle: target_residency[3]= 20000
[    0.586571] intel_mid_dma 0000:00:0e.0: setting latency timer to 64
[    0.592354] intel_mid_dma 0000:00:15.0: setting latency timer to 64
[    0.604022] Non-volatile memory driver v1.3
[    0.604290] Linux agpgart interface v0.103
[    0.604520] [drm] Initialized drm 1.1.0 20060810
[    0.604586] [SMB1357] smb1357_init +++
[    0.609402] brd: module loaded
[    0.611940] loop: module loaded
[    0.612038] stm_dvc_io: stm_dvc_io_init: module init
[    0.612049] Registering DvC device hooks: ffffffff8315ed60
[    0.612057] DvC device registered
[    0.612154] enter bcm2079x_dev_init
[    0.722267] xmm2230 spi6.1: Modem reset timeout: (state:1)
[    0.722463] tun: Universal TUN/TAP device driver, 1.6
[    0.722474] tun: (C) 1999-2004 Max Krasnyansky <maxk@qualcomm.com>
[    0.722550] PPP generic driver version 2.4.2
[    0.722653] PPP BSD Compression module registered
[    0.722663] PPP Deflate Compression module registered
[    0.722685] PPP MPPE Compression module registered
[    0.722694] NET: Registered protocol family 24
[    0.722744] usbcore: registered new interface driver asix
[    0.722783] usbcore: registered new interface driver cdc_subset
[    0.722843] usbcore: registered new interface driver cdc_ncm
[    0.722988] dwc3_otg 0000:00:11.0: setting latency timer to 64
[    0.723902] ehci_hcd: USB 2.0 'Enhanced' Host Controller (EHCI) Driver
[    0.723913] ehci-pci: EHCI PCI platform driver
[    0.723996] ehci-intel-hsic 0000:00:10.0: setting latency timer to 64
[    0.724620] ehci-intel-hsic 0000:00:10.0: EHCI Host Controller
[    0.724737] ehci-intel-hsic 0000:00:10.0: new USB bus registered, assigned bus number 1
[    0.724755] ehci-intel-hsic 0000:00:10.0: Detected HSIC HC
[    0.724765] ehci-intel-hsic 0000:00:10.0: HCD SRAM enable 1
[    0.724775] ehci-intel-hsic 0000:00:10.0: Found HCD SRAM at ffffa000 size:4000
[    0.727185] ehci-intel-hsic 0000:00:10.0: irq 36, io mem 0xf9060000
[    0.742317] ehci-intel-hsic 0000:00:10.0: USB c.2 started, EHCI 1.10
[    0.742388] usb usb1: New USB device found, idVendor=1d6b, idProduct=0002
[    0.742400] usb usb1: New USB device strings: Mfr=3, Product=2, SerialNumber=1
[    0.742410] usb usb1: Product: EHCI Host Controller
[    0.742419] usb usb1: Manufacturer: Linux 3.10.72-x86_64_moor-gb6d574d ehci_hcd
[    0.742428] usb usb1: SerialNumber: 0000:00:10.0
[    0.742696] hub 1-0:1.0: USB hub found
[    0.742722] hub 1-0:1.0: 2 ports detected
[    0.772675] usbcore: registered new interface driver cdc_acm
[    0.772686] cdc_acm: USB Abstract Control Model driver for USB modems and ISDN adapters
[    0.772740] usbcore: registered new interface driver usb-storage
[    0.772828] usbcore: registered new interface driver usbserial
[    0.772862] usbcore: registered new interface driver pl2303
[    0.772897] usbserial: USB Serial support registered for pl2303
[    0.772936] usbcore: registered new interface driver usb_tm
[    0.773285] usbcore: registered new interface driver xpad
[    0.773322] usbcore: registered new interface driver usb_acecad
[    0.773362] usbcore: registered new interface driver aiptek
[    0.773397] usbcore: registered new interface driver gtco
[    0.773432] usbcore: registered new interface driver hanwang
[    0.773467] usbcore: registered new interface driver kbtab
[    0.773504] usbcore: registered new interface driver wacom
[    0.773536] [ftxxxx] Successfully added driver ftxxxx_ts
[    0.773664] [SFI][ANDROIDBOOTCHECK]READ_BOOT_MODE called, mode=1
[    0.773889] [hall_sensor] hall_sensor gpio = 45
[    0.773976] [hall_sensor] hall_sensor irq = 301
[    0.774201] input: lid_input as /devices/virtual/input/input0
[    0.774289] [hall_sensor] hall_sensor connect to handler
[    0.774567] [hall_sensor] hall_sensor_interrupt = 301
[    0.774954] rtc_cmos rtc_cmos: rtc core: registered rtc_cmos as rtc0
[    0.775026] rtc_cmos rtc_cmos: alarms up to one month, 114 bytes nvram
[    0.775056] i2c /dev entries driver
[    0.775202] intel_rapl: RAPL domain uncore detection failed
[    0.775213] intel_rapl: RAPL domain dram detection failed
[    0.776276] scove_thrm rpmsg2: Probed moor_thermal rpmsg device
[    0.783522] device-mapper: uevent: version 1.0.3
[    0.783701] device-mapper: ioctl: 4.24.0-ioctl (2013-01-15) initialised: dm-devel@redhat.com
[    0.784169] cpuidle: using governor ladder
[    0.784453] cpu 3: max_range = 20000, #buckets = 2000, width = 10
[    0.784548] cpu 2: max_range = 20000, #buckets = 2000, width = 10
[    0.784640] cpu 1: max_range = 20000, #buckets = 2000, width = 10
[    0.784732] cpu 0: max_range = 20000, #buckets = 2000, width = 10
[    0.784740] cpuidle: using governor menu
[    0.784775] sdhci: Secure Digital Host Controller Interface driver
[    0.784784] sdhci: Copyright(c) Pierre Ossman
[    0.784822] sdhci-pci 0000:00:01.0: SDHCI controller found [8086:1490] (rev 2)
[    0.784922] sdhci-pci 0000:00:01.0: setting latency timer to 64
[    0.784940] mmc0: no vqmmc regulator found
[    0.833714] [hall_sensor] SW_LID check value = 0
[    0.867089] mmc0: BKOPS_EN bit is not set
[    0.867102] mmc0: health = 0x1 0x1 0x1, ext_csd.rev = 7
[    0.891783] mmc0: new HS200 MMC card at address 0001
[    0.892151] mmcblk0: mmc0:0001 HBG4e 29.1 GiB 
[    0.892312] mmcblk0boot0: mmc0:0001 HBG4e partition 1 4.00 MiB
[    0.892471] mmcblk0boot1: mmc0:0001 HBG4e partition 2 4.00 MiB
[    0.892634] mmcblk0rpmb: mmc0:0001 HBG4e partition 3 4.00 MiB
[    0.892647] mmc0: enther dis_cache_mmc.
[    0.893759] [hall_sensor] SW_LID check value = 0
[    0.896678]  mmcblk0: p1 p2 p3 p4 p5 p6 p7 p8 p9 p10 p11 p12 p13 p14 p15 p16 p17 p18 p19
[    0.900701]  mmcblk0boot1: unknown partition table
[    0.902639]  mmcblk0boot0: unknown partition table
[    0.902826] mmc0: SDHCI controller on PCI [0000:00:01.0] using ADMA
[    0.912452] sdhci-pci 0000:00:01.2: SDHCI controller found [8086:1491] (rev 2)
[    0.942486] sdhci-pci 0000:00:01.2: setting latency timer to 64
[    0.942505] mmc1: no vqmmc regulator found
[    0.942684] mmc1: mmc_detect_change, SD card is non-present
[    0.942707] mmc1: SDHCI controller on PCI [0000:00:01.2] using ADMA
[    0.942924] sdhci-pci 0000:00:01.3: SDHCI controller found [8086:1492] (rev 2)
[    0.942982] vwlan gpio 96
[    0.943234] vwlan: 1800 mV 
[    0.943342] sdhci-pci 0000:00:01.3: setting latency timer to 64
[    0.943357] mmc2: no vqmmc regulator found
[    0.943559] mmc2: SDHCI controller on PCI [0000:00:01.3] using ADMA
[    0.952683] hidraw: raw HID events driver (C) Jiri Kosina
[    0.953792] [hall_sensor] SW_LID check value = 0
[    0.953810] [hall_sensor] SW_LID report value = 0
[    0.954200] usbcore: registered new interface driver usbhid
[    0.954210] usbhid: USB HID core driver
[    0.954313] sep54: sep_setup:4428: Discretix sep54 Driver initializing...
[    0.954337] sep54: sep_setup:4486: regbase_phys=0xffff880079d62c00..0xffff880079d62c08
[    0.954346] sep54: sep_setup:4487: regbase_virt=0xffffc90000430000
[    0.954354] sep54: sep_setup:4490: FPGA ver. = UNKNOWN
[    0.954379] sep54: dx_sep_state_change_handler:92: State=0x00000010 Status/RetCode=0x00000000
[    0.954428] sep54: sep_setup:4530: sep54 at 0xffffc90000430000 mapped to interrupt 33
[    1.054472] sep54: sepinit_get_fw_props:738: ROM Ver.=0x01020501 , FW Ver.=0x01030100
[    1.054472] SEP queues=2, Ctx.Cache#ent.=8 , MLLIsize=480 B
[    1.054486] sep54: sep_setup:4563: Expected FW version 1.0.0 but got 1.3.1
[    1.054494] sep54: sep_setup:4587: q_num=2
[    1.054812] sep54: dx_sep_state_change_handler:92: State=0x00000400 Status/RetCode=0x00000000
[    1.054852] sep54: sepinit_wait_for_fw_init_done:767: DONE_FW_INIT
[    1.055384] sep54: rpmb_agent:4161: RPMB AGENT BLOCKED
[    1.055440] sep54: sep_mmc_read:4292: SEP MMC READ BLOCKED
[    1.055488] sep54: sep_mmc_write:4366: SEP MMC WRITE BLOCKED
[    1.056041] sep54: dx_sep_state_change_handler:92: State=0x00000800 Status/RetCode=0x00000000
[    1.056248] sep54: dx_sep_state_change_handler:92: State=0x00001000 Status/RetCode=0x00000000
[    1.063950] Mounting
[    1.064435] zram: Created 1 device(s) ...
[    1.064730] ashmem: initialized
[    1.064876] logger: created 512K log 'log_main'
[    1.065126] logger: created 256K log 'log_events'
[    1.065245] logger: created 256K log 'log_radio'
[    1.065361] logger: created 256K log 'log_system'
[    1.065412] lowmemorykiller: DRAM total size = 4065M, Is 4G device = 1
[    1.065472] intel_scu_fw_update rpmsg13: Probed fw_update rpmsg device
[    1.065490] intel_scu_fw_update rpmsg13: Allocating rpmsg_instance
[    1.065557] intel_scu_fw_update rpmsg13: Getting current fw version
[    1.065865] SCU BS Version: 00B0.0001
[    1.065881] SCU RT Version: 00B0.0035
[    1.065891] IA32FW Version: 0002.0016
[    1.065899] ValHooks Version: 005E.0031
[    1.065907] IFWI Version: 0094.0183
[    1.065915] CHAABI Version: 006E.0801
[    1.065922] mIA Version: 00B0.3230
[    1.065930] PUnit Version: 0000.0032
[    1.065937] uCode Version: 0000.0038
[    1.066132] PMIC NVM Version: 1C
[    1.066209] intel_modem_nvram rpmsg22: Probed modem NVRAM rpmsg device
[    1.066227] intel_modem_nvram rpmsg22: Allocating rpmsg_instance
[    1.066269] Modem NVRAM: ADDR: 0x00000000fffff880
[    1.066283] Modem NVRAM: SIZE: 0x80
[    1.066502] bcove_bcu rpmsg1: Probed mrfl_ocd rpmsg device
[    1.068750] hwmon hwmon9: EM_BCU: Error in getting battery voltage
[    1.069856] hwmon hwmon9: DEBUGFS bcove_bcu created successfully.
[    1.114229] [LED] asus_led_probe +++
[    1.114393] [LED] asus_led_probe ---
[    1.124292] enter bcm2079x_probe
[    1.124313] bcm2079x-i2c 5-0076: bcm2079x_probe, probing bcm2079x driver flags = 0
[    1.124620] bcm2079x-i2c 5-0076: requesting IRQ 430
[    1.124739] enter bcm2079x_disable_irq
[    1.124770] bcm2079x-i2c 5-0076: bcm2079x_probe, probing bcm2079x driver exited successfully
[    1.144263] [ftxxxx] ftxxxx_ts_probe start
[    1.144282] [ftxxxx] Read_PROJ_ID: 1f
[    1.144427] 
[    1.144427] [ftxxxx] Create workqueue success
[    1.144548] 
[    1.144548] [ftxxxx] Create usb detect workqueue success
[    1.144579] [ftxxxx] max x= 1079, max y= 1919, gpio irq = 120,  ts irq = 120
[    1.144606] [ftxxxx] irq = 376
[    1.144705] [ftxxxx] gpio_request reset gpio Num: 191
[    1.144801] [ftxxxx] gpio_request int gpio Num: 120
[    1.144815] [ftxxxx] config_pm exit
[    1.145140] input: ftxxxx_ts as /devices/virtual/input/input1
[    1.155065] mmc1: Set V_3P30_SW to Disable
[    1.372894] [FTS] fts_ctpm_auto_upgrade start
[    1.486606] mmc2: queuing unknown CIS tuple 0x91 (3 bytes)
[    1.486642] mmc2: new ultra high speed SDR104 SDIO card at address 0001
[    1.544120] Switching to clocksource tsc
[    1.804893] [FTS] Vendor ID = 0x70 
[    2.604573] [FTS] Project code = ZE551ML 
[    2.914345] [FTS] FTXXXX_REG_VENDOR_ID: 0xa8
[    2.914433] [FTS] Device TP vendor id(0xA8): 0x71
[    2.914467] [FTS] Device TP vendor id(0xD784): 0x70
[    2.914495] [FTS] Device TP project code(0xD7A0): ZE551ML
[    2.914522] [FTS] Project: ZE551ML, LCD: TM, TP: LCE
[    2.914765] [FTS] FTXXXX_REG_FW_VER: 0xa6
[    2.914821] [FTS] Device TP FW version: 0xc3
[    2.914851] [FTS] Image TP FW version: 0xc3
[    2.914878] [FTS] fts_ctpm_auto_upgrade end
[    2.915193] [FTS] Firmware version = 0xc3
[    2.915402] [FTS] report rate is 110Hz.
[    2.915603] [FTS] touch threshold is 160.
[    2.915816] [FTS] VENDOR ID = 0x71
[    2.918608] [ftxxxx] ftxxxx_ts_probe end
[    2.918862] i2c_pmic rpmsg5: Probed pmic_i2c rpmsg device
[    2.920199] [SMB1357] smb1357_probe +++
[    2.920598] [SMB1357] set Charger QC control
[    2.920611] query_cable_status, charging type=0
[    2.920620] [SMB1357] cable_status_notify2: action = 0
[    2.920628] [SMB1357] cable_status_notify2 CHRG_UNKNOWN !!!
[    2.920636] [SMB1357] inok pin low but detect no charging, wait 500ms
[    3.424268] [SMB1357] inok pin low but detect no charging, ignore
[    3.427200] [SMB1357] smb1357_probe: first status is charging, wake lock
[    3.427233] [SMB1357] smb1357_probe: first status is charging, detect charging type
[    3.427247] [SMB1357] smb1357_probe: set CHRG_SDP first !!!
[    3.427256] [SMB1357] setSMB1357Charger +++, usb state=0, not_ready_flag=1
[    3.427270] [SMB1357] usb_state: USB_IN
[    3.427279] [BATT] usb_to_battery_callback
[    3.427288] [SMB1357] smb1357_set_fast_charge +++
[    3.448546] [SMB1357] smb1357_charging_toggle +++ charging toggle: OFF 
[    3.453323] [SMB1357] smb1357_set_voltage +++ set float voltage: 4.38V 
[    3.456844] [SMB1357] smb1357_charging_toggle +++ charging toggle: ON 
[    3.461619] [SMB1357] smb1357_watchdog_timer_enable +++
[    3.466403] [SMB1357] smb1357_control_JEITA +++ control_JEITA: on 
[    3.470056] [SMB1357] write CFG_TEMP_BEHAVIOR_REG 0x1A = 0x00
[    3.472453] [SMB1357] write control JEITA, Set Hard Hot Limit 0x1B = 0x71
[    3.473605] [BATT_ERR] Battery module not ready
[    3.473661] [SMB1357] smb1357_probe ---
[    3.473877] intel_fabric_logging rpmsg20: Probed fw_logging rpmsg device
[    3.473895] intel_fabric_logging rpmsg20: Allocating rpmsg_instance
[    3.473958] intel_fabric_logging: intel_fw_logging_init: No SCU log magic found!
[    3.473974] scu_ipc_get_fabricerror_buf2_offset: not supported for this platform!
[    3.473983] intel_fabric_logging: intel_fw_logging_init: OSHOB Fabric error buf2 not present (not available on all platforms)
[    3.474021] intel_fabric_logging: fw_error_found: no fabric error indicator
[    3.474035] intel_fabric_logging: fw_logging_crash_on_boot: No valid stored SCU errors found in SRAM
[    3.474291] intel_fabric_logging: intel_fw_logging_init: New SCU trace buffer SRAM addr is: 0xFFFFE000
[    3.474308] intel_fabric_logging: intel_fw_logging_init: New SCU trace buffer size (via IPC) is: 0x00000978
[    3.474317] intel_fabric_logging: intel_fw_logging_init: New SCU trace ring buffer (via IPC) size is: 0x00000104
[    3.474382] intel_fabric_logging: intel_fw_logging_init: Unexpected result for IPC_CMD_SCU_EN_STATUS
[    3.474391] intel_fabric_logging: intel_fw_logging_init: rbuf[0] is: 0x00000000
[    3.474399] intel_fabric_logging: intel_fw_logging_init: rbuf[1] is: 0x00000978
[    3.474406] intel_fabric_logging: intel_fw_logging_init: rbuf[2] is: 0x00000104
[    3.474413] intel_fabric_logging: intel_fw_logging_init: rbuf[3] is: 0x00000000
[    3.474698] emmc_ipanic: init success
[    3.474735] mdm_ctrl: probing mdm_ctrl
[    3.474746] mdm_ctrl: cpu: 5 pmic: 5.
[    3.474754] mdm_ctrl: number of modems: 2
[    3.474944] mdm_ctrl mdm_ctrl_module_probe: Modem 0 initialized
[    3.475092] mdm_ctrl mdm_ctrl_module_probe: Modem 1 initialized
[    3.475106] mdm_ctrl: MCD initialization successful
[    3.475218] mdm_apcdmp: driver loaded
[    3.475228] devone driver(major 239) installed.
[    3.475244] mdm_apcdmp: mdm_apcdmp_gpio_init gpio_6
[    3.475256] mdm_apcdmp: mdm_apcdmp_gpio_init gpio_0
[    3.475291] intel_mid_osip rpmsg18: Probed OSIP rpmsg device
[    3.475301] osip_init: shutdown_notifier registered
[    3.475310] osip_init: reboot_target registered
[    3.486726] access_osip_record: corrupted osip!
[    3.487437] access_osip_record: corrupted osip!
[    3.488102] access_osip_record: corrupted osip!
[    3.488346] HSU DMA 0000:00:05.0: FUNC: 0 driver: 5 addr:ff010400 len:400
[    3.488453] emmc_ipanic: panic partition found, label:panic, device:mmcblk0p11
[    3.488988] emmc_ipanic: emmc_panic_notify_add: bad magic 0, no data available
[    3.491695] HSU serial 0000:00:04.0: FUNC: 0 driver: 0 addr:ff010000 len:80
[    3.491740] HSU serial 0000:00:04.1: FUNC: 1 driver: 0 addr:ff010080 len:80
[    3.491801] Found a Intel HSU
[    3.492025] 0000:00:04.1: ttyMFD0 at MMIO 0xff010080 (irq = 28) is a hsu_bt_port_p
[    3.492254] HSU serial 0000:00:04.2: FUNC: 2 driver: 0 addr:ff010100 len:80
[    3.492296] Found a Intel HSU
[    3.492421] 0000:00:04.2: ttyMFD1 at MMIO 0xff010100 (irq = 29) is a hsu_modem_port_p
[    3.492611] HSU serial 0000:00:04.3: FUNC: 3 driver: 0 addr:ff010180 len:80
[    3.492654] Found a Intel HSU
[    3.492774] 0000:00:04.3: ttyMFD2 at MMIO 0xff010180 (irq = 86) is a hsu_gps_port_p
[    3.493078] intel_mid_gps probe called
[    3.493208] Project ID is ZX550ML, M10MO init... ()
[    3.493695] usbcore: registered new interface driver snd-usb-audio
[    3.494021] rt5647_i2c_probe: success
[    3.494139] snd_soc_sst_platform: dpcm enabled; overriding stream map
[    3.494223] snd_intel_sst: INFO: ******** SST DRIVER loading.. Ver: 3.0.8
[    3.494507] snd_intel_sst: Got drv data max stream 26
[    3.495650] snd_intel_sst: intel_sst_probe successfully done!
[    3.495705] snd_intel_sst: runtime_idle called
[    3.495718] snd_intel_sst: runtime_suspend called
[    3.495914] oprofile: using NMI interrupt.
[    3.496117] u32 classifier
[    3.496132]     Actions configured
[    3.496155] Netfilter messages via NETLINK v0.30.
[    3.496230] nf_conntrack version 0.5.0 (16384 buckets, 65536 max)
[    3.496606] ctnetlink v0.93: registering with nfnetlink.
[    3.496726] NF_TPROXY: Transparent proxy support initialized, version 4.1.0
[    3.496742] NF_TPROXY: Copyright (c) 2006-2007 BalaBit IT Ltd.
[    3.496995] xt_time: kernel timezone is -0000
[    3.497217] ip_tables: (C) 2000-2006 Netfilter Core Team
[    3.497374] arp_tables: (C) 2002 David S. Miller
[    3.497443] TCP: cubic registered
[    3.497469] Initializing XFRM netlink socket
[    3.497872] NET: Registered protocol family 10
[    3.498534] mip6: Mobile IPv6
[    3.498588] ip6_tables: (C) 2000-2006 Netfilter Core Team
[    3.498759] sit: IPv6 over IPv4 tunneling driver
[    3.499158] NET: Registered protocol family 17
[    3.499202] NET: Registered protocol family 15
[    3.499259] l2tp_core: L2TP core driver, V2.0
[    3.499316] Key type dns_resolver registered
[    3.500183] info[ 0]: name = power_btn, gpio = -1
[    3.500203] info[ 1]: name = prog_btn1, gpio = -1
[    3.500213] info[ 2]: name = prog_btn2, gpio = -1
[    3.500222] info[ 3]: name = lid_switch, gpio = -1
[    3.500231] info[ 4]: name = vol_up, gpio = -1
[    3.500240] info[ 5]: name = vol_down, gpio = -1
[    3.500248] info[ 6]: name = CAMERA_KEY#_2, gpio = -1
[    3.500257] info[ 7]: name = CAMERA_KEY#_1, gpio = -1
[    3.500265] info[ 8]: name = CAMERA_KEY#_Vide, gpio = -1
[    3.500274] info[ 9]: name = MagSw1, gpio = -1
[    3.500282] info[10]: name = MagSw2, gpio = -1
[    3.500291] info[11]: name = cam_capture, gpio = -1
[    3.500299] info[12]: name = cam_but_fw_rec, gpio = -1
[    3.500308] info[13]: name = cam_focus, gpio = -1
[    3.500316] info[14]: name = fp_menu_key, gpio = -1
[    3.500324] info[15]: name = DOME_SW_N, gpio = -1
[    3.500333] info[16]: name = fp_search_key, gpio = -1
[    3.500341] info[17]: name = fp_back_key, gpio = -1
[    3.500349] info[18]: name = volume_up, gpio = 62
[    3.500358] info[19]: name = volume_down, gpio = 61
[    3.500366] info[20]: name = mute_enable, gpio = -1
[    3.500374] info[21]: name = camera0_sb1, gpio = -1
[    3.500383] info[22]: name = camera0_sb2, gpio = -1
[    3.500887] Loading module verification certificates
[    3.504376] MODSIGN: Loaded cert 'Magrathea: Glacier signing key: 5c794e77142669dc09d776ee6c4b26f1910bc0e8'
[    3.504420] registered taskstats version 1
[    3.505052] vwlan: incomplete constraints, leaving on
[    3.505636] vprog3: incomplete constraints, leaving on
[    3.505993] regulator-dummy: incomplete constraints, leaving on
[    3.506020] [MM8033] mm8033_init +++
[    3.506074] [MM8033] mm8033_probe ++
[    3.623938] [MM8033] BATTERY is NVT
[    3.643910] [MM8033] para=0x0106, val=4370
[    3.643929] [MM8033] mm8033_checkRamData +++
[    3.663920] [MM8033] GETPARAMETER
[    3.723898] [MM8033] mm8033_checkRamData ---
[    3.723916] [MM8033] checkdevice success
[    3.723925] [MM8033] init asus battery
[    3.723935] [BATT] asus_battery_init, 0, 0, 0x00000000
[    3.725309] [BATT] asus_battery_init: success
[    3.725395] [BATT] asus_register_power_supply
[    3.884074] [MM8033] mm8033_read_percentage start smooth algo, soc last=0, soc now=100, temp = 295
[    3.884164] [BATT] Init the battery percentage values = 100
[    3.884206] [BATT] asus_battery_update_status_no_mutex , cable status = 2, percentage = 100
[    3.924092] [SMB1357] query_DCPmode_worker +++
[    3.926810] [SMB1357] detect SDP, no action!
[    3.926825] [SMB1357] dcp_count=1, hvdcp_mode=0, dcp_mode=0, chr_suspend_flag=0
[    3.944057] [BATT] get temperature:295 from gauge
[    3.944150] [SMB1357] smb1357_set_voltage +++ set float voltage: 4.38V 
[    3.951766] [SMB1357] smb1357_set_Ichg +++
[    3.954886] [SMB1357] set Ichg 2800mA!
[    3.957364] [SMB1357] smb1357_charging_toggle +++ charging toggle: ON 
[    3.962253] [BATT] battery status = POWER_SUPPLY_STATUS_FULL
[    4.014006] [BATT] WA for full-charged issue, full_charged_flag=0, pre_soc=0, percentage=100, cable_status=2
[    4.014040] [BATT] battery info (P:100 %, V:4370 mV, C:105 mA, T:295 C)
[    4.014127] [BATT] asus_register_power_supply register OK.
[    4.014156] [MM8033] create_battery_status_proc_file
[    4.014196] [MM8033] create battery_status_proc_file sucessed!
[    4.014211] [MM8033] mm8033_probe --
[    4.014273] [MM8033] mm8033_init ---
[    4.014290] [MAX17058] max17058_init +++
[    4.014298] [MAX17058] Project version is NOT ZX550ML, so donot init
[    4.014492] console [netcon0] enabled
[    4.014508] netconsole: network logging started
[    4.014701] file system registered
[    4.015953] android_usb gadget: Mass Storage Function, version: 2009/09/11
[    4.015980] android_usb gadget: Number of LUNs=1
[    4.016007]  lun0: LUN: removable file: (no medium)
[    4.016477] android_usb gadget: android_usb ready
[    4.016956] input: gpio-keys as /devices/platform/gpio-keys/input/input2
[    4.017356] rtc_cmos rtc_cmos: setting system clock to 2017-09-26 06:21:51 UTC (1506406911)
[    4.017376] APIC ID: 0
[    4.017385] APIC ID: 2
[    4.017392] APIC ID: 6
[    4.017399] APIC ID: 4
[    4.017453] Num p-states 23
[    4.017470] State [0]: core_frequency[2333] transition_latency[100] control[0x1c52]
[    4.017479] State [1]: core_frequency[2250] transition_latency[100] control[0x1b50]
[    4.017487] State [2]: core_frequency[2166] transition_latency[100] control[0x1a4e]
[    4.017495] State [3]: core_frequency[2083] transition_latency[100] control[0x194c]
[    4.017503] State [4]: core_frequency[2000] transition_latency[100] control[0x1849]
[    4.017512] State [5]: core_frequency[1916] transition_latency[100] control[0x1747]
[    4.017519] State [6]: core_frequency[1833] transition_latency[100] control[0x1645]
[    4.017528] State [7]: core_frequency[1750] transition_latency[100] control[0x1543]
[    4.017536] State [8]: core_frequency[1666] transition_latency[100] control[0x1440]
[    4.017544] State [9]: core_frequency[1583] transition_latency[100] control[0x133e]
[    4.017552] State [10]: core_frequency[1500] transition_latency[100] control[0x123c]
[    4.017560] State [11]: core_frequency[1416] transition_latency[100] control[0x113a]
[    4.017568] State [12]: core_frequency[1333] transition_latency[100] control[0x1037]
[    4.017576] State [13]: core_frequency[1250] transition_latency[100] control[0xf37]
[    4.017584] State [14]: core_frequency[1166] transition_latency[100] control[0xe36]
[    4.017592] State [15]: core_frequency[1083] transition_latency[100] control[0xd35]
[    4.017600] State [16]: core_frequency[1000] transition_latency[100] control[0xc34]
[    4.017608] State [17]: core_frequency[916] transition_latency[100] control[0xb34]
[    4.017616] State [18]: core_frequency[833] transition_latency[100] control[0xa33]
[    4.017624] State [19]: core_frequency[750] transition_latency[100] control[0x932]
[    4.017632] State [20]: core_frequency[666] transition_latency[100] control[0x831]
[    4.017640] State [21]: core_frequency[583] transition_latency[100] control[0x731]
[    4.017648] State [22]: core_frequency[500] transition_latency[100] control[0x630]
[    4.017828] Num p-states 23
[    4.017845] State [0]: core_frequency[2333] transition_latency[100] control[0x1c52]
[    4.017854] State [1]: core_frequency[2250] transition_latency[100] control[0x1b50]
[    4.017862] State [2]: core_frequency[2166] transition_latency[100] control[0x1a4e]
[    4.017870] State [3]: core_frequency[2083] transition_latency[100] control[0x194c]
[    4.017878] State [4]: core_frequency[2000] transition_latency[100] control[0x1849]
[    4.017886] State [5]: core_frequency[1916] transition_latency[100] control[0x1747]
[    4.017894] State [6]: core_frequency[1833] transition_latency[100] control[0x1645]
[    4.017902] State [7]: core_frequency[1750] transition_latency[100] control[0x1543]
[    4.017910] State [8]: core_frequency[1666] transition_latency[100] control[0x1440]
[    4.017918] State [9]: core_frequency[1583] transition_latency[100] control[0x133e]
[    4.017926] State [10]: core_frequency[1500] transition_latency[100] control[0x123c]
[    4.017933] State [11]: core_frequency[1416] transition_latency[100] control[0x113a]
[    4.017941] State [12]: core_frequency[1333] transition_latency[100] control[0x1037]
[    4.017949] State [13]: core_frequency[1250] transition_latency[100] control[0xf37]
[    4.017957] State [14]: core_frequency[1166] transition_latency[100] control[0xe36]
[    4.017965] State [15]: core_frequency[1083] transition_latency[100] control[0xd35]
[    4.017973] State [16]: core_frequency[1000] transition_latency[100] control[0xc34]
[    4.017981] State [17]: core_frequency[916] transition_latency[100] control[0xb34]
[    4.017988] State [18]: core_frequency[833] transition_latency[100] control[0xa33]
[    4.017996] State [19]: core_frequency[750] transition_latency[100] control[0x932]
[    4.018004] State [20]: core_frequency[666] transition_latency[100] control[0x831]
[    4.018012] State [21]: core_frequency[583] transition_latency[100] control[0x731]
[    4.018020] State [22]: core_frequency[500] transition_latency[100] control[0x630]
[    4.018519] msic_power_btn rpmsg3: Probed mid_pb rpmsg device
[    4.018576] msic_power_btn mid_powerbtn: Probed mid powerbutton devivce
[    4.018760] input: mid_powerbtn as /devices/platform/mid_powerbtn/input/input3
[    4.025323] pmic_ccsm rpmsg4: Probed pmic_ccsm rpmsg device
[    4.025654] pmic_ccsm pmic_ccsm: PMIC-ID: 2
[    4.025869] pmic_ccsm pmic_ccsm: SOC-Internal-USBPHY used
[    4.025899] pmic_ccsm pmic_ccsm: Error reading battery profile from battid frmwrk
[    4.026663] pmic_ccsm pmic_ccsm: CHGRIRQ0=0 SCHGRIRQ0=0 CHGRIRQ1=d SCHGRIRQ1=15
[    4.026677] pmic_ccsm pmic_ccsm: USBID-FLT interrupt received
[    4.026687] pmic_ccsm pmic_ccsm: USB VBUS Detected. Notifying OTG driver
[    4.026990] pmic_ccsm pmic_ccsm: Read USBSRCDETSTATUS val: 86
[    4.027001] pmic_ccsm pmic_ccsm: Charger type after detection complete: 1
[    4.027012] pmic_ccsm pmic_ccsm: Notifying OTG ev:3, evt:0, chrg_type:1, mA:0
[    4.027139] pmic_ccsm pmic_ccsm: Battery Zone changed. Current zone:2, temp:0
[    4.028662] pmic_ccsm pmic_ccsm: set wake up sorce Config REG
[    4.029584] pmic_ccsm pmic_ccsm: CHGRIRQ0=0 SCHGRIRQ0=0 CHGRIRQ1=8 SCHGRIRQ1=15
[    4.029633] pmic_ccsm pmic_ccsm: USBID-FLT interrupt received
[    4.030522] 
[    4.030522] HACK - Before PWR ON - pwr_mask read: reg=0x3f pwr_mask=0x3c3f3ff 
[    4.030566] 
[    4.030566] HACK - pwr_mask read: reg=0x30 pwr_mask=0xff0000ff 
[    4.030597] 
[    4.030597] HACK - pwr_mask read modify write: reg=0x30 pwr_mask=0x0 
[    4.030627] 
[    4.030627] HACK - pwr_mask read: reg=0x36 pwr_mask=0x3c00003c 
[    4.030655] 
[    4.030655] HACK - pwr_mask read modify write: reg=0x36 pwr_mask=0x0 
[    4.030684] 
[    4.030684] HACK - pwr_mask read: reg=0x3c pwr_mask=0x3000003 
[    4.030711] 
[    4.030711] HACK - pwr_mask read modify write: reg=0x3c pwr_mask=0x0 
[    4.030741] 
[    4.030741] HACK - pwr_mask read: reg=0x39 pwr_mask=0x0 
[    4.030768] 
[    4.030768] HACK - pwr_mask read modify write: reg=0x39 pwr_mask=0x0 
[    4.030798] 
[    4.030798] HACK - PR: After PWR ON - pwr_mask read: reg=0x3f pwr_mask=0xc3f3c0 
[    4.030813] [drm] psb - 5.6.0.1202
[    4.030822] [drm] Run drivers on Merrifield platform!
[    4.031013] [TTM] Zone  kernel: Available graphics memory: 1998938 kiB
[    4.031029] [TTM] Initializing pool allocator
[    4.031062] [TTM] Initializing DMA pool allocator
[    4.031255] [DISP] mrst_get_vbt_data, PanelID = 27, Unique ID = C120880F, Panel name = C120880F
[    4.031670] 01 gtt_pages = 0x10000000 
[    4.031687] 02 gtt_pages = 0x1 
[    4.031696] 03 gtt_pages = 0x80 
[    4.031718] GMMADR(region 0) start: 0x80000000 (512M).
[    4.031732] GTT (can map 512M RAM), and actual RAM base 0x7ff80000.
[    4.031740] Stole memory information 
[    4.031748]       base in RAM: 0x7f700000 
[    4.031755]       size: 8700K, calculated by (GTT RAM base) - (Stolen base).
[    4.031819] [drm] mrfld_gtt_init: vram kernel virtual address ffffc90001000000
[    4.031835] Set up 2175 stolen pages starting at 0x0007f700, GTT offset 0K
[    4.038017] Initializing the rest of a total of 131072 gtt pages.
[    4.047476] [drm] PSB GTT mem manager ready, tt_start 2183, tt_size 63353 pages
[    4.047597] pvrsrvkm 0000:00:02.0: setting latency timer to 64
[    4.047655] pvrsrvkm 0000:00:02.0: irq 103 for MSI/MSI-X
[    4.047696] [drm] Supports vblank timestamp caching Rev 1 (10.10.2010).
[    4.047705] [drm] Driver supports precise vblank timestamp query.
[    4.047829] [DISP] nt35596_vid_init
[    4.047839] [DISP] Novatek reset workqueue init!
[    4.048479] [DISP] nt35596_vid_get_config_mode
[    4.048866] [DISP] nt35596_vid_detect
[    4.048944] [DISP] nt35596_vid_dsi_controller_init
[    4.048954] [DISP] TM ER Panel initial cmds registered
[    4.049032] [drm] mdfld_dsi_dsr_init: Video mode panel, disabling DSR
[    4.049070] allocated 1080x1920 fb
[    4.049148] pvrsrvkm 0000:00:02.0: fb0: psbfb frame buffer device
[    4.050050] [DISP] nt35596_vid_reset
[    4.050177] [DEBUG] vpro3 = c3
[    4.065412] [drm] restore some registers to default value
[    4.065551] [drm] setup drain latency
[    4.068592] [DISP] nt35596_vid_drv_ic_init
[    4.250641] [DISP] nt35596_vid_power_on
[    4.262612] [DISP] brightness level = 0
[    4.263073] [drm] setting fifo size, hdmi_suspend: 0
[    4.263198] [drm] setting fifo size, hdmi_suspend: 0
[    4.263315] [drm] setting fifo size, hdmi_suspend: 0
[    4.263529] [DISP] brightness level = 128
[    4.263559] [TTM] TTM_PL_TT heap: start 0x20000000
[    4.263585] [TTM] TT heap size is 268435456
[    4.263638] [TTM] DRM_PSB_MEM_MMU heap: start 0x0
[    4.263670] [TTM] MMU heap size is 536870912
[    4.263678] [TTM] DRM_PSB_MEM_MMU_TILING heap: start 0x30000000
[    4.263690] [TTM] MMU tiling heap size is 65536
[    4.273927] kdispmgr: display manager start.
[    4.273956] kdispmgr: netlink socket created successfully.
[    4.275250] [drm] Initialized pvrsrvkm 8.1.0 2009-03-10 for 0000:00:02.0 on minor 0
[    4.275365] snd_merr_dpcm_rt5647: In snd_mrfld_rpmsg_probe
[    4.275378] snd_merr_dpcm_rt5647 rpmsg7: Probed snd_mrfld rpmsg device
[    4.275382] snd_merr_dpcm_rt5647: Merrifield Machine Driver mrfld_rt5647 registerd
[    4.275498] darren: Read_HW_ID() = 7, Read_PROJ_ID() = 1f.
[    4.275522] snd_merr_dpcm_rt5647: snd_mrfld_mc_probe: gpio_request AUDIO_DEBUG failed!
[    4.312309] Codec driver version 0.1.1 alsa 1.0.25
[    4.312330] rt5647_probe: success
[    4.335734] snd-soc-dummy snd-soc-dummy: ASoC: Failed to create platform debugfs directory
[    4.335777] snd_merr_dpcm_rt5647: mrfld_init: card name: rt5647-audio, snd_card: , codec: ffff880079e11400
[    4.335892] snd_merr_dpcm_rt5647: mrfld_init: hs_gpio array size 3
[    4.336090] mrfld_jack_gpio_pr_detect: enter
[    4.336693] rt5647_headset_detect: jack_type=0
[    4.336703] mrfld_jack_gpio_pr_detect: headset removal, status 0
[    4.336864] mrfld_jack_gpio_pr_detect_bp_up_down: enter
[    4.337168] mrfld_jack_gpio_pr_detect_bp_play: enter
[    4.363580] mrfld_jack_gpio_pr_detect_bp_play: Button unknown
[    4.363739] mrfld_rt5647 mrfld_rt5647:  snd-soc-dummy-dai <-> Headset-cpu-dai mapping ok
[    4.363811] mrfld_rt5647 mrfld_rt5647:  snd-soc-dummy-dai <-> Deepbuffer-cpu-dai mapping ok
[    4.363909] mrfld_rt5647 mrfld_rt5647:  snd-soc-dummy-dai <-> Lowlatency-cpu-dai mapping ok
[    4.363960] compress asoc: snd-soc-dummy-dai <-> Compress-cpu-dai mapping ok
[    4.364064] mrfld_rt5647 mrfld_rt5647:  snd-soc-dummy-dai <-> Voip-cpu-dai mapping ok
[    4.364407] mrfld_rt5647 mrfld_rt5647:  snd-soc-dummy-dai <-> Probe-cpu-dai mapping ok
[    4.364589] mrfld_rt5647 mrfld_rt5647:  rt5647-aif1 <-> ssp2-port mapping ok
[    4.364623] mrfld_rt5647 mrfld_rt5647:  snd-soc-dummy-dai <-> snd-soc-dummy-dai mapping ok
[    4.364655] mrfld_rt5647 mrfld_rt5647:  snd-soc-dummy-dai <-> snd-soc-dummy-dai mapping ok
[    4.367784] rt5647 1-001b: ASoC: mux INR Mux has no paths
[    4.367801] rt5647 1-001b: ASoC: mux INL Mux has no paths
[    4.368738] input: rt5647-audio Intel MID Audio Jack as /devices/platform/mrfld_rt5647/sound/card0/input4
[    4.369266] ALSA device list:
[    4.369277]   #0: rt5647-audio
[    4.369327] Warning: unable to open an initial console.
[    4.370767] Freeing unused kernel memory: 1180k freed
[    4.371200] Write protecting the kernel read-only data: 16384k
[    4.374103] Freeing unused kernel memory: 420k freed
[    4.379412] Freeing unused kernel memory: 1360k freed
[    4.380566] kworker/u8:1 (177) used greatest stack depth: 6824 bytes left
[    4.380690] kworker/u8:1 (176) used greatest stack depth: 6760 bytes left
[    4.381431] init: init started!
[    4.383998] SELinux: 2048 avtab hash slots, 5881 rules.
[    4.385505] SELinux: 2048 avtab hash slots, 5881 rules.
[    4.385518] SELinux:  1 users, 2 roles, 634 types, 0 bools, 1 sens, 1024 cats
[    4.385528] SELinux:  87 classes, 5881 rules
[    4.386327] SELinux:  Completing initialization.
[    4.386339] SELinux:  Setting up existing superblocks.
[    4.386360] SELinux: initialized (dev sysfs, type sysfs), uses genfs_contexts
[    4.386382] SELinux: initialized (dev rootfs, type rootfs), uses genfs_contexts
[    4.386492] SELinux: initialized (dev bdev, type bdev), not configured for labeling
[    4.386513] SELinux: initialized (dev proc, type proc), uses genfs_contexts
[    4.386540] SELinux: initialized (dev tmpfs, type tmpfs), uses transition SIDs
[    4.386564] SELinux: initialized (dev debugfs, type debugfs), uses genfs_contexts
[    4.395681] SELinux: initialized (dev sockfs, type sockfs), uses task SIDs
[    4.395739] SELinux: initialized (dev pipefs, type pipefs), uses task SIDs
[    4.395761] SELinux: initialized (dev anon_inodefs, type anon_inodefs), not configured for labeling
[    4.395783] SELinux: initialized (dev devpts, type devpts), uses transition SIDs
[    4.395810] SELinux: initialized (dev mqueue, type mqueue), uses transition SIDs
[    4.395835] SELinux: initialized (dev selinuxfs, type selinuxfs), uses genfs_contexts
[    4.395890] SELinux: initialized (dev configfs, type configfs), not configured for labeling
[    4.395912] SELinux: initialized (dev sepfs, type sepfs), uses genfs_contexts
[    4.395931] SELinux: initialized (dev tmpfs, type tmpfs), uses transition SIDs
[    4.395960] SELinux: initialized (dev sysfs, type sysfs), uses genfs_contexts
[    4.413900] mrfld_jack_gpio_pr_detect_bp_up_down: enter
[    4.424081] [SMB1357] query_DCPmode_worker +++
[    4.427850] [SMB1357] detect SDP, no action!
[    4.427869] [SMB1357] dcp_count=0, hvdcp_mode=0, dcp_mode=0, chr_suspend_flag=0
[    4.447523] type=1403 audit(1506406911.920:2): policy loaded auid=4294967295 ses=4294967295
[    4.447790] type=1404 audit(1506406911.920:3): enforcing=1 old_enforcing=0 auid=4294967295 ses=4294967295
[    4.494220] init: (Initializing SELinux enforcing took 0.11s.)
[    4.498666] init: init second stage started!
[    4.579855] init: waitpid failed: No child processes
[    4.580991] init: /init.aosp.rc: 726: ignored duplicate definition of service 'media'
[    4.581060] init: /init.aosp.rc: 761: ignored duplicate definition of service 'flash_recovery'
[    4.581106] init: /init.aosp.rc: 781: ignored duplicate definition of service 'keystore'
[    4.581224] init: (Parsing /init.environ.rc took 0.00s.)
[    4.581385] init: (Parsing /init.usb.rc took 0.00s.)
[    4.582348] init: (Parsing /init.watchdog.rc took 0.00s.)
[    4.582410] init: (Parsing /init.firmware.rc took 0.00s.)
[    4.582452] init: could not import file '/init.ksm.rc' from 'init.common.rc'
[    4.582518] init: (Parsing /init.readahead.rc took 0.00s.)
[    4.582572] init: (Parsing /init.dirtybackground.rc took 0.00s.)
[    4.582611] init: could not import file '/init.silentlake.rc' from 'init.common.rc'
[    4.582670] init: (Parsing /init.zram.rc took 0.00s.)
[    4.582697] init: (Parsing init.common.rc took 0.00s.)
[    4.582770] init: could not import file 'init.internal_props.rc' from 'init.debug.rc'
[    4.582840] init: (Parsing init.debug.location.rc took 0.00s.)
[    4.582867] init: (Parsing init.debug.rc took 0.00s.)
[    4.582932] init: (Parsing init.diag.rc took 0.00s.)
[    4.582999] init: (Parsing init.avc.rc took 0.00s.)
[    4.583145] init: (Parsing init.wifi.vendor.rc took 0.00s.)
[    4.583173] init: (Parsing init.wifi.rc took 0.00s.)
[    4.583650] init: (Parsing init.platform.usb.rc took 0.00s.)
[    4.583745] init: (Parsing init.platform.gfx.rc took 0.00s.)
[    4.583855] init: (Parsing init.gps.rc took 0.00s.)
[    4.583918] init: (Parsing init.nfc.rc took 0.00s.)
[    4.583995] init: init.bt.rc: 28: invalid option 'disable'
[    4.584025] init: init.bt.rc: 32: invalid option 'disable'
[    4.584055] init: init.bt.rc: 36: invalid option 'disable'
[    4.584120] init: (Parsing init.bt.vendor.rc took 0.00s.)
[    4.584147] init: (Parsing init.bt.rc took 0.00s.)
[    4.584402] init: (Parsing init.modem.rc took 0.00s.)
[    4.584466] init: (Parsing init.config_init.rc took 0.00s.)
[    4.584522] init: (Parsing init.camera.rc took 0.00s.)
[    4.584748] init: (Parsing init.logtool.rc took 0.00s.)
[    4.584776] init: (Parsing /init.mofd_v1.rc took 0.00s.)
[    4.584990] init: (Parsing /init.usb.configfs.rc took 0.00s.)
[    4.585047] init: (Parsing /init.zygote32.rc took 0.00s.)
[    4.585129] init: (Parsing /init.trace.rc took 0.00s.)
[    4.585155] init: (Parsing /init.aosp.rc took 0.00s.)
[    4.585182] init: (Parsing /init.rc took 0.00s.)
[    4.585320] init: SELinux: Could not get canonical path /adb_keys restorecon: No such file or directory.
[    4.585375] init: Starting service 'ueventd'...
[    4.585818] SELinux: initialized (dev binfmt_misc, type binfmt_misc), uses genfs_contexts
[    4.585954] init: Waiting for /dev/.coldboot_done...
[    4.586840] ueventd: ueventd started!
[    4.806473] ueventd: Coldboot took 0.22s.
[    4.811026] init: Waiting for /dev/.coldboot_done took 0.23s.
[    4.811161] init: /dev/hw_random not found
[    4.811252] keychord: using input dev ftxxxx_ts for fevent
[    4.811267] keychord: using input dev gpio-keys for fevent
[    4.811279] keychord: using input dev mid_powerbtn for fevent
[    4.811291] keychord: using input dev rt5647-audio Intel MID Audio Jack for fevent
[    4.812016] SELinux: initialized (dev cgroup, type cgroup), uses genfs_contexts
[    4.812214] SELinux: initialized (dev tmpfs, type tmpfs), uses transition SIDs
[    4.812440] SELinux: initialized (dev cgroup, type cgroup), uses genfs_contexts
[    4.813255] SELinux: initialized (dev tmpfs, type tmpfs), uses transition SIDs
[    4.815227] init: write_file: Unable to open '/proc/cpu/alignment': No such file or directory
[    4.815362] init: write_file: Unable to open '/proc/sys/kernel/sched_compat_yield': No such file or directory
[    4.816102] SELinux: initialized (dev cgroup, type cgroup), uses genfs_contexts
[    4.816200] init: write_file: Unable to write to '/dev/cpuctl/cpu.shares': Invalid argument
[    4.816706] SELinux: initialized (dev cgroup, type cgroup), uses genfs_contexts
[    4.820701] SELinux: initialized (dev pstore, type pstore), uses genfs_contexts
[    4.820916] init: write_file: Unable to open '/proc/sys/abi/swp': No such file or directory
[    4.821052] init: write_file: Unable to open '/sys/class/graphics/fbcon/cursor_blink': No such file or directory
[    4.824674] init: property 'ro.serialno' doesn't exist while expanding '${ro.serialno}'
[    4.824720] init: cannot expand '${ro.serialno}' while writing to '/sys/class/android_usb/android0/iSerial'
[    4.832566] init: /dev/hw_random not found
[    4.833633] fs_mgr: Warning: unknown flag None
[    4.847803] EXT4-fs (mmcblk0p18): mounted filesystem with ordered data mode. Opts: (null)
[    4.847833] SELinux: initialized (dev mmcblk0p18, type ext4), uses xattr
[    4.847910] fs_mgr: __mount(source=/dev/block/by-name/system,target=/system,type=ext4)=0
[    4.848797] EXT4-fs (mmcblk0p15): Ignoring removed nomblk_io_submit option
[    4.852078] EXT4-fs (mmcblk0p15): mounted filesystem with ordered data mode. Opts: nomblk_io_submit,errors=remount-ro
[    4.852114] SELinux: initialized (dev mmcblk0p15, type ext4), uses xattr
[    4.852188] fs_mgr: check_fs(): mount(/dev/block/by-name/cache,/cache,ext4)=0: Success
[    4.853839] fs_mgr: check_fs(): unmount(/cache) succeeded
[    4.854489] fs_mgr: Running /system/bin/e2fsck on /dev/block/by-name/cache
[    4.883217] ueventd (179) used greatest stack depth: 5760 bytes left
[    4.929882] e2fsck (186) used greatest stack depth: 5040 bytes left
[    4.930010] e2fsck: e2fsck 1.42.9 (28-Dec-2013)
[    4.930010] 
[    4.930058] e2fsck: /dev/block/by-name/cache: clean, 32/16384 files, 2288/65536 blocks
[    4.930058] 
[    4.933760] EXT4-fs (mmcblk0p15): mounted filesystem with ordered data mode. Opts: barrier=1,data=ordered
[    4.933798] SELinux: initialized (dev mmcblk0p15, type ext4), uses xattr
[    4.933869] fs_mgr: __mount(source=/dev/block/by-name/cache,target=/cache,type=ext4)=0
[    4.937316] EXT4-fs (mmcblk0p14): mounted filesystem with ordered data mode. Opts: barrier=1,data=ordered
[    4.937350] SELinux: initialized (dev mmcblk0p14, type ext4), uses xattr
[    4.937414] fs_mgr: __mount(source=/dev/block/by-name/config,target=/config,type=ext4)=0
[    4.937807] EXT4-fs (mmcblk0p19): Ignoring removed nomblk_io_submit option
[    4.942943] EXT4-fs (mmcblk0p19): ext4_orphan_cleanup: deleting unreferenced inode 1553628
[    4.944367] EXT4-fs (mmcblk0p19): ext4_orphan_cleanup: deleting unreferenced inode 1554588
[    4.946302] EXT4-fs (mmcblk0p19): ext4_orphan_cleanup: deleting unreferenced inode 1555076
[    4.946704] EXT4-fs (mmcblk0p19): ext4_orphan_cleanup: deleting unreferenced inode 1555051
[    4.947048] EXT4-fs (mmcblk0p19): ext4_orphan_cleanup: deleting unreferenced inode 1555273
[    4.947380] EXT4-fs (mmcblk0p19): ext4_orphan_cleanup: deleting unreferenced inode 1555042
[    4.947724] EXT4-fs (mmcblk0p19): 6 orphan inodes deleted
[    4.947734] EXT4-fs (mmcblk0p19): recovery complete
[    4.956073] EXT4-fs (mmcblk0p19): mounted filesystem with ordered data mode. Opts: nomblk_io_submit,errors=remount-ro
[    4.956121] SELinux: initialized (dev mmcblk0p19, type ext4), uses xattr
[    4.956198] fs_mgr: check_fs(): mount(/dev/block/by-name/data,/data,ext4)=0: Success
[    4.958147] fs_mgr: check_fs(): unmount(/data) succeeded
[    4.958185] fs_mgr: Running /system/bin/e2fsck on /dev/block/by-name/data
[    4.965084] type=1400 audit(1506406912.440:4): avc:  denied  { getattr } for  pid=194 comm="e2fsck" path="/dev/block/mmcblk0p19" dev="tmpfs" ino=14537 scontext=u:r:fsck:s0 tcontext=u:object_r:block_device:s0 tclass=blk_file permissive=1
[    4.965182] type=1400 audit(1506406912.440:5): avc:  denied  { getattr } for  pid=194 comm="e2fsck" path="/dev/block/mmcblk0p19" dev="tmpfs" ino=14537 scontext=u:r:fsck:s0 tcontext=u:object_r:block_device:s0 tclass=blk_file permissive=1
[    4.965257] type=1400 audit(1506406912.440:6): avc:  denied  { read write } for  pid=194 comm="e2fsck" name="mmcblk0p19" dev="tmpfs" ino=14537 scontext=u:r:fsck:s0 tcontext=u:object_r:block_device:s0 tclass=blk_file permissive=1
[    4.971936] e2fsck: e2fsck 1.42.9 (28-Dec-2013)
[    4.971936] 
[    4.971973] e2fsck: /system/bin/e2fsck: Permission denied while trying to open /dev/block/by-name/data
[    4.971973] 
[    4.971996] e2fsck: You must have r/w access to the filesystem or be root
[    4.971996] 
[    4.972023] e2fsck: e2fsck terminated by exit(8)
[    4.972023] 
[    4.977529] EXT4-fs (mmcblk0p19): mounted filesystem with ordered data mode. Opts: discard,barrier=1,data=ordered,noauto_da_alloc
[    4.977565] SELinux: initialized (dev mmcblk0p19, type ext4), uses xattr
[    4.977628] fs_mgr: __mount(source=/dev/block/by-name/data,target=/data,type=ext4)=0
[    4.981948] EXT4-fs (mmcblk0p12): mounted filesystem with ordered data mode. Opts: barrier=1,data=ordered
[    4.981981] SELinux: initialized (dev mmcblk0p12, type ext4), uses xattr
[    4.982044] fs_mgr: __mount(source=/dev/block/by-name/factory,target=/factory,type=ext4)=0
[    4.985485] SELinux: initialized (dev functionfs, type functionfs), uses genfs_contexts
[    4.985984] init: Starting service 'csts'...
[    4.986324] init: Starting service 'config_init'...
[    4.987586] init: Starting service 'logd'...
